Archive member included because of file (symbol)

/Applications/SEGGER Embedded Studio 2.16a/lib/libc_v6m_t_le_eabi.a(libc_asm.o)
                              Output/nrf51422_xxac_s130 Debug/Obj/pstorage.o (__aeabi_uidivmod)
/Applications/SEGGER Embedded Studio 2.16a/lib/libc_v6m_t_le_eabi.a(libc2.o)
                              Output/nrf51422_xxac_s130 Debug/Obj/device_manager_peripheral.o (memcmp)
/Applications/SEGGER Embedded Studio 2.16a/lib/libc_v6m_t_le_eabi.a(libc2_asm.o)
                              Output/nrf51422_xxac_s130 Debug/Obj/main.o (memcpy)
/Applications/SEGGER Embedded Studio 2.16a/lib/libm_v6m_t_le_eabi.a(libm_asm.o)
                              /Applications/SEGGER Embedded Studio 2.16a/lib/libc_v6m_t_le_eabi.a(libc2.o) (__aeabi_i2f)
/Applications/SEGGER Embedded Studio 2.16a/lib/libm_v6m_t_le_eabi.a(libm2.o)
                              /Applications/SEGGER Embedded Studio 2.16a/lib/libvfprintf_v6m_t_le_eabi.o (frexp)
/Applications/SEGGER Embedded Studio 2.16a/lib/libm_v6m_t_le_eabi.a(libm2_asm.o)
                              /Applications/SEGGER Embedded Studio 2.16a/lib/libm_v6m_t_le_eabi.a(libm2.o) (fabs)

Discarded input sections

 .group         0x00000000        0x8 Output/nrf51422_xxac_s130 Debug/Obj/main.o
 .group         0x00000000        0x8 Output/nrf51422_xxac_s130 Debug/Obj/main.o
 .group         0x00000000        0x8 Output/nrf51422_xxac_s130 Debug/Obj/main.o
 .group         0x00000000        0x8 Output/nrf51422_xxac_s130 Debug/Obj/main.o
 .group         0x00000000        0x8 Output/nrf51422_xxac_s130 Debug/Obj/main.o
 .group         0x00000000        0x8 Output/nrf51422_xxac_s130 Debug/Obj/main.o
 .group         0x00000000        0x8 Output/nrf51422_xxac_s130 Debug/Obj/main.o
 .group         0x00000000        0x8 Output/nrf51422_xxac_s130 Debug/Obj/main.o
 .group         0x00000000        0x8 Output/nrf51422_xxac_s130 Debug/Obj/main.o
 .group         0x00000000        0x8 Output/nrf51422_xxac_s130 Debug/Obj/main.o
 .group         0x00000000        0x8 Output/nrf51422_xxac_s130 Debug/Obj/main.o
 .group         0x00000000        0x8 Output/nrf51422_xxac_s130 Debug/Obj/main.o
 .group         0x00000000        0x8 Output/nrf51422_xxac_s130 Debug/Obj/main.o
 .group         0x00000000        0x8 Output/nrf51422_xxac_s130 Debug/Obj/main.o
 .group         0x00000000        0x8 Output/nrf51422_xxac_s130 Debug/Obj/main.o
 .group         0x00000000        0x8 Output/nrf51422_xxac_s130 Debug/Obj/main.o
 .group         0x00000000        0x8 Output/nrf51422_xxac_s130 Debug/Obj/main.o
 .group         0x00000000        0x8 Output/nrf51422_xxac_s130 Debug/Obj/main.o
 .group         0x00000000        0x8 Output/nrf51422_xxac_s130 Debug/Obj/main.o
 .group         0x00000000        0x8 Output/nrf51422_xxac_s130 Debug/Obj/main.o
 .group         0x00000000        0x8 Output/nrf51422_xxac_s130 Debug/Obj/main.o
 .group         0x00000000        0x8 Output/nrf51422_xxac_s130 Debug/Obj/main.o
 .group         0x00000000        0x8 Output/nrf51422_xxac_s130 Debug/Obj/main.o
 .group         0x00000000        0x8 Output/nrf51422_xxac_s130 Debug/Obj/main.o
 .group         0x00000000        0x8 Output/nrf51422_xxac_s130 Debug/Obj/main.o
 .group         0x00000000        0x8 Output/nrf51422_xxac_s130 Debug/Obj/main.o
 .group         0x00000000        0x8 Output/nrf51422_xxac_s130 Debug/Obj/main.o
 .group         0x00000000        0x8 Output/nrf51422_xxac_s130 Debug/Obj/main.o
 .group         0x00000000        0x8 Output/nrf51422_xxac_s130 Debug/Obj/main.o
 .group         0x00000000        0x8 Output/nrf51422_xxac_s130 Debug/Obj/main.o
 .group         0x00000000        0x8 Output/nrf51422_xxac_s130 Debug/Obj/main.o
 .group         0x00000000        0x8 Output/nrf51422_xxac_s130 Debug/Obj/main.o
 .group         0x00000000        0x8 Output/nrf51422_xxac_s130 Debug/Obj/main.o
 .group         0x00000000        0x8 Output/nrf51422_xxac_s130 Debug/Obj/main.o
 .group         0x00000000        0x8 Output/nrf51422_xxac_s130 Debug/Obj/main.o
 .group         0x00000000        0x8 Output/nrf51422_xxac_s130 Debug/Obj/main.o
 .group         0x00000000        0x8 Output/nrf51422_xxac_s130 Debug/Obj/main.o
 .group         0x00000000        0x8 Output/nrf51422_xxac_s130 Debug/Obj/main.o
 .group         0x00000000        0x8 Output/nrf51422_xxac_s130 Debug/Obj/main.o
 .group         0x00000000        0x8 Output/nrf51422_xxac_s130 Debug/Obj/main.o
 .group         0x00000000        0x8 Output/nrf51422_xxac_s130 Debug/Obj/main.o
 .group         0x00000000        0x8 Output/nrf51422_xxac_s130 Debug/Obj/main.o
 .group         0x00000000        0x8 Output/nrf51422_xxac_s130 Debug/Obj/main.o
 .group         0x00000000        0x8 Output/nrf51422_xxac_s130 Debug/Obj/main.o
 .group         0x00000000        0x8 Output/nrf51422_xxac_s130 Debug/Obj/main.o
 .group         0x00000000        0x8 Output/nrf51422_xxac_s130 Debug/Obj/main.o
 .group         0x00000000        0x8 Output/nrf51422_xxac_s130 Debug/Obj/main.o
[...]
Memory Configuration

Name             Origin             Length             Attributes
UNPLACED_SECTIONS 0xffffffff         0x00000000         xw
RAM              0x20000000         0x00008000         xw
FLASH            0x00000000         0x00040000         xr
*default*        0x00000000         0xffffffff

Linker script and memory map

                0x00025368                __vfprintf = __vfprintf_int_nwp
                0x00000000                __vfscanf = __vfscanf_int
                0x20000000                __RAM_segment_start__ = 0x20000000
                0x20008000                __RAM_segment_end__ = 0x20008000
                0x00008000                __RAM_segment_size__ = 0x8000
                0x00000000                __FLASH_segment_start__ = 0x0
                0x00040000                __FLASH_segment_end__ = 0x40000
                0x00040000                __FLASH_segment_size__ = 0x40000
                0x00000100                __HEAPSIZE__ = 0x100
                0x00000000                __STACKSIZE_ABT__ = 0x0
                0x00000000                __STACKSIZE_FIQ__ = 0x0
                0x00000000                __STACKSIZE_IRQ__ = 0x0
                0x00000000                __STACKSIZE_PROCESS__ = 0x0
                0x00000000                __STACKSIZE_SVC__ = 0x0
                0x00000000                __STACKSIZE_UND__ = 0x0
                0x00000800                __STACKSIZE__ = 0x800
                0x20002080                __vectors_ram_load_start__ = 0x20002080

.vectors_ram    0x20002080        0x0
                0x20002080                __vectors_ram_start__ = .
 *(.vectors_ram .vectors_ram.*)
                0x20002080                __vectors_ram_end__ = (__vectors_ram_start__ + SIZEOF (.vectors_ram))
                0x00000000                __vectors_ram_size__ = SIZEOF (.vectors_ram)
                0x20002080                __vectors_ram_load_end__ = __vectors_ram_end__
                0x00000001                . = ASSERT (((__vectors_ram_start__ == __vectors_ram_end__) || ((__vectors_ram_end__ >= __RAM_segment_start__) && (__vectors_ram_end__ <= __RAM_segment_end__))), error: .vectors_ram is too large to fit in RAM memory segment)
                0x0001b000                __vectors_load_start__ = 0x1b000

.vectors        0x0001b000       0xa8
                0x0001b000                __vectors_start__ = .
 *(.vectors .vectors.*)
 .vectors       0x0001b000       0xa8 Output/nrf51422_xxac_s130 Debug/Obj/nrf51_Vectors.o
                0x0001b000                _vectors
                0x0001b0a8                __vectors_end__ = (__vectors_start__ + SIZEOF (.vectors))
                0x000000a8                __vectors_size__ = SIZEOF (.vectors)
                0x0001b0a8                __vectors_load_end__ = __vectors_end__
                0x00000001                . = ASSERT (((__vectors_start__ == __vectors_end__) || ((__vectors_end__ >= __FLASH_segment_start__) && (__vectors_end__ <= __FLASH_segment_end__))), error: .vectors is too large to fit in FLASH memory segment)
                0x0001b0a8                __init_load_start__ = ALIGN (__vectors_end__, 0x4)

.init           0x0001b0a8      0x2d8
                0x0001b0a8                __init_start__ = .
 *(.init .init.*)
 .init.SystemInit
                0x0001b0a8       0x40 Output/nrf51422_xxac_s130 Debug/Obj/system_nrf51.o
                0x0001b0a8                SystemInit
 .init.is_manual_peripheral_setup_needed
                0x0001b0e8       0x80 Output/nrf51422_xxac_s130 Debug/Obj/system_nrf51.o
 .init.is_disabled_in_debug_needed
                0x0001b168       0x4c Output/nrf51422_xxac_s130 Debug/Obj/system_nrf51.o
 .init          0x0001b1b4      0x158 Output/nrf51422_xxac_s130 Debug/Obj/thumb_crt0.o
                0x0001b1b4                _start
                0x0001b266                exit
 .init          0x0001b30c       0x34 Output/nrf51422_xxac_s130 Debug/Obj/nRF_Startup.o
                0x0001b30c                Reset_Handler
 .init          0x0001b340       0x40 Output/nrf51422_xxac_s130 Debug/Obj/nrf51_Vectors.o
                0x0001b340                NMI_Handler
                0x0001b342                HardFault_Handler
                0x0001b344                SVC_Handler
                0x0001b346                PendSV_Handler
                0x0001b348                SysTick_Handler
                0x0001b34c                POWER_CLOCK_IRQHandler
                0x0001b34e                RADIO_IRQHandler
                0x0001b352                SPI0_TWI0_IRQHandler
                0x0001b354                SPI1_TWI1_IRQHandler
                0x0001b358                ADC_IRQHandler
                0x0001b35a                TIMER0_IRQHandler
                0x0001b35c                TIMER1_IRQHandler
                0x0001b35e                TIMER2_IRQHandler
                0x0001b360                RTC0_IRQHandler
                0x0001b362                TEMP_IRQHandler
                0x0001b364                RNG_IRQHandler
                0x0001b366                ECB_IRQHandler
                0x0001b368                CCM_AAR_IRQHandler
                0x0001b36a                WDT_IRQHandler
                0x0001b36e                QDEC_IRQHandler
                0x0001b370                LPCOMP_IRQHandler
                0x0001b374                SWI1_IRQHandler
                0x0001b378                SWI3_IRQHandler
                0x0001b37a                SWI4_IRQHandler
                0x0001b37c                SWI5_IRQHandler
                0x0001b380                __init_end__ = (__init_start__ + SIZEOF (.init))
                0x000002d8                __init_size__ = SIZEOF (.init)
                0x0001b380                __init_load_end__ = __init_end__
                0x00000001                . = ASSERT (((__init_start__ == __init_end__) || ((__init_end__ >= __FLASH_segment_start__) && (__init_end__ <= __FLASH_segment_end__))), error: .init is too large to fit in FLASH memory segment)
                0x0001b380                __init_rodata_load_start__ = ALIGN (__init_end__, 0x4)

.init_rodata    0x0001b380        0x0
                0x0001b380                __init_rodata_start__ = .
 *(.init_rodata .init_rodata.*)
                0x0001b380                __init_rodata_end__ = (__init_rodata_start__ + SIZEOF (.init_rodata))
                0x00000000                __init_rodata_size__ = SIZEOF (.init_rodata)
                0x0001b380                __init_rodata_load_end__ = __init_rodata_end__
                0x00000001                . = ASSERT (((__init_rodata_start__ == __init_rodata_end__) || ((__init_rodata_end__ >= __FLASH_segment_start__) && (__init_rodata_end__ <= __FLASH_segment_end__))), error: .init_rodata is too large to fit in FLASH memory segment)
                0x0001b380                __text_load_start__ = ALIGN (__init_rodata_end__, 0x4)

.text           0x0001b380     0xa328
                0x0001b380                __text_start__ = .
 *(.text .text.* .glue_7t .glue_7 .gnu.linkonce.t.* .gcc_except_table .ARM.extab* .gnu.linkonce.armextab.*)
 .glue_7        0x00000000        0x0 linker stubs
 .glue_7t       0x00000000        0x0 linker stubs
 .text.sd_ble_gap_disconnect
                0x0001b380        0x8 Output/nrf51422_xxac_s130 Debug/Obj/main.o
 .text.sd_ble_gap_ppcp_set
                0x0001b388        0x8 Output/nrf51422_xxac_s130 Debug/Obj/main.o
 .text.sd_ble_gap_device_name_set
                0x0001b390        0x8 Output/nrf51422_xxac_s130 Debug/Obj/main.o
 .text.nrf_gpio_pin_toggle
                0x0001b398       0x1c Output/nrf51422_xxac_s130 Debug/Obj/main.o
 .text.nrf_gpio_pins_toggle
                0x0001b3b4       0x40 Output/nrf51422_xxac_s130 Debug/Obj/main.o
 .text.sd_power_system_off
                0x0001b3f4        0x8 Output/nrf51422_xxac_s130 Debug/Obj/main.o
 .text.sd_app_evt_wait
                0x0001b3fc        0x8 Output/nrf51422_xxac_s130 Debug/Obj/main.o
 .text.sd_temp_get
                0x0001b404        0x8 Output/nrf51422_xxac_s130 Debug/Obj/main.o
 .text.timer_timeout_handler
                0x0001b40c       0x50 Output/nrf51422_xxac_s130 Debug/Obj/main.o
 .text.timers_init
                0x0001b45c       0x54 Output/nrf51422_xxac_s130 Debug/Obj/main.o
 .text.gap_params_init
                0x0001b4b0       0xb4 Output/nrf51422_xxac_s130 Debug/Obj/main.o
 .text.services_init
                0x0001b564       0x20 Output/nrf51422_xxac_s130 Debug/Obj/main.o
 .text.on_conn_params_evt
                0x0001b584       0x48 Output/nrf51422_xxac_s130 Debug/Obj/main.o
 .text.conn_params_error_handler
                0x0001b5cc       0x20 Output/nrf51422_xxac_s130 Debug/Obj/main.o
 .text.conn_params_init
                0x0001b5ec       0x84 Output/nrf51422_xxac_s130 Debug/Obj/main.o
 .text.application_timers_start
                0x0001b670       0x1c Output/nrf51422_xxac_s130 Debug/Obj/main.o
 .text.sleep_mode_enter
                0x0001b68c       0x84 Output/nrf51422_xxac_s130 Debug/Obj/main.o
 .text.on_adv_evt
                0x0001b710       0x58 Output/nrf51422_xxac_s130 Debug/Obj/main.o
 .text.on_ble_evt
                0x0001b768       0x7c Output/nrf51422_xxac_s130 Debug/Obj/main.o
 .text.ble_evt_dispatch
                0x0001b7e4       0x48 Output/nrf51422_xxac_s130 Debug/Obj/main.o
 .text.sys_evt_dispatch
                0x0001b82c       0x20 Output/nrf51422_xxac_s130 Debug/Obj/main.o
 .text.ble_stack_init
                0x0001b84c      0x14c Output/nrf51422_xxac_s130 Debug/Obj/main.o
 .text.bsp_event_handler
                0x0001b998       0x9c Output/nrf51422_xxac_s130 Debug/Obj/main.o
                0x0001b998                bsp_event_handler
 .text.device_manager_evt_handler
                0x0001ba34       0x38 Output/nrf51422_xxac_s130 Debug/Obj/main.o
 .text.device_manager_init
                0x0001ba6c      0x10c Output/nrf51422_xxac_s130 Debug/Obj/main.o
 .text.advertising_init
                0x0001bb78       0xe4 Output/nrf51422_xxac_s130 Debug/Obj/main.o
 .text.buttons_leds_init
                0x0001bc5c       0x88 Output/nrf51422_xxac_s130 Debug/Obj/main.o
 .text.power_manage
                0x0001bce4       0x34 Output/nrf51422_xxac_s130 Debug/Obj/main.o
 .text.uart_events_handler
                0x0001bd18       0x4c Output/nrf51422_xxac_s130 Debug/Obj/main.o
 .text.uart_config
                0x0001bd64       0x78 Output/nrf51422_xxac_s130 Debug/Obj/main.o
 .text.main     0x0001bddc       0x68 Output/nrf51422_xxac_s130 Debug/Obj/main.o
                0x0001bddc                main
 .text.sd_ble_gatts_service_add
                0x0001be44        0x8 Output/nrf51422_xxac_s130 Debug/Obj/device_info_service.o
 .text.sd_ble_gatts_characteristic_add
                0x0001be4c        0x8 Output/nrf51422_xxac_s130 Debug/Obj/device_info_service.o
 .text.sd_ble_uuid_vs_add
                0x0001be54        0x8 Output/nrf51422_xxac_s130 Debug/Obj/device_info_service.o
 .text.chars_add
                0x0001be5c      0x2a0 Output/nrf51422_xxac_s130 Debug/Obj/device_info_service.o
 .text.divice_info_service_init
                0x0001c0fc       0x9c Output/nrf51422_xxac_s130 Debug/Obj/device_info_service.o
                0x0001c0fc                divice_info_service_init
 .text.sd_ble_gatts_service_add
                0x0001c198        0x8 Output/nrf51422_xxac_s130 Debug/Obj/temperature_Service.o
 .text.sd_ble_gatts_characteristic_add
                0x0001c1a0        0x8 Output/nrf51422_xxac_s130 Debug/Obj/temperature_Service.o
 .text.sd_ble_gatts_hvx
                0x0001c1a8        0x8 Output/nrf51422_xxac_s130 Debug/Obj/temperature_Service.o
 .text.sd_ble_uuid_vs_add
                0x0001c1b0        0x8 Output/nrf51422_xxac_s130 Debug/Obj/temperature_Service.o
 .text.ble_temperature_service_on_ble_evt
                0x0001c1b8       0x34 Output/nrf51422_xxac_s130 Debug/Obj/temperature_Service.o
                0x0001c1b8                ble_temperature_service_on_ble_evt
 .text.data_value_char_add
                0x0001c1ec      0x1e0 Output/nrf51422_xxac_s130 Debug/Obj/temperature_Service.o
 .text.temperature_service_init
                0x0001c3cc       0x70 Output/nrf51422_xxac_s130 Debug/Obj/temperature_Service.o
                0x0001c3cc                temperature_service_init
 .text.termperature_characteristic_update
                0x0001c43c       0x98 Output/nrf51422_xxac_s130 Debug/Obj/temperature_Service.o
                0x0001c43c                termperature_characteristic_update
 .text.bsp_button_is_pressed
                0x0001c4d4       0x54 Output/nrf51422_xxac_s130 Debug/Obj/bsp.o
                0x0001c4d4                bsp_button_is_pressed
 .text.bsp_button_event_handler
                0x0001c528      0x150 Output/nrf51422_xxac_s130 Debug/Obj/bsp.o
 .text.button_timer_handler
                0x0001c678       0x1c Output/nrf51422_xxac_s130 Debug/Obj/bsp.o
 .text.bsp_led_indication
                0x0001c694      0x700 Output/nrf51422_xxac_s130 Debug/Obj/bsp.o
 .text.leds_timer_handler
                0x0001cd94       0x2c Output/nrf51422_xxac_s130 Debug/Obj/bsp.o
 .text.alert_timer_handler
                0x0001cdc0       0x44 Output/nrf51422_xxac_s130 Debug/Obj/bsp.o
 .text.bsp_indication_set
                0x0001ce04       0x38 Output/nrf51422_xxac_s130 Debug/Obj/bsp.o
                0x0001ce04                bsp_indication_set
 .text.bsp_init
                0x0001ce3c      0x128 Output/nrf51422_xxac_s130 Debug/Obj/bsp.o
                0x0001ce3c                bsp_init
 .text.bsp_event_to_button_action_assign
                0x0001cf64       0xa8 Output/nrf51422_xxac_s130 Debug/Obj/bsp.o
                0x0001cf64                bsp_event_to_button_action_assign
 .text.bsp_wakeup_buttons_set
                0x0001d00c       0x84 Output/nrf51422_xxac_s130 Debug/Obj/bsp.o
                0x0001d00c                bsp_wakeup_buttons_set
 .text.connection_buttons_configure
                0x0001d090       0x6c Output/nrf51422_xxac_s130 Debug/Obj/bsp_btn_ble.o
 .text.advertising_buttons_configure
                0x0001d0fc       0x6c Output/nrf51422_xxac_s130 Debug/Obj/bsp_btn_ble.o
 .text.startup_event_extract
                0x0001d168       0x70 Output/nrf51422_xxac_s130 Debug/Obj/bsp_btn_ble.o
 .text.bsp_btn_ble_sleep_mode_prepare
                0x0001d1d8       0x2c Output/nrf51422_xxac_s130 Debug/Obj/bsp_btn_ble.o
                0x0001d1d8                bsp_btn_ble_sleep_mode_prepare
 .text.bsp_btn_ble_on_ble_evt
                0x0001d204       0x90 Output/nrf51422_xxac_s130 Debug/Obj/bsp_btn_ble.o
                0x0001d204                bsp_btn_ble_on_ble_evt
 .text.bsp_btn_ble_init
                0x0001d294       0x54 Output/nrf51422_xxac_s130 Debug/Obj/bsp_btn_ble.o
                0x0001d294                bsp_btn_ble_init
 .text.sd_ble_gap_address_get
                0x0001d2e8        0x8 Output/nrf51422_xxac_s130 Debug/Obj/ble_advdata.o
 .text.sd_ble_gap_adv_data_set
                0x0001d2f0        0x8 Output/nrf51422_xxac_s130 Debug/Obj/ble_advdata.o
 .text.sd_ble_gap_appearance_get
                0x0001d2f8        0x8 Output/nrf51422_xxac_s130 Debug/Obj/ble_advdata.o
 .text.sd_ble_gap_device_name_get
                0x0001d300        0x8 Output/nrf51422_xxac_s130 Debug/Obj/ble_advdata.o
 .text.sd_ble_uuid_encode
                0x0001d308        0x8 Output/nrf51422_xxac_s130 Debug/Obj/ble_advdata.o
 .text.uint16_encode
                0x0001d310       0x34 Output/nrf51422_xxac_s130 Debug/Obj/ble_advdata.o
 .text.tk_value_encode
                0x0001d344       0xb0 Output/nrf51422_xxac_s130 Debug/Obj/ble_advdata.o
 .text.le_role_encode
                0x0001d3f4       0xdc Output/nrf51422_xxac_s130 Debug/Obj/ble_advdata.o
 .text.ble_device_addr_encode
                0x0001d4d0       0xd4 Output/nrf51422_xxac_s130 Debug/Obj/ble_advdata.o
 .text.name_encode
                0x0001d5a4      0x164 Output/nrf51422_xxac_s130 Debug/Obj/ble_advdata.o
 .text.appearance_encode
                0x0001d708       0xa0 Output/nrf51422_xxac_s130 Debug/Obj/ble_advdata.o
 .text.flags_encode
                0x0001d7a8       0x8c Output/nrf51422_xxac_s130 Debug/Obj/ble_advdata.o
 .text.sec_mgr_oob_flags_encode
                0x0001d834       0x8c Output/nrf51422_xxac_s130 Debug/Obj/ble_advdata.o
 .text.tx_power_level_encode
                0x0001d8c0       0x8c Output/nrf51422_xxac_s130 Debug/Obj/ble_advdata.o
 .text.uuid_list_sized_encode
                0x0001d94c      0x1a0 Output/nrf51422_xxac_s130 Debug/Obj/ble_advdata.o
 .text.uuid_list_encode
                0x0001daec       0x88 Output/nrf51422_xxac_s130 Debug/Obj/ble_advdata.o
 .text.conn_int_check
                0x0001db74       0x80 Output/nrf51422_xxac_s130 Debug/Obj/ble_advdata.o
 .text.conn_int_encode
                0x0001dbf4       0xc8 Output/nrf51422_xxac_s130 Debug/Obj/ble_advdata.o
 .text.manuf_specific_data_encode
                0x0001dcbc       0xe8 Output/nrf51422_xxac_s130 Debug/Obj/ble_advdata.o
 .text.service_data_encode
                0x0001dda4      0x11c Output/nrf51422_xxac_s130 Debug/Obj/ble_advdata.o
 .text.adv_data_encode
                0x0001dec0      0x298 Output/nrf51422_xxac_s130 Debug/Obj/ble_advdata.o
                0x0001dec0                adv_data_encode
 .text.advdata_check
                0x0001e158       0x24 Output/nrf51422_xxac_s130 Debug/Obj/ble_advdata.o
 .text.srdata_check
                0x0001e17c       0x20 Output/nrf51422_xxac_s130 Debug/Obj/ble_advdata.o
 .text.ble_advdata_set
                0x0001e19c       0xe0 Output/nrf51422_xxac_s130 Debug/Obj/ble_advdata.o
                0x0001e19c                ble_advdata_set
 .text.sd_ble_gap_adv_start
                0x0001e27c        0x8 Output/nrf51422_xxac_s130 Debug/Obj/ble_advertising.o
 .text.sd_ble_gap_adv_stop
                0x0001e284        0x8 Output/nrf51422_xxac_s130 Debug/Obj/ble_advertising.o
 .text.whitelist_has_entries
                0x0001e28c       0x28 Output/nrf51422_xxac_s130 Debug/Obj/ble_advertising.o
 .text.ble_advertising_peer_address_clear
                0x0001e2b4       0x18 Output/nrf51422_xxac_s130 Debug/Obj/ble_advertising.o
 .text.peer_address_exists
                0x0001e2cc       0x34 Output/nrf51422_xxac_s130 Debug/Obj/ble_advertising.o
 .text.ble_advertising_init
                0x0001e300      0x200 Output/nrf51422_xxac_s130 Debug/Obj/ble_advertising.o
                0x0001e300                ble_advertising_init
 .text.flash_access_in_progress
                0x0001e500       0x58 Output/nrf51422_xxac_s130 Debug/Obj/ble_advertising.o
 .text.ble_advertising_start
                0x0001e558      0x368 Output/nrf51422_xxac_s130 Debug/Obj/ble_advertising.o
                0x0001e558                ble_advertising_start
 .text.ble_advertising_on_ble_evt
                0x0001e8c0      0x140 Output/nrf51422_xxac_s130 Debug/Obj/ble_advertising.o
                0x0001e8c0                ble_advertising_on_ble_evt
 .text.ble_advertising_on_sys_evt
                0x0001ea00       0x60 Output/nrf51422_xxac_s130 Debug/Obj/ble_advertising.o
                0x0001ea00                ble_advertising_on_sys_evt
 .text.ble_advertising_restart_without_whitelist
                0x0001ea60       0xa0 Output/nrf51422_xxac_s130 Debug/Obj/ble_advertising.o
                0x0001ea60                ble_advertising_restart_without_whitelist
 .text.sd_ble_gap_conn_param_update
                0x0001eb00        0x8 Output/nrf51422_xxac_s130 Debug/Obj/ble_conn_params.o
 .text.sd_ble_gap_disconnect
                0x0001eb08        0x8 Output/nrf51422_xxac_s130 Debug/Obj/ble_conn_params.o
 .text.sd_ble_gap_ppcp_set
                0x0001eb10        0x8 Output/nrf51422_xxac_s130 Debug/Obj/ble_conn_params.o
 .text.sd_ble_gap_ppcp_get
                0x0001eb18        0x8 Output/nrf51422_xxac_s130 Debug/Obj/ble_conn_params.o
 .text.uint16_decode
                0x0001eb20       0x28 Output/nrf51422_xxac_s130 Debug/Obj/ble_conn_params.o
 .text.ble_srv_is_notification_enabled
                0x0001eb48       0x30 Output/nrf51422_xxac_s130 Debug/Obj/ble_conn_params.o
 .text.is_conn_params_ok
                0x0001eb78       0x34 Output/nrf51422_xxac_s130 Debug/Obj/ble_conn_params.o
 .text.update_timeout_handler
                0x0001ebac       0xc4 Output/nrf51422_xxac_s130 Debug/Obj/ble_conn_params.o
 .text.ble_conn_params_init
                0x0001ec70       0xac Output/nrf51422_xxac_s130 Debug/Obj/ble_conn_params.o
                0x0001ec70                ble_conn_params_init
 .text.conn_params_negotiation
                0x0001ed1c       0xbc Output/nrf51422_xxac_s130 Debug/Obj/ble_conn_params.o
 .text.on_connect
                0x0001edd8       0x44 Output/nrf51422_xxac_s130 Debug/Obj/ble_conn_params.o
 .text.on_disconnect
                0x0001ee1c       0x50 Output/nrf51422_xxac_s130 Debug/Obj/ble_conn_params.o
 .text.on_write
                0x0001ee6c       0x68 Output/nrf51422_xxac_s130 Debug/Obj/ble_conn_params.o
 .text.on_conn_params_update
                0x0001eed4       0x20 Output/nrf51422_xxac_s130 Debug/Obj/ble_conn_params.o
 .text.ble_conn_params_on_ble_evt
                0x0001eef4       0x50 Output/nrf51422_xxac_s130 Debug/Obj/ble_conn_params.o
                0x0001eef4                ble_conn_params_on_ble_evt
 .text.sd_ble_gap_sec_params_reply
                0x0001ef44        0x8 Output/nrf51422_xxac_s130 Debug/Obj/device_manager_peripheral.o
 .text.sd_ble_gap_sec_info_reply
                0x0001ef4c        0x8 Output/nrf51422_xxac_s130 Debug/Obj/device_manager_peripheral.o
 .text.sd_ble_gatts_service_changed
                0x0001ef54        0x8 Output/nrf51422_xxac_s130 Debug/Obj/device_manager_peripheral.o
 .text.sd_ble_gatts_sys_attr_set
                0x0001ef5c        0x8 Output/nrf51422_xxac_s130 Debug/Obj/device_manager_peripheral.o
 .text.sd_ble_gatts_sys_attr_get
                0x0001ef64        0x8 Output/nrf51422_xxac_s130 Debug/Obj/device_manager_peripheral.o
 .text.update_status_bit_reset
                0x0001ef6c       0x28 Output/nrf51422_xxac_s130 Debug/Obj/device_manager_peripheral.o
 .text.update_status_bit_is_set
                0x0001ef94       0x2c Output/nrf51422_xxac_s130 Debug/Obj/device_manager_peripheral.o
 .text.application_instance_init
                0x0001efc0       0x4c Output/nrf51422_xxac_s130 Debug/Obj/device_manager_peripheral.o
 .text.connection_instance_init
                0x0001f00c       0x68 Output/nrf51422_xxac_s130 Debug/Obj/device_manager_peripheral.o
 .text.peer_instance_init
                0x0001f074       0x9c Output/nrf51422_xxac_s130 Debug/Obj/device_manager_peripheral.o
 .text.connection_instance_find
                0x0001f110       0x90 Output/nrf51422_xxac_s130 Debug/Obj/device_manager_peripheral.o
 .text.device_instance_allocate
                0x0001f1a0       0xdc Output/nrf51422_xxac_s130 Debug/Obj/device_manager_peripheral.o
 .text.device_instance_free
                0x0001f27c       0x54 Output/nrf51422_xxac_s130 Debug/Obj/device_manager_peripheral.o
 .text.device_instance_find
                0x0001f2d0       0x88 Output/nrf51422_xxac_s130 Debug/Obj/device_manager_peripheral.o
 .text.app_evt_notify
                0x0001f358       0x28 Output/nrf51422_xxac_s130 Debug/Obj/device_manager_peripheral.o
 .text.connection_instance_allocate
                0x0001f380       0x50 Output/nrf51422_xxac_s130 Debug/Obj/device_manager_peripheral.o
 .text.connection_instance_free
                0x0001f3d0       0x34 Output/nrf51422_xxac_s130 Debug/Obj/device_manager_peripheral.o
 .text.storage_operation_dummy_handler
                0x0001f404       0x20 Output/nrf51422_xxac_s130 Debug/Obj/device_manager_peripheral.o
 .text.device_context_store
                0x0001f424      0x15c Output/nrf51422_xxac_s130 Debug/Obj/device_manager_peripheral.o
 .text.no_service_context_store
                0x0001f580       0x14 Output/nrf51422_xxac_s130 Debug/Obj/device_manager_peripheral.o
 .text.gatts_context_store
                0x0001f594      0x170 Output/nrf51422_xxac_s130 Debug/Obj/device_manager_peripheral.o
 .text.gattc_context_store
                0x0001f704       0x14 Output/nrf51422_xxac_s130 Debug/Obj/device_manager_peripheral.o
 .text.gattsc_context_store
                0x0001f718       0x3c Output/nrf51422_xxac_s130 Debug/Obj/device_manager_peripheral.o
 .text.no_service_context_load
                0x0001f754       0x14 Output/nrf51422_xxac_s130 Debug/Obj/device_manager_peripheral.o
 .text.gatts_context_load
                0x0001f768       0x70 Output/nrf51422_xxac_s130 Debug/Obj/device_manager_peripheral.o
 .text.gattc_context_load
                0x0001f7d8       0x14 Output/nrf51422_xxac_s130 Debug/Obj/device_manager_peripheral.o
 .text.gattsc_context_load
                0x0001f7ec       0x3c Output/nrf51422_xxac_s130 Debug/Obj/device_manager_peripheral.o
 .text.no_service_context_apply
                0x0001f828       0x14 Output/nrf51422_xxac_s130 Debug/Obj/device_manager_peripheral.o
 .text.gatts_context_apply
                0x0001f83c      0x190 Output/nrf51422_xxac_s130 Debug/Obj/device_manager_peripheral.o
 .text.gattc_context_apply
                0x0001f9cc       0x14 Output/nrf51422_xxac_s130 Debug/Obj/device_manager_peripheral.o
 .text.gattsc_context_apply
                0x0001f9e0       0x30 Output/nrf51422_xxac_s130 Debug/Obj/device_manager_peripheral.o
 .text.dm_pstorage_cb_handler
                0x0001fa10      0x37c Output/nrf51422_xxac_s130 Debug/Obj/device_manager_peripheral.o
 .text.dm_init  0x0001fd8c      0x16c Output/nrf51422_xxac_s130 Debug/Obj/device_manager_peripheral.o
                0x0001fd8c                dm_init
 .text.dm_register
                0x0001fef8       0xd4 Output/nrf51422_xxac_s130 Debug/Obj/device_manager_peripheral.o
                0x0001fef8                dm_register
 .text.dm_handle_initialize
                0x0001ffcc       0x38 Output/nrf51422_xxac_s130 Debug/Obj/device_manager_peripheral.o
                0x0001ffcc                dm_handle_initialize
 .text.bond_data_load
                0x00020004       0x80 Output/nrf51422_xxac_s130 Debug/Obj/device_manager_peripheral.o
                0x00020004                bond_data_load
 .text.dm_ble_evt_handler
                0x00020084      0x944 Output/nrf51422_xxac_s130 Debug/Obj/device_manager_peripheral.o
                0x00020084                dm_ble_evt_handler
 .text.uart_event_handler
                0x000209c8       0xa4 Output/nrf51422_xxac_s130 Debug/Obj/app_uart.o
                0x000209c8                uart_event_handler
 .text.app_uart_init
                0x00020a6c       0xf0 Output/nrf51422_xxac_s130 Debug/Obj/app_uart.o
                0x00020a6c                app_uart_init
 .text.NVIC_EnableIRQ
                0x00020b5c       0x2c Output/nrf51422_xxac_s130 Debug/Obj/nrf_drv_common.o
 .text.NVIC_ClearPendingIRQ
                0x00020b88       0x30 Output/nrf51422_xxac_s130 Debug/Obj/nrf_drv_common.o
 .text.NVIC_SetPriority
                0x00020bb8       0xd4 Output/nrf51422_xxac_s130 Debug/Obj/nrf_drv_common.o
 .text.nrf_drv_common_irq_enable
                0x00020c8c       0x44 Output/nrf51422_xxac_s130 Debug/Obj/nrf_drv_common.o
                0x00020c8c                nrf_drv_common_irq_enable
 .text.nrf_gpiote_event_is_set
                0x00020cd0       0x2c Output/nrf51422_xxac_s130 Debug/Obj/nrf_drv_gpiote.o
 .text.nrf_gpiote_event_clear
                0x00020cfc       0x24 Output/nrf51422_xxac_s130 Debug/Obj/nrf_drv_gpiote.o
 .text.nrf_gpiote_event_addr_get
                0x00020d20       0x24 Output/nrf51422_xxac_s130 Debug/Obj/nrf_drv_gpiote.o
 .text.nrf_gpiote_int_enable
                0x00020d44       0x1c Output/nrf51422_xxac_s130 Debug/Obj/nrf_drv_gpiote.o
 .text.nrf_gpiote_int_is_enabled
                0x00020d60       0x20 Output/nrf51422_xxac_s130 Debug/Obj/nrf_drv_gpiote.o
 .text.nrf_gpiote_event_enable
                0x00020d80       0x30 Output/nrf51422_xxac_s130 Debug/Obj/nrf_drv_gpiote.o
 .text.nrf_gpiote_event_configure
                0x00020db0       0x6c Output/nrf51422_xxac_s130 Debug/Obj/nrf_drv_gpiote.o
 .text.nrf_gpiote_event_pin_get
                0x00020e1c       0x28 Output/nrf51422_xxac_s130 Debug/Obj/nrf_drv_gpiote.o
 .text.nrf_gpiote_event_polarity_get
                0x00020e44       0x2c Output/nrf51422_xxac_s130 Debug/Obj/nrf_drv_gpiote.o
 .text.nrf_gpio_cfg
                0x00020e70       0x5c Output/nrf51422_xxac_s130 Debug/Obj/nrf_drv_gpiote.o
 .text.nrf_gpio_cfg_input
                0x00020ecc       0x30 Output/nrf51422_xxac_s130 Debug/Obj/nrf_drv_gpiote.o
 .text.nrf_gpio_cfg_watcher
                0x00020efc       0x34 Output/nrf51422_xxac_s130 Debug/Obj/nrf_drv_gpiote.o
 .text.nrf_gpio_cfg_sense_set
                0x00020f30       0x5c Output/nrf51422_xxac_s130 Debug/Obj/nrf_drv_gpiote.o
 .text.nrf_gpio_pin_read
                0x00020f8c       0x24 Output/nrf51422_xxac_s130 Debug/Obj/nrf_drv_gpiote.o
 .text.nrf_gpio_pins_read
                0x00020fb0       0x14 Output/nrf51422_xxac_s130 Debug/Obj/nrf_drv_gpiote.o
 .text.nrf_gpio_pin_sense_get
                0x00020fc4       0x28 Output/nrf51422_xxac_s130 Debug/Obj/nrf_drv_gpiote.o
 .text.pin_in_use_by_te
                0x00020fec       0x48 Output/nrf51422_xxac_s130 Debug/Obj/nrf_drv_gpiote.o
 .text.pin_in_use_by_port
                0x00021034       0x30 Output/nrf51422_xxac_s130 Debug/Obj/nrf_drv_gpiote.o
 .text.pin_in_use_by_gpiote
                0x00021064       0x28 Output/nrf51422_xxac_s130 Debug/Obj/nrf_drv_gpiote.o
 .text.pin_in_use_by_te_set
                0x0002108c       0x5c Output/nrf51422_xxac_s130 Debug/Obj/nrf_drv_gpiote.o
 .text.pin_in_use_clear
                0x000210e8       0x20 Output/nrf51422_xxac_s130 Debug/Obj/nrf_drv_gpiote.o
 .text.channel_port_get
                0x00021108       0x24 Output/nrf51422_xxac_s130 Debug/Obj/nrf_drv_gpiote.o
 .text.channel_handler_get
                0x0002112c       0x1c Output/nrf51422_xxac_s130 Debug/Obj/nrf_drv_gpiote.o
 .text.channel_port_alloc
                0x00021148       0x84 Output/nrf51422_xxac_s130 Debug/Obj/nrf_drv_gpiote.o
 .text.channel_free
                0x000211cc       0x40 Output/nrf51422_xxac_s130 Debug/Obj/nrf_drv_gpiote.o
 .text.nrf_drv_gpiote_init
                0x0002120c       0x84 Output/nrf51422_xxac_s130 Debug/Obj/nrf_drv_gpiote.o
                0x0002120c                nrf_drv_gpiote_init
 .text.nrf_drv_gpiote_is_init
                0x00021290       0x1c Output/nrf51422_xxac_s130 Debug/Obj/nrf_drv_gpiote.o
                0x00021290                nrf_drv_gpiote_is_init
 .text.nrf_drv_gpiote_in_init
                0x000212ac       0xd4 Output/nrf51422_xxac_s130 Debug/Obj/nrf_drv_gpiote.o
                0x000212ac                nrf_drv_gpiote_in_init
 .text.nrf_drv_gpiote_in_event_enable
                0x00021380      0x10c Output/nrf51422_xxac_s130 Debug/Obj/nrf_drv_gpiote.o
                0x00021380                nrf_drv_gpiote_in_event_enable
 .text.nrf_drv_gpiote_in_is_set
                0x0002148c       0x20 Output/nrf51422_xxac_s130 Debug/Obj/nrf_drv_gpiote.o
                0x0002148c                nrf_drv_gpiote_in_is_set
 .text.GPIOTE_IRQHandler
                0x000214ac      0x290 Output/nrf51422_xxac_s130 Debug/Obj/nrf_drv_gpiote.o
                0x000214ac                GPIOTE_IRQHandler
 .text.nrf_uart_event_clear
                0x0002173c       0x20 Output/nrf51422_xxac_s130 Debug/Obj/nrf_drv_uart.o
 .text.nrf_uart_event_check
                0x0002175c       0x28 Output/nrf51422_xxac_s130 Debug/Obj/nrf_drv_uart.o
 .text.nrf_uart_int_enable
                0x00021784       0x1c Output/nrf51422_xxac_s130 Debug/Obj/nrf_drv_uart.o
 .text.nrf_uart_int_enable_check
                0x000217a0       0x24 Output/nrf51422_xxac_s130 Debug/Obj/nrf_drv_uart.o
 .text.nrf_uart_int_disable
                0x000217c4       0x1c Output/nrf51422_xxac_s130 Debug/Obj/nrf_drv_uart.o
 .text.nrf_uart_errorsrc_get_and_clear
                0x000217e0       0x28 Output/nrf51422_xxac_s130 Debug/Obj/nrf_drv_uart.o
 .text.nrf_uart_enable
                0x00021808       0x18 Output/nrf51422_xxac_s130 Debug/Obj/nrf_drv_uart.o
 .text.nrf_uart_txrx_pins_set
                0x00021820       0x2c Output/nrf51422_xxac_s130 Debug/Obj/nrf_drv_uart.o
 .text.nrf_uart_hwfc_pins_set
                0x0002184c       0x28 Output/nrf51422_xxac_s130 Debug/Obj/nrf_drv_uart.o
 .text.nrf_uart_rxd_get
                0x00021874       0x1c Output/nrf51422_xxac_s130 Debug/Obj/nrf_drv_uart.o
 .text.nrf_uart_txd_set
                0x00021890       0x24 Output/nrf51422_xxac_s130 Debug/Obj/nrf_drv_uart.o
 .text.nrf_uart_task_trigger
                0x000218b4       0x20 Output/nrf51422_xxac_s130 Debug/Obj/nrf_drv_uart.o
 .text.nrf_uart_configure
                0x000218d4       0x38 Output/nrf51422_xxac_s130 Debug/Obj/nrf_drv_uart.o
 .text.nrf_uart_baudrate_set
                0x0002190c       0x1c Output/nrf51422_xxac_s130 Debug/Obj/nrf_drv_uart.o
 .text.nrf_gpio_cfg
                0x00021928       0x5c Output/nrf51422_xxac_s130 Debug/Obj/nrf_drv_uart.o
 .text.nrf_gpio_cfg_output
                0x00021984       0x24 Output/nrf51422_xxac_s130 Debug/Obj/nrf_drv_uart.o
 .text.nrf_gpio_cfg_input
                0x000219a8       0x30 Output/nrf51422_xxac_s130 Debug/Obj/nrf_drv_uart.o
 .text.nrf_gpio_pin_set
                0x000219d8       0x20 Output/nrf51422_xxac_s130 Debug/Obj/nrf_drv_uart.o
 .text.apply_config
                0x000219f8       0xa4 Output/nrf51422_xxac_s130 Debug/Obj/nrf_drv_uart.o
 .text.interrupts_enable
                0x00021a9c       0x50 Output/nrf51422_xxac_s130 Debug/Obj/nrf_drv_uart.o
 .text.uart_enable
                0x00021aec       0x14 Output/nrf51422_xxac_s130 Debug/Obj/nrf_drv_uart.o
 .text.nrf_drv_uart_init
                0x00021b00       0x7c Output/nrf51422_xxac_s130 Debug/Obj/nrf_drv_uart.o
                0x00021b00                nrf_drv_uart_init
 .text.tx_byte  0x00021b7c       0x50 Output/nrf51422_xxac_s130 Debug/Obj/nrf_drv_uart.o
 .text.rx_enable
                0x00021bcc       0x34 Output/nrf51422_xxac_s130 Debug/Obj/nrf_drv_uart.o
 .text.rx_byte  0x00021c00       0x64 Output/nrf51422_xxac_s130 Debug/Obj/nrf_drv_uart.o
 .text.nrf_drv_uart_rx_for_uart
                0x00021c64      0x14c Output/nrf51422_xxac_s130 Debug/Obj/nrf_drv_uart.o
 .text.nrf_drv_uart_rx
                0x00021db0       0xc0 Output/nrf51422_xxac_s130 Debug/Obj/nrf_drv_uart.o
                0x00021db0                nrf_drv_uart_rx
 .text.nrf_drv_uart_rx_enable
                0x00021e70       0x24 Output/nrf51422_xxac_s130 Debug/Obj/nrf_drv_uart.o
                0x00021e70                nrf_drv_uart_rx_enable
 .text.rx_done_event
                0x00021e94       0x44 Output/nrf51422_xxac_s130 Debug/Obj/nrf_drv_uart.o
 .text.tx_done_event
                0x00021ed8       0x4c Output/nrf51422_xxac_s130 Debug/Obj/nrf_drv_uart.o
 .text.uart_irq_handler
                0x00021f24      0x200 Output/nrf51422_xxac_s130 Debug/Obj/nrf_drv_uart.o
 .text.UART0_IRQHandler
                0x00022124        0xc Output/nrf51422_xxac_s130 Debug/Obj/nrf_drv_uart.o
                0x00022124                UART0_IRQHandler
 .text.pstorage_flash_page_size
                0x00022130       0x14 Output/nrf51422_xxac_s130 Debug/Obj/pstorage.o
 .text.pstorage_flash_page_end
                0x00022144       0x38 Output/nrf51422_xxac_s130 Debug/Obj/pstorage.o
 .text.is_word_aligned
                0x0002217c       0x1c Output/nrf51422_xxac_s130 Debug/Obj/pstorage.o
 .text.sd_flash_write
                0x00022198        0x8 Output/nrf51422_xxac_s130 Debug/Obj/pstorage.o
 .text.sd_flash_page_erase
                0x000221a0        0x8 Output/nrf51422_xxac_s130 Debug/Obj/pstorage.o
 .text.command_queue_element_consume
                0x000221a8       0x3c Output/nrf51422_xxac_s130 Debug/Obj/pstorage.o
 .text.command_end_procedure_run
                0x000221e4       0x34 Output/nrf51422_xxac_s130 Debug/Obj/pstorage.o
 .text.state_idle_entry_run
                0x00022218       0x20 Output/nrf51422_xxac_s130 Debug/Obj/pstorage.o
 .text.app_notify_error_state_transit
                0x00022238       0x38 Output/nrf51422_xxac_s130 Debug/Obj/pstorage.o
 .text.flash_api_err_code_process
                0x00022270       0x38 Output/nrf51422_xxac_s130 Debug/Obj/pstorage.o
 .text.flash_write
                0x000222a8       0x2c Output/nrf51422_xxac_s130 Debug/Obj/pstorage.o
 .text.store_cmd_flash_write_execute
                0x000222d4       0xb0 Output/nrf51422_xxac_s130 Debug/Obj/pstorage.o
 .text.state_store_entry_run
                0x00022384        0xc Output/nrf51422_xxac_s130 Debug/Obj/pstorage.o
 .text.state_data_erase_swap_entry_run
                0x00022390       0xc0 Output/nrf51422_xxac_s130 Debug/Obj/pstorage.o
 .text.flash_page_erase
                0x00022450       0x20 Output/nrf51422_xxac_s130 Debug/Obj/pstorage.o
 .text.state_data_erase_entry_run
                0x00022470       0x18 Output/nrf51422_xxac_s130 Debug/Obj/pstorage.o
 .text.state_entry_action_run
                0x00022488       0x40 Output/nrf51422_xxac_s130 Debug/Obj/pstorage.o
 .text.sm_state_change
                0x000224c8       0x24 Output/nrf51422_xxac_s130 Debug/Obj/pstorage.o
 .text.state_swap_erase_entry_run
                0x000224ec       0x30 Output/nrf51422_xxac_s130 Debug/Obj/pstorage.o
 .text.state_write_data_swap_entry_run
                0x0002251c       0x44 Output/nrf51422_xxac_s130 Debug/Obj/pstorage.o
 .text.state_erase_data_page_entry_run
                0x00022560       0x18 Output/nrf51422_xxac_s130 Debug/Obj/pstorage.o
 .text.state_restore_tail_entry_run
                0x00022578       0x8c Output/nrf51422_xxac_s130 Debug/Obj/pstorage.o
 .text.state_restore_head_entry_run
                0x00022604       0x40 Output/nrf51422_xxac_s130 Debug/Obj/pstorage.o
 .text.swap_sub_state_entry_action_run
                0x00022644       0x20 Output/nrf51422_xxac_s130 Debug/Obj/pstorage.o
 .text.swap_sub_state_state_change
                0x00022664       0x24 Output/nrf51422_xxac_s130 Debug/Obj/pstorage.o
 .text.cmd_queue_element_init
                0x00022688       0x84 Output/nrf51422_xxac_s130 Debug/Obj/pstorage.o
 .text.cmd_queue_init
                0x0002270c       0x38 Output/nrf51422_xxac_s130 Debug/Obj/pstorage.o
 .text.cmd_queue_enqueue
                0x00022744       0xe4 Output/nrf51422_xxac_s130 Debug/Obj/pstorage.o
 .text.cmd_queue_dequeue
                0x00022828       0x18 Output/nrf51422_xxac_s130 Debug/Obj/pstorage.o
 .text.app_notify
                0x00022840       0x54 Output/nrf51422_xxac_s130 Debug/Obj/pstorage.o
 .text.is_tail_data_page_swap_required
                0x00022894       0x84 Output/nrf51422_xxac_s130 Debug/Obj/pstorage.o
 .text.clear_post_processing_run
                0x00022918       0x38 Output/nrf51422_xxac_s130 Debug/Obj/pstorage.o
 .text.swap_sub_sm_exit_action_run
                0x00022950        0xc Output/nrf51422_xxac_s130 Debug/Obj/pstorage.o
 .text.is_page_erase_required
                0x0002295c       0x90 Output/nrf51422_xxac_s130 Debug/Obj/pstorage.o
 .text.swap_sub_state_err_busy_process
                0x000229ec       0x28 Output/nrf51422_xxac_s130 Debug/Obj/pstorage.o
 .text.head_restore_state_run
                0x00022a14       0x70 Output/nrf51422_xxac_s130 Debug/Obj/pstorage.o
 .text.tail_restore_state_run
                0x00022a84       0x20 Output/nrf51422_xxac_s130 Debug/Obj/pstorage.o
 .text.data_page_erase_state_run
                0x00022aa4       0x84 Output/nrf51422_xxac_s130 Debug/Obj/pstorage.o
 .text.data_to_swap_write_state_run
                0x00022b28       0x38 Output/nrf51422_xxac_s130 Debug/Obj/pstorage.o
 .text.swap_erase_state_run
                0x00022b60       0x24 Output/nrf51422_xxac_s130 Debug/Obj/pstorage.o
 .text.swap_sub_state_sm_run
                0x00022b84       0x20 Output/nrf51422_xxac_s130 Debug/Obj/pstorage.o
 .text.main_state_err_busy_process
                0x00022ba4       0x28 Output/nrf51422_xxac_s130 Debug/Obj/pstorage.o
 .text.erase_sub_state_sm_run
                0x00022bcc       0x50 Output/nrf51422_xxac_s130 Debug/Obj/pstorage.o
 .text.store_sub_state_sm_run
                0x00022c1c       0x64 Output/nrf51422_xxac_s130 Debug/Obj/pstorage.o
 .text.flash_operation_success_run
                0x00022c80       0x30 Output/nrf51422_xxac_s130 Debug/Obj/pstorage.o
 .text.flash_operation_failure_run
                0x00022cb0       0x4c Output/nrf51422_xxac_s130 Debug/Obj/pstorage.o
 .text.pstorage_sys_event_handler
                0x00022cfc       0x50 Output/nrf51422_xxac_s130 Debug/Obj/pstorage.o
                0x00022cfc                pstorage_sys_event_handler
 .text.tail_word_size_calculate
                0x00022d4c       0x94 Output/nrf51422_xxac_s130 Debug/Obj/pstorage.o
 .text.clear_operation_execute
                0x00022de0      0x194 Output/nrf51422_xxac_s130 Debug/Obj/pstorage.o
 .text.store_operation_execute
                0x00022f74       0x10 Output/nrf51422_xxac_s130 Debug/Obj/pstorage.o
 .text.update_operation_execute
                0x00022f84        0xc Output/nrf51422_xxac_s130 Debug/Obj/pstorage.o
 .text.cmd_process
                0x00022f90       0x58 Output/nrf51422_xxac_s130 Debug/Obj/pstorage.o
 .text.pstorage_init
                0x00022fe8       0xc4 Output/nrf51422_xxac_s130 Debug/Obj/pstorage.o
                0x00022fe8                pstorage_init
 .text.pstorage_register
                0x000230ac      0x184 Output/nrf51422_xxac_s130 Debug/Obj/pstorage.o
                0x000230ac                pstorage_register
 .text.pstorage_block_identifier_get
                0x00023230       0xf8 Output/nrf51422_xxac_s130 Debug/Obj/pstorage.o
                0x00023230                pstorage_block_identifier_get
 .text.pstorage_store
                0x00023328      0x164 Output/nrf51422_xxac_s130 Debug/Obj/pstorage.o
                0x00023328                pstorage_store
 .text.pstorage_update
                0x0002348c      0x164 Output/nrf51422_xxac_s130 Debug/Obj/pstorage.o
                0x0002348c                pstorage_update
 .text.pstorage_load
                0x000235f0      0x18c Output/nrf51422_xxac_s130 Debug/Obj/pstorage.o
                0x000235f0                pstorage_load
 .text.pstorage_clear
                0x0002377c      0x1a4 Output/nrf51422_xxac_s130 Debug/Obj/pstorage.o
                0x0002377c                pstorage_clear
 .text.pstorage_access_status_get
                0x00023920       0x3c Output/nrf51422_xxac_s130 Debug/Obj/pstorage.o
                0x00023920                pstorage_access_status_get
 .text.detection_delay_timeout_handler
                0x0002395c       0xe4 Output/nrf51422_xxac_s130 Debug/Obj/app_button.o
 .text.gpiote_event_handler
                0x00023a40       0xa4 Output/nrf51422_xxac_s130 Debug/Obj/app_button.o
 .text.app_button_init
                0x00023ae4      0x10c Output/nrf51422_xxac_s130 Debug/Obj/app_button.o
                0x00023ae4                app_button_init
 .text.app_button_enable
                0x00023bf0       0x44 Output/nrf51422_xxac_s130 Debug/Obj/app_button.o
                0x00023bf0                app_button_enable
 .text.app_error_handler
                0x00023c34       0x74 Output/nrf51422_xxac_s130 Debug/Obj/app_error.o
                0x00023c34                app_error_handler
 .text.app_error_save_and_stop
                0x00023ca8       0xa4 Output/nrf51422_xxac_s130 Debug/Obj/app_error.o
                0x00023ca8                app_error_save_and_stop
 .text.app_error_fault_handler
                0x00023d4c       0x28 Output/nrf51422_xxac_s130 Debug/Obj/app_error_weak.o
                0x00023d4c                app_error_fault_handler
 .text.NVIC_EnableIRQ
                0x00023d74       0x2c Output/nrf51422_xxac_s130 Debug/Obj/app_timer.o
 .text.NVIC_DisableIRQ
                0x00023da0       0x30 Output/nrf51422_xxac_s130 Debug/Obj/app_timer.o
 .text.NVIC_SetPendingIRQ
                0x00023dd0       0x30 Output/nrf51422_xxac_s130 Debug/Obj/app_timer.o
 .text.NVIC_ClearPendingIRQ
                0x00023e00       0x30 Output/nrf51422_xxac_s130 Debug/Obj/app_timer.o
 .text.NVIC_SetPriority
                0x00023e30       0xd4 Output/nrf51422_xxac_s130 Debug/Obj/app_timer.o
 .text.NVIC_GetPriority
                0x00023f04       0x78 Output/nrf51422_xxac_s130 Debug/Obj/app_timer.o
 .text.is_word_aligned
                0x00023f7c       0x1c Output/nrf51422_xxac_s130 Debug/Obj/app_timer.o
 .text.current_int_priority_get
                0x00023f98       0x3c Output/nrf51422_xxac_s130 Debug/Obj/app_timer.o
 .text.rtc1_init
                0x00023fd4       0x24 Output/nrf51422_xxac_s130 Debug/Obj/app_timer.o
 .text.rtc1_start
                0x00023ff8       0x68 Output/nrf51422_xxac_s130 Debug/Obj/app_timer.o
 .text.rtc1_stop
                0x00024060       0x98 Output/nrf51422_xxac_s130 Debug/Obj/app_timer.o
 .text.rtc1_counter_get
                0x000240f8       0x18 Output/nrf51422_xxac_s130 Debug/Obj/app_timer.o
 .text.ticks_diff_get
                0x00024110       0x1c Output/nrf51422_xxac_s130 Debug/Obj/app_timer.o
 .text.rtc1_compare0_set
                0x0002412c       0x1c Output/nrf51422_xxac_s130 Debug/Obj/app_timer.o
 .text.timer_list_insert
                0x00024148       0xb0 Output/nrf51422_xxac_s130 Debug/Obj/app_timer.o
 .text.timer_list_remove
                0x000241f8       0xa0 Output/nrf51422_xxac_s130 Debug/Obj/app_timer.o
 .text.timer_timeouts_check_sched
                0x00024298       0x10 Output/nrf51422_xxac_s130 Debug/Obj/app_timer.o
 .text.timer_list_handler_sched
                0x000242a8       0x10 Output/nrf51422_xxac_s130 Debug/Obj/app_timer.o
 .text.timeout_handler_exec
                0x000242b8       0x64 Output/nrf51422_xxac_s130 Debug/Obj/app_timer.o
 .text.timer_timeouts_check
                0x0002431c       0xc8 Output/nrf51422_xxac_s130 Debug/Obj/app_timer.o
 .text.elapsed_ticks_acquire
                0x000243e4       0x7c Output/nrf51422_xxac_s130 Debug/Obj/app_timer.o
 .text.list_deletions_handler
                0x00024460       0xec Output/nrf51422_xxac_s130 Debug/Obj/app_timer.o
 .text.expired_timers_handler
                0x0002454c       0x98 Output/nrf51422_xxac_s130 Debug/Obj/app_timer.o
 .text.list_insertions_handler
                0x000245e4      0x194 Output/nrf51422_xxac_s130 Debug/Obj/app_timer.o
 .text.compare_reg_update
                0x00024778       0xe4 Output/nrf51422_xxac_s130 Debug/Obj/app_timer.o
 .text.timer_list_handler
                0x0002485c       0x94 Output/nrf51422_xxac_s130 Debug/Obj/app_timer.o
 .text.user_op_enque
                0x000248f0       0x1c Output/nrf51422_xxac_s130 Debug/Obj/app_timer.o
 .text.user_op_alloc
                0x0002490c       0x68 Output/nrf51422_xxac_s130 Debug/Obj/app_timer.o
 .text.timer_start_op_schedule
                0x00024974       0x84 Output/nrf51422_xxac_s130 Debug/Obj/app_timer.o
 .text.timer_stop_op_schedule
                0x000249f8       0x64 Output/nrf51422_xxac_s130 Debug/Obj/app_timer.o
 .text.RTC1_IRQHandler
                0x00024a5c       0x4c Output/nrf51422_xxac_s130 Debug/Obj/app_timer.o
                0x00024a5c                RTC1_IRQHandler
 .text.SWI0_IRQHandler
                0x00024aa8        0xc Output/nrf51422_xxac_s130 Debug/Obj/app_timer.o
                0x00024aa8                SWI0_IRQHandler
 .text.app_timer_init
                0x00024ab4      0x108 Output/nrf51422_xxac_s130 Debug/Obj/app_timer.o
                0x00024ab4                app_timer_init
 .text.app_timer_create
                0x00024bbc       0x6c Output/nrf51422_xxac_s130 Debug/Obj/app_timer.o
                0x00024bbc                app_timer_create
 .text.user_id_get
                0x00024c28       0x34 Output/nrf51422_xxac_s130 Debug/Obj/app_timer.o
 .text.app_timer_start
                0x00024c5c       0x70 Output/nrf51422_xxac_s130 Debug/Obj/app_timer.o
                0x00024c5c                app_timer_start
 .text.app_timer_stop
                0x00024ccc       0x50 Output/nrf51422_xxac_s130 Debug/Obj/app_timer.o
                0x00024ccc                app_timer_stop
 .text.fs_queued_op_count_get
                0x00024d1c       0x28 Output/nrf51422_xxac_s130 Debug/Obj/fstorage.o
                0x00024d1c                fs_queued_op_count_get
 .text.NVIC_EnableIRQ
                0x00024d44       0x2c Output/nrf51422_xxac_s130 Debug/Obj/softdevice_handler.o
 .text.NVIC_GetPriority
                0x00024d70       0x78 Output/nrf51422_xxac_s130 Debug/Obj/softdevice_handler.o
 .text.sd_evt_get
                0x00024de8        0x8 Output/nrf51422_xxac_s130 Debug/Obj/softdevice_handler.o
 .text.sd_softdevice_enable
                0x00024df0        0x8 Output/nrf51422_xxac_s130 Debug/Obj/softdevice_handler.o
 .text.is_word_aligned
                0x00024df8       0x1c Output/nrf51422_xxac_s130 Debug/Obj/softdevice_handler.o
 .text.sd_ble_enable
                0x00024e14        0x8 Output/nrf51422_xxac_s130 Debug/Obj/softdevice_handler.o
 .text.sd_ble_evt_get
                0x00024e1c        0x8 Output/nrf51422_xxac_s130 Debug/Obj/softdevice_handler.o
 .text.__sd_nvic_app_accessible_irq
                0x00024e24       0x3c Output/nrf51422_xxac_s130 Debug/Obj/softdevice_handler.o
 .text.__sd_nvic_is_app_accessible_priority
                0x00024e60       0x2c Output/nrf51422_xxac_s130 Debug/Obj/softdevice_handler.o
 .text.sd_nvic_EnableIRQ
                0x00024e8c       0x98 Output/nrf51422_xxac_s130 Debug/Obj/softdevice_handler.o
 .text.softdevice_fault_handler
                0x00024f24       0x24 Output/nrf51422_xxac_s130 Debug/Obj/softdevice_handler.o
                0x00024f24                softdevice_fault_handler
 .text.intern_softdevice_events_execute
                0x00024f48      0x114 Output/nrf51422_xxac_s130 Debug/Obj/softdevice_handler.o
                0x00024f48                intern_softdevice_events_execute
 .text.softdevice_handler_init
                0x0002505c       0x8c Output/nrf51422_xxac_s130 Debug/Obj/softdevice_handler.o
                0x0002505c                softdevice_handler_init
 .text.softdevice_ble_evt_handler_set
                0x000250e8       0x28 Output/nrf51422_xxac_s130 Debug/Obj/softdevice_handler.o
                0x000250e8                softdevice_ble_evt_handler_set
 .text.softdevice_sys_evt_handler_set
                0x00025110       0x28 Output/nrf51422_xxac_s130 Debug/Obj/softdevice_handler.o
                0x00025110                softdevice_sys_evt_handler_set
 .text.SWI2_IRQHandler
                0x00025138       0x4c Output/nrf51422_xxac_s130 Debug/Obj/softdevice_handler.o
                0x00025138                SWI2_IRQHandler
 .text.sd_check_ram_start
                0x00025184       0x28 Output/nrf51422_xxac_s130 Debug/Obj/softdevice_handler.o
                0x00025184                sd_check_ram_start
 .text.softdevice_enable
                0x000251ac       0x30 Output/nrf51422_xxac_s130 Debug/Obj/softdevice_handler.o
                0x000251ac                softdevice_enable
 .text.__printf_lock
                0x000251dc        0x2 Output/nrf51422_xxac_s130 Debug/Obj/thumb_crt0.o
                0x000251dc                __printf_lock
 .text.__printf_unlock
                0x000251de        0x2 Output/nrf51422_xxac_s130 Debug/Obj/thumb_crt0.o
                0x000251de                __printf_unlock
 .text.__putchar
                0x000251e0        0x8 Output/nrf51422_xxac_s130 Debug/Obj/thumb_crt0.o
                0x000251e0                __putchar
 .text.libc.__int32_div
                0x000251e8       0x64 /Applications/SEGGER Embedded Studio 2.16a/lib/libc_v6m_t_le_eabi.a(libc_asm.o)
                0x000251e8                __aeabi_idiv
                0x000251e8                __int32_div
                0x000251e8                __divsi3
                0x00025224                __udivsi3
                0x00025224                __uint32_div
                0x00025224                __aeabi_uidiv
 .text.libc.__aeabi_uidivmod
                0x0002524c       0x2c /Applications/SEGGER Embedded Studio 2.16a/lib/libc_v6m_t_le_eabi.a(libc_asm.o)
                0x0002524c                __int32_udivmod
                0x0002524c                __aeabi_uidivmod
 .text.libc.__putc
                0x00025278       0x3c /Applications/SEGGER Embedded Studio 2.16a/lib/libc_v6m_t_le_eabi.a(libc2.o)
                0x00025278                __putc
 .text.libc.memcmp
                0x000252b4       0x38 /Applications/SEGGER Embedded Studio 2.16a/lib/libc_v6m_t_le_eabi.a(libc2.o)
                0x000252b4                memcmp
 .text.libc.printf
                0x000252ec       0x40 /Applications/SEGGER Embedded Studio 2.16a/lib/libc_v6m_t_le_eabi.a(libc2.o)
                0x000252ec                printf
 .text.libc.memcpy
                0x0002532c       0x18 /Applications/SEGGER Embedded Studio 2.16a/lib/libc_v6m_t_le_eabi.a(libc2_asm.o)
                0x0002532c                memcpy
                0x0002532c                __aeabi_memcpy
                0x0002532c                __aeabi_memcpy4
                0x0002532c                __aeabi_memcpy8
 .text.libc.memset
                0x00025344       0x14 /Applications/SEGGER Embedded Studio 2.16a/lib/libc_v6m_t_le_eabi.a(libc2_asm.o)
                0x00025344                memset
 .text.libc.strlen
                0x00025358       0x10 /Applications/SEGGER Embedded Studio 2.16a/lib/libc_v6m_t_le_eabi.a(libc2_asm.o)
                0x00025358                strlen
 .text.libc.__vfprintf_int_nwp
                0x00025368      0x340 /Applications/SEGGER Embedded Studio 2.16a/lib/libvfprintf_v6m_t_le_eabi.o
                0x00025368                __vfprintf_int_nwp
                0x000256a8                __text_end__ = (__text_start__ + SIZEOF (.text))
                0x0000a328                __text_size__ = SIZEOF (.text)
                0x000256a8                __text_load_end__ = __text_end__

.vfp11_veneer   0x00000000        0x0
 .vfp11_veneer  0x00000000        0x0 linker stubs

.v4_bx          0x00000000        0x0
 .v4_bx         0x00000000        0x0 linker stubs

.iplt           0x00000000        0x0
 .iplt          0x00000000        0x0 Output/nrf51422_xxac_s130 Debug/Obj/main.o
                0x00000001                . = ASSERT (((__text_start__ == __text_end__) || ((__text_end__ >= __FLASH_segment_start__) && (__text_end__ <= __FLASH_segment_end__))), error: .text is too large to fit in FLASH memory segment)
                0x000256a8                __dtors_load_start__ = ALIGN (__text_end__, 0x4)

.dtors          0x000256a8        0x0
                0x000256a8                __dtors_start__ = .
 *(SORT(.dtors.*))
 *(.dtors)
 *(.fini_array)
 *(SORT(.fini_array.*))
                0x000256a8                __dtors_end__ = (__dtors_start__ + SIZEOF (.dtors))
                0x00000000                __dtors_size__ = SIZEOF (.dtors)
                0x000256a8                __dtors_load_end__ = __dtors_end__
                0x00000001                . = ASSERT (((__dtors_start__ == __dtors_end__) || ((__dtors_end__ >= __FLASH_segment_start__) && (__dtors_end__ <= __FLASH_segment_end__))), error: .dtors is too large to fit in FLASH memory segment)
                0x000256a8                __ctors_load_start__ = ALIGN (__dtors_end__, 0x4)

.ctors          0x000256a8        0x0
                0x000256a8                __ctors_start__ = .
 *(SORT(.ctors.*))
 *(.ctors)
 *(.init_array)
 *(SORT(.init_array.*))
                0x000256a8                __ctors_end__ = (__ctors_start__ + SIZEOF (.ctors))
                0x00000000                __ctors_size__ = SIZEOF (.ctors)
                0x000256a8                __ctors_load_end__ = __ctors_end__
                0x00000001                . = ASSERT (((__ctors_start__ == __ctors_end__) || ((__ctors_end__ >= __FLASH_segment_start__) && (__ctors_end__ <= __FLASH_segment_end__))), error: .ctors is too large to fit in FLASH memory segment)
                0x000256a8                __rodata_load_start__ = ALIGN (__ctors_end__, 0x4)

.rodata         0x000256a8      0xa90
                0x000256a8                __rodata_start__ = .
 *(.rodata .rodata.* .gnu.linkonce.r.*)
 .rodata.m_our_char_timer_id
                0x000256a8        0x4 Output/nrf51422_xxac_s130 Debug/Obj/main.o
 .rodata        0x000256ac       0xb4 Output/nrf51422_xxac_s130 Debug/Obj/main.o
 .rodata        0x00025760      0x10c Output/nrf51422_xxac_s130 Debug/Obj/device_info_service.o
 .rodata        0x0002586c       0xc4 Output/nrf51422_xxac_s130 Debug/Obj/temperature_Service.o
 .rodata.m_leds_timer_id
                0x00025930        0x4 Output/nrf51422_xxac_s130 Debug/Obj/bsp.o
 .rodata.m_alert_timer_id
                0x00025934        0x4 Output/nrf51422_xxac_s130 Debug/Obj/bsp.o
 .rodata.m_button_timer_id
                0x00025938        0x4 Output/nrf51422_xxac_s130 Debug/Obj/bsp.o
 .rodata.m_buttons_list
                0x0002593c       0x10 Output/nrf51422_xxac_s130 Debug/Obj/bsp.o
 .rodata.app_buttons
                0x0002594c       0x20 Output/nrf51422_xxac_s130 Debug/Obj/bsp.o
 .rodata.bsp_led_indication
                0x0002596c       0x60 Output/nrf51422_xxac_s130 Debug/Obj/bsp.o
 .rodata.m_conn_params_timer_id
                0x000259cc        0x4 Output/nrf51422_xxac_s130 Debug/Obj/ble_conn_params.o
 .rodata.m_service_context_store
                0x000259d0       0x10 Output/nrf51422_xxac_s130 Debug/Obj/device_manager_peripheral.o
                0x000259d0                m_service_context_store
 .rodata.m_service_context_load
                0x000259e0       0x10 Output/nrf51422_xxac_s130 Debug/Obj/device_manager_peripheral.o
                0x000259e0                m_service_context_load
 .rodata.m_service_context_apply
                0x000259f0       0x10 Output/nrf51422_xxac_s130 Debug/Obj/device_manager_peripheral.o
                0x000259f0                m_service_context_apply
 .rodata.m_context_init_len
                0x00025a00        0x4 Output/nrf51422_xxac_s130 Debug/Obj/device_manager_peripheral.o
                0x00025a00                m_context_init_len
 .rodata        0x00025a04       0xd3 Output/nrf51422_xxac_s130 Debug/Obj/device_manager_peripheral.o
 *fill*         0x00025ad7        0x1 
 .rodata.dm_ble_evt_handler
                0x00025ad8      0x10c Output/nrf51422_xxac_s130 Debug/Obj/device_manager_peripheral.o
 .rodata        0x00025be4       0x20 Output/nrf51422_xxac_s130 Debug/Obj/app_uart.o
 .rodata.m_default_config
                0x00025c04       0x20 Output/nrf51422_xxac_s130 Debug/Obj/nrf_drv_uart.o
 .rodata.swap_sub_state_sm_lut.5826
                0x00025c24       0x14 Output/nrf51422_xxac_s130 Debug/Obj/pstorage.o
 .rodata.swap_sub_state_sm_lut.5901
                0x00025c38       0x14 Output/nrf51422_xxac_s130 Debug/Obj/pstorage.o
 .rodata.m_detection_delay_timer_id
                0x00025c4c        0x4 Output/nrf51422_xxac_s130 Debug/Obj/app_button.o
 .rodata        0x00025c50       0x3b Output/nrf51422_xxac_s130 Debug/Obj/app_error.o
 *fill*         0x00025c8b        0x1 
 .rodata        0x00025c8c       0xc0 Output/nrf51422_xxac_s130 Debug/Obj/app_timer.o
 .rodata        0x00025d4c       0xde Output/nrf51422_xxac_s130 Debug/Obj/softdevice_handler.o
 *fill*         0x00025e2a        0x2 
 .rodata.libc.__RAL_hex_uc
                0x00025e2c       0x10 /Applications/SEGGER Embedded Studio 2.16a/lib/libc_v6m_t_le_eabi.a(libc2.o)
                0x00025e2c                __RAL_hex_uc
 .rodata.libc.__RAL_hex_lc
                0x00025e3c       0x10 /Applications/SEGGER Embedded Studio 2.16a/lib/libc_v6m_t_le_eabi.a(libc2.o)
                0x00025e3c                __RAL_hex_lc
 .rodata.libc.__vfprintf_int_nwp
                0x00025e4c      0x2ec /Applications/SEGGER Embedded Studio 2.16a/lib/libvfprintf_v6m_t_le_eabi.o
                0x00026138                __rodata_end__ = (__rodata_start__ + SIZEOF (.rodata))
                0x00000a90                __rodata_size__ = SIZEOF (.rodata)
                0x00026138                __rodata_load_end__ = __rodata_end__

.rel.dyn        0x00000000        0x0
 .rel.iplt      0x00000000        0x0 Output/nrf51422_xxac_s130 Debug/Obj/main.o
                0x00000001                . = ASSERT (((__rodata_start__ == __rodata_end__) || ((__rodata_end__ >= __FLASH_segment_start__) && (__rodata_end__ <= __FLASH_segment_end__))), error: .rodata is too large to fit in FLASH memory segment)
                0x00026138                __ARM.exidx_load_start__ = ALIGN (__rodata_end__, 0x4)

.ARM.exidx      0x00026138        0x0
                0x00026138                __ARM.exidx_start__ = .
                0x00026138                __exidx_start = __ARM.exidx_start__
 *(.ARM.exidx .ARM.exidx.*)
                0x00026138                __ARM.exidx_end__ = (__ARM.exidx_start__ + SIZEOF (.ARM.exidx))
                0x00000000                __ARM.exidx_size__ = SIZEOF (.ARM.exidx)
                0x00026138                __exidx_end = __ARM.exidx_end__
                0x00026138                __ARM.exidx_load_end__ = __ARM.exidx_end__
                0x00000001                . = ASSERT (((__ARM.exidx_start__ == __ARM.exidx_end__) || ((__ARM.exidx_end__ >= __FLASH_segment_start__) && (__ARM.exidx_end__ <= __FLASH_segment_end__))), error: .ARM.exidx is too large to fit in FLASH memory segment)
                0x00026138                __fast_load_start__ = ALIGN (__ARM.exidx_end__, 0x4)

.fast           0x20002080        0x0 load address 0x00026138
                0x20002080                __fast_start__ = .
 *(.fast .fast.*)
                0x20002080                __fast_end__ = (__fast_start__ + SIZEOF (.fast))
                0x00000000                __fast_size__ = SIZEOF (.fast)
                0x00026138                __fast_load_end__ = (__fast_load_start__ + SIZEOF (.fast))
                0x00000001                . = ASSERT (((__fast_load_start__ == __fast_load_end__) || ((__fast_load_end__ >= __FLASH_segment_start__) && (__fast_load_end__ <= __FLASH_segment_end__))), error: .fast is too large to fit in FLASH memory segment)

.fast_run       0x20002080        0x0
                0x20002080                __fast_run_start__ = .
                0x20002080                . = MAX ((__fast_run_start__ + SIZEOF (.fast)), .)
                0x20002080                __fast_run_end__ = (__fast_run_start__ + SIZEOF (.fast_run))
                0x00000000                __fast_run_size__ = SIZEOF (.fast_run)
                0x20002080                __fast_run_load_end__ = __fast_run_end__
                0x00000001                . = ASSERT (((__fast_run_start__ == __fast_run_end__) || ((__fast_run_end__ >= __RAM_segment_start__) && (__fast_run_end__ <= __RAM_segment_end__))), error: .fast_run is too large to fit in RAM memory segment)
                0x00026138                __data_load_start__ = ALIGN ((__fast_load_start__ + SIZEOF (.fast)), 0x4)

.data           0x20002080        0x4 load address 0x00026138
                0x20002080                __data_start__ = .
 *(.data .data.* .gnu.linkonce.d.*)
 .data.m_conn_handle
                0x20002080        0x2 Output/nrf51422_xxac_s130 Debug/Obj/main.o
 .data.current_slave_link_conn_handle.6603
                0x20002082        0x2 Output/nrf51422_xxac_s130 Debug/Obj/ble_advertising.o
                0x20002084                __data_end__ = (__data_start__ + SIZEOF (.data))
                0x00000004                __data_size__ = SIZEOF (.data)
                0x0002613c                __data_load_end__ = (__data_load_start__ + SIZEOF (.data))

.igot.plt       0x00000000        0x0
 .igot.plt      0x00000000        0x0 Output/nrf51422_xxac_s130 Debug/Obj/main.o
                0x00000001                . = ASSERT (((__data_load_start__ == __data_load_end__) || ((__data_load_end__ >= __FLASH_segment_start__) && (__data_load_end__ <= __FLASH_segment_end__))), error: .data is too large to fit in FLASH memory segment)

.data_run       0x20002080        0x4 load address 0x00026138
                0x20002080                __data_run_start__ = .
                0x20002084                . = MAX ((__data_run_start__ + SIZEOF (.data)), .)
 *fill*         0x20002080        0x4 
                0x20002084                __data_run_end__ = (__data_run_start__ + SIZEOF (.data_run))
                0x00000004                __data_run_size__ = SIZEOF (.data_run)
                0x20002084                __data_run_load_end__ = __data_run_end__
                0x00000001                . = ASSERT (((__data_run_start__ == __data_run_end__) || ((__data_run_end__ >= __RAM_segment_start__) && (__data_run_end__ <= __RAM_segment_end__))), error: .data_run is too large to fit in RAM memory segment)
                0x0002613c                __tdata_load_start__ = ALIGN ((__data_load_start__ + SIZEOF (.data)), 0x4)

.tdata          0x20002084        0x0 load address 0x0002613c
                0x20002084                __tdata_start__ = .
 *(.tdata .tdata.*)
                0x20002084                __tdata_end__ = (__tdata_start__ + SIZEOF (.tdata))
                0x00000000                __tdata_size__ = SIZEOF (.tdata)
                0x0002613c                __tdata_load_end__ = (__tdata_load_start__ + SIZEOF (.tdata))
                0x0002613c                __FLASH_segment_used_end__ = (ALIGN ((__data_load_start__ + SIZEOF (.data)), 0x4) + SIZEOF (.tdata))
                0x0002613c                __FLASH_segment_used_size__ = (__FLASH_segment_used_end__ - __FLASH_segment_start__)
                0x00000001                . = ASSERT (((__tdata_load_start__ == __tdata_load_end__) || ((__tdata_load_end__ >= __FLASH_segment_start__) && (__tdata_load_end__ <= __FLASH_segment_end__))), error: .tdata is too large to fit in FLASH memory segment)

.tdata_run      0x20002084        0x0
                0x20002084                __tdata_run_start__ = .
                0x20002084                . = MAX ((__tdata_run_start__ + SIZEOF (.tdata)), .)
                0x20002084                __tdata_run_end__ = (__tdata_run_start__ + SIZEOF (.tdata_run))
                0x00000000                __tdata_run_size__ = SIZEOF (.tdata_run)
                0x20002084                __tdata_run_load_end__ = __tdata_run_end__
                0x00000001                . = ASSERT (((__tdata_run_start__ == __tdata_run_end__) || ((__tdata_run_end__ >= __RAM_segment_start__) && (__tdata_run_end__ <= __RAM_segment_end__))), error: .tdata_run is too large to fit in RAM memory segment)
                0x20002084                __bss_load_start__ = ALIGN (__tdata_run_end__, 0x4)

.bss            0x20002084      0x948
                0x20002084                __bss_start__ = .
 *(.bss .bss.* .gnu.linkonce.b.*)
 .bss.m_app_handle
                0x20002084        0x1 Output/nrf51422_xxac_s130 Debug/Obj/main.o
 *fill*         0x20002085        0x3 
 .bss.device_info_service
                0x20002088        0xa Output/nrf51422_xxac_s130 Debug/Obj/main.o
                0x20002088                device_info_service
 *fill*         0x20002092        0x2 
 .bss.temperature_service
                0x20002094       0x1c Output/nrf51422_xxac_s130 Debug/Obj/main.o
                0x20002094                temperature_service
 .bss.m_our_char_timer_id_data
                0x200020b0       0x20 Output/nrf51422_xxac_s130 Debug/Obj/main.o
 .bss.time.7737
                0x200020d0        0x4 Output/nrf51422_xxac_s130 Debug/Obj/main.o
 .bss.previous_temperature.7736
                0x200020d4        0x4 Output/nrf51422_xxac_s130 Debug/Obj/main.o
 .bss.APP_TIMER_BUF.7741
                0x200020d8      0x1c8 Output/nrf51422_xxac_s130 Debug/Obj/main.o
 .bss.BLE_EVT_BUFFER.7808
                0x200022a0       0x48 Output/nrf51422_xxac_s130 Debug/Obj/main.o
 .bss.rx_buf.7877
                0x200022e8        0x1 Output/nrf51422_xxac_s130 Debug/Obj/main.o
 *fill*         0x200022e9        0x3 
 .bss.tx_buf.7878
                0x200022ec      0x100 Output/nrf51422_xxac_s130 Debug/Obj/main.o
 .bss.m_stable_state
                0x200023ec        0x1 Output/nrf51422_xxac_s130 Debug/Obj/bsp.o
 *fill*         0x200023ed        0x3 
 .bss.m_app_ticks_per_100ms
                0x200023f0        0x4 Output/nrf51422_xxac_s130 Debug/Obj/bsp.o
 .bss.m_indication_type
                0x200023f4        0x4 Output/nrf51422_xxac_s130 Debug/Obj/bsp.o
 .bss.m_alert_mask
                0x200023f8        0x4 Output/nrf51422_xxac_s130 Debug/Obj/bsp.o
 .bss.m_leds_timer_id_data
                0x200023fc       0x20 Output/nrf51422_xxac_s130 Debug/Obj/bsp.o
 .bss.m_alert_timer_id_data
                0x2000241c       0x20 Output/nrf51422_xxac_s130 Debug/Obj/bsp.o
 .bss.m_registered_callback
                0x2000243c        0x4 Output/nrf51422_xxac_s130 Debug/Obj/bsp.o
 .bss.m_events_list
                0x20002440        0xc Output/nrf51422_xxac_s130 Debug/Obj/bsp.o
 .bss.m_button_timer_id_data
                0x2000244c       0x20 Output/nrf51422_xxac_s130 Debug/Obj/bsp.o
 .bss.current_long_push_pin_no.5453
                0x2000246c        0x1 Output/nrf51422_xxac_s130 Debug/Obj/bsp.o
 *fill*         0x2000246d        0x3 
 .bss.release_event_at_push.5454
                0x20002470        0x4 Output/nrf51422_xxac_s130 Debug/Obj/bsp.o
 .bss.m_error_handler
                0x20002474        0x4 Output/nrf51422_xxac_s130 Debug/Obj/bsp_btn_ble.o
 .bss.m_num_connections
                0x20002478        0x4 Output/nrf51422_xxac_s130 Debug/Obj/bsp_btn_ble.o
 .bss.m_advertising_start_pending
                0x2000247c        0x1 Output/nrf51422_xxac_s130 Debug/Obj/ble_advertising.o
 *fill*         0x2000247d        0x3 
 .bss.m_peer_address
                0x20002480        0x7 Output/nrf51422_xxac_s130 Debug/Obj/ble_advertising.o
 *fill*         0x20002487        0x1 
 .bss.m_advdata
                0x20002488       0x38 Output/nrf51422_xxac_s130 Debug/Obj/ble_advertising.o
 .bss.m_adv_evt
                0x200024c0        0x1 Output/nrf51422_xxac_s130 Debug/Obj/ble_advertising.o
 *fill*         0x200024c1        0x3 
 .bss.m_evt_handler
                0x200024c4        0x4 Output/nrf51422_xxac_s130 Debug/Obj/ble_advertising.o
 .bss.m_error_handler
                0x200024c8        0x4 Output/nrf51422_xxac_s130 Debug/Obj/ble_advertising.o
 .bss.m_adv_mode_current
                0x200024cc        0x1 Output/nrf51422_xxac_s130 Debug/Obj/ble_advertising.o
 *fill*         0x200024cd        0x3 
 .bss.m_adv_modes_config
                0x200024d0       0x24 Output/nrf51422_xxac_s130 Debug/Obj/ble_advertising.o
 .bss.m_whitelist
                0x200024f4       0x10 Output/nrf51422_xxac_s130 Debug/Obj/ble_advertising.o
 .bss.mp_whitelist_addr
                0x20002504       0x20 Output/nrf51422_xxac_s130 Debug/Obj/ble_advertising.o
 .bss.mp_whitelist_irk
                0x20002524       0x20 Output/nrf51422_xxac_s130 Debug/Obj/ble_advertising.o
 .bss.m_whitelist_temporarily_disabled
                0x20002544        0x1 Output/nrf51422_xxac_s130 Debug/Obj/ble_advertising.o
 .bss.m_whitelist_reply_expected
                0x20002545        0x1 Output/nrf51422_xxac_s130 Debug/Obj/ble_advertising.o
 .bss.m_peer_addr_reply_expected
                0x20002546        0x1 Output/nrf51422_xxac_s130 Debug/Obj/ble_advertising.o
 *fill*         0x20002547        0x1 
 .bss.m_manuf_specific_data
                0x20002548        0xc Output/nrf51422_xxac_s130 Debug/Obj/ble_advertising.o
 .bss.m_manuf_data_array
                0x20002554       0x1f Output/nrf51422_xxac_s130 Debug/Obj/ble_advertising.o
 *fill*         0x20002573        0x1 
 .bss.m_service_data
                0x20002574        0xc Output/nrf51422_xxac_s130 Debug/Obj/ble_advertising.o
 .bss.m_service_data_array
                0x20002580       0x1f Output/nrf51422_xxac_s130 Debug/Obj/ble_advertising.o
 *fill*         0x2000259f        0x1 
 .bss.m_slave_conn_int
                0x200025a0        0x4 Output/nrf51422_xxac_s130 Debug/Obj/ble_advertising.o
 .bss.m_tx_power_level
                0x200025a4        0x1 Output/nrf51422_xxac_s130 Debug/Obj/ble_advertising.o
 *fill*         0x200025a5        0x3 
 .bss.m_conn_params_config
                0x200025a8       0x1c Output/nrf51422_xxac_s130 Debug/Obj/ble_conn_params.o
 .bss.m_preferred_conn_params
                0x200025c4        0x8 Output/nrf51422_xxac_s130 Debug/Obj/ble_conn_params.o
 .bss.m_update_count
                0x200025cc        0x1 Output/nrf51422_xxac_s130 Debug/Obj/ble_conn_params.o
 *fill*         0x200025cd        0x1 
 .bss.m_conn_handle
                0x200025ce        0x2 Output/nrf51422_xxac_s130 Debug/Obj/ble_conn_params.o
 .bss.m_current_conn_params
                0x200025d0        0x8 Output/nrf51422_xxac_s130 Debug/Obj/ble_conn_params.o
 .bss.m_conn_params_timer_id_data
                0x200025d8       0x20 Output/nrf51422_xxac_s130 Debug/Obj/ble_conn_params.o
 .bss.m_change_param
                0x200025f8        0x1 Output/nrf51422_xxac_s130 Debug/Obj/ble_conn_params.o
 *fill*         0x200025f9        0x3 
 .bss.m_app_context_table
                0x200025fc       0x1c Output/nrf51422_xxac_s130 Debug/Obj/device_manager_peripheral.o
 .bss.m_peer_table
                0x20002618       0xc4 Output/nrf51422_xxac_s130 Debug/Obj/device_manager_peripheral.o
 .bss.m_bond_table
                0x200026dc       0x1c Output/nrf51422_xxac_s130 Debug/Obj/device_manager_peripheral.o
 .bss.m_gatts_table
                0x200026f8       0x24 Output/nrf51422_xxac_s130 Debug/Obj/device_manager_peripheral.o
 .bss.m_connection_table
                0x2000271c        0xc Output/nrf51422_xxac_s130 Debug/Obj/device_manager_peripheral.o
 .bss.m_application_table
                0x20002728        0xc Output/nrf51422_xxac_s130 Debug/Obj/device_manager_peripheral.o
 .bss.m_storage_handle
                0x20002734        0x8 Output/nrf51422_xxac_s130 Debug/Obj/device_manager_peripheral.o
 .bss.m_peer_addr_update
                0x2000273c        0x4 Output/nrf51422_xxac_s130 Debug/Obj/device_manager_peripheral.o
 .bss.m_local_id_info
                0x20002740       0x17 Output/nrf51422_xxac_s130 Debug/Obj/device_manager_peripheral.o
 .bss.m_module_initialized
                0x20002757        0x1 Output/nrf51422_xxac_s130 Debug/Obj/device_manager_peripheral.o
 .bss.m_irk_index_table
                0x20002758        0x7 Output/nrf51422_xxac_s130 Debug/Obj/device_manager_peripheral.o
 *fill*         0x2000275f        0x1 
 .bss.rx_buffer
                0x20002760        0x1 Output/nrf51422_xxac_s130 Debug/Obj/app_uart.o
 .bss.rx_done   0x20002761        0x1 Output/nrf51422_xxac_s130 Debug/Obj/app_uart.o
 *fill*         0x20002762        0x2 
 .bss.m_event_handler
                0x20002764        0x4 Output/nrf51422_xxac_s130 Debug/Obj/app_uart.o
 .bss.m_cb      0x20002768       0x48 Output/nrf51422_xxac_s130 Debug/Obj/nrf_drv_gpiote.o
 .bss.m_cb      0x200027b0       0x1c Output/nrf51422_xxac_s130 Debug/Obj/nrf_drv_uart.o
 .bss.m_cmd_queue
                0x200027cc       0xcc Output/nrf51422_xxac_s130 Debug/Obj/pstorage.o
 .bss.m_next_app_instance
                0x20002898        0x2 Output/nrf51422_xxac_s130 Debug/Obj/pstorage.o
 *fill*         0x2000289a        0x2 
 .bss.m_next_page_addr
                0x2000289c        0x4 Output/nrf51422_xxac_s130 Debug/Obj/pstorage.o
 .bss.m_state   0x200028a0        0x1 Output/nrf51422_xxac_s130 Debug/Obj/pstorage.o
 .bss.m_swap_sub_state
                0x200028a1        0x1 Output/nrf51422_xxac_s130 Debug/Obj/pstorage.o
 *fill*         0x200028a2        0x2 
 .bss.m_head_word_size
                0x200028a4        0x4 Output/nrf51422_xxac_s130 Debug/Obj/pstorage.o
 .bss.m_tail_word_size
                0x200028a8        0x4 Output/nrf51422_xxac_s130 Debug/Obj/pstorage.o
 .bss.m_current_page_id
                0x200028ac        0x4 Output/nrf51422_xxac_s130 Debug/Obj/pstorage.o
 .bss.m_num_of_command_retries
                0x200028b0        0x4 Output/nrf51422_xxac_s130 Debug/Obj/pstorage.o
 .bss.m_app_table
                0x200028b4       0x18 Output/nrf51422_xxac_s130 Debug/Obj/pstorage.o
 .bss.m_num_of_bytes_written
                0x200028cc        0x4 Output/nrf51422_xxac_s130 Debug/Obj/pstorage.o
 .bss.m_app_data_size
                0x200028d0        0x4 Output/nrf51422_xxac_s130 Debug/Obj/pstorage.o
 .bss.m_flags   0x200028d4        0x4 Output/nrf51422_xxac_s130 Debug/Obj/pstorage.o
 .bss.mp_buttons
                0x200028d8        0x4 Output/nrf51422_xxac_s130 Debug/Obj/app_button.o
 .bss.m_button_count
                0x200028dc        0x1 Output/nrf51422_xxac_s130 Debug/Obj/app_button.o
 *fill*         0x200028dd        0x3 
 .bss.m_detection_delay
                0x200028e0        0x4 Output/nrf51422_xxac_s130 Debug/Obj/app_button.o
 .bss.m_detection_delay_timer_id_data
                0x200028e4       0x20 Output/nrf51422_xxac_s130 Debug/Obj/app_button.o
 .bss.m_pin_state
                0x20002904        0x4 Output/nrf51422_xxac_s130 Debug/Obj/app_button.o
 .bss.m_pin_transition
                0x20002908        0x4 Output/nrf51422_xxac_s130 Debug/Obj/app_button.o
 .bss.m_error_data.5401
                0x2000290c       0x20 Output/nrf51422_xxac_s130 Debug/Obj/app_error.o
 .bss.m_user_array_size
                0x2000292c        0x1 Output/nrf51422_xxac_s130 Debug/Obj/app_timer.o
 *fill*         0x2000292d        0x3 
 .bss.mp_users  0x20002930        0x4 Output/nrf51422_xxac_s130 Debug/Obj/app_timer.o
 .bss.mp_timer_id_head
                0x20002934        0x4 Output/nrf51422_xxac_s130 Debug/Obj/app_timer.o
 .bss.m_ticks_latest
                0x20002938        0x4 Output/nrf51422_xxac_s130 Debug/Obj/app_timer.o
 .bss.m_ticks_elapsed
                0x2000293c        0x8 Output/nrf51422_xxac_s130 Debug/Obj/app_timer.o
 .bss.m_ticks_elapsed_q_read_ind
                0x20002944        0x1 Output/nrf51422_xxac_s130 Debug/Obj/app_timer.o
 .bss.m_ticks_elapsed_q_write_ind
                0x20002945        0x1 Output/nrf51422_xxac_s130 Debug/Obj/app_timer.o
 *fill*         0x20002946        0x2 
 .bss.m_evt_schedule_func
                0x20002948        0x4 Output/nrf51422_xxac_s130 Debug/Obj/app_timer.o
 .bss.m_rtc1_running
                0x2000294c        0x1 Output/nrf51422_xxac_s130 Debug/Obj/app_timer.o
 .bss.m_rtc1_reset
                0x2000294d        0x1 Output/nrf51422_xxac_s130 Debug/Obj/app_timer.o
 *fill*         0x2000294e        0x2 
 .bss.m_queue   0x20002950       0x58 Output/nrf51422_xxac_s130 Debug/Obj/fstorage.o
 .bss.nrf_nvic_state
                0x200029a8        0x8 Output/nrf51422_xxac_s130 Debug/Obj/softdevice_handler.o
                0x200029a8                nrf_nvic_state
 .bss.m_evt_schedule_func
                0x200029b0        0x4 Output/nrf51422_xxac_s130 Debug/Obj/softdevice_handler.o
 .bss.m_softdevice_enabled
                0x200029b4        0x1 Output/nrf51422_xxac_s130 Debug/Obj/softdevice_handler.o
 *fill*         0x200029b5        0x3 
 .bss.mp_ble_evt_buffer
                0x200029b8        0x4 Output/nrf51422_xxac_s130 Debug/Obj/softdevice_handler.o
 .bss.m_ble_evt_buffer_size
                0x200029bc        0x2 Output/nrf51422_xxac_s130 Debug/Obj/softdevice_handler.o
 *fill*         0x200029be        0x2 
 .bss.m_ble_evt_handler
                0x200029c0        0x4 Output/nrf51422_xxac_s130 Debug/Obj/softdevice_handler.o
 .bss.m_sys_evt_handler
                0x200029c4        0x4 Output/nrf51422_xxac_s130 Debug/Obj/softdevice_handler.o
 .bss.libc.__user_format_extender
                0x200029c8        0x4 /Applications/SEGGER Embedded Studio 2.16a/lib/libc_v6m_t_le_eabi.a(libc2.o)
                0x200029c8                __user_format_extender
 *(COMMON)
                0x200029cc                __bss_end__ = (__bss_start__ + SIZEOF (.bss))
                0x00000948                __bss_size__ = SIZEOF (.bss)
                0x200029cc                __bss_load_end__ = __bss_end__
                0x00000001                . = ASSERT (((__bss_start__ == __bss_end__) || ((__bss_end__ >= __RAM_segment_start__) && (__bss_end__ <= __RAM_segment_end__))), error: .bss is too large to fit in RAM memory segment)
                0x200029cc                __tbss_load_start__ = ALIGN (__bss_end__, 0x4)

.tbss           0x200029cc        0x0
                0x200029cc                __tbss_start__ = .
 *(.tbss .tbss.*)
                0x200029cc                __tbss_end__ = (__tbss_start__ + SIZEOF (.tbss))
                0x00000000                __tbss_size__ = SIZEOF (.tbss)
                0x200029cc                __tbss_load_end__ = __tbss_end__
                0x00000001                . = ASSERT (((__tbss_start__ == __tbss_end__) || ((__tbss_end__ >= __RAM_segment_start__) && (__tbss_end__ <= __RAM_segment_end__))), error: .tbss is too large to fit in RAM memory segment)
                0x200029cc                __non_init_load_start__ = ALIGN (__tbss_end__, 0x4)

.non_init       0x200029cc        0x0
                0x200029cc                __non_init_start__ = .
 *(.non_init .non_init.*)
                0x200029cc                __non_init_end__ = (__non_init_start__ + SIZEOF (.non_init))
                0x00000000                __non_init_size__ = SIZEOF (.non_init)
                0x200029cc                __non_init_load_end__ = __non_init_end__
                0x00000001                . = ASSERT (((__non_init_start__ == __non_init_end__) || ((__non_init_end__ >= __RAM_segment_start__) && (__non_init_end__ <= __RAM_segment_end__))), error: .non_init is too large to fit in RAM memory segment)
                0x200029cc                __heap_load_start__ = ALIGN (__non_init_end__, 0x4)

.heap           0x200029cc      0x100
                0x200029cc                __heap_start__ = .
 *(.heap .heap.*)
                0x20002acc                . = ALIGN (MAX ((__heap_start__ + __HEAPSIZE__), .), 0x4)
 *fill*         0x200029cc      0x100 
                0x20002acc                __heap_end__ = (__heap_start__ + SIZEOF (.heap))
                0x00000100                __heap_size__ = SIZEOF (.heap)
                0x20002acc                __heap_load_end__ = __heap_end__
                0x00000001                . = ASSERT (((__heap_start__ == __heap_end__) || ((__heap_end__ >= __RAM_segment_start__) && (__heap_end__ <= __RAM_segment_end__))), error: .heap is too large to fit in RAM memory segment)
                0x20007800                __stack_load_start__ = (__RAM_segment_end__ - 0x800)

.stack          0x20007800      0x800
                0x20007800                __stack_start__ = .
 *(.stack .stack.*)
                0x20008000                . = ALIGN (MAX ((__stack_start__ + __STACKSIZE__), .), 0x8)
 *fill*         0x20007800      0x800 
                0x20008000                __stack_end__ = (__stack_start__ + SIZEOF (.stack))
                0x00000800                __stack_size__ = SIZEOF (.stack)
                0x20008000                __stack_load_end__ = __stack_end__
                0x00000001                . = ASSERT (((__stack_start__ == __stack_end__) || ((__stack_end__ >= __RAM_segment_start__) && (__stack_end__ <= __RAM_segment_end__))), error: .stack is too large to fit in RAM memory segment)
                0x20008000                __stack_process_load_start__ = ALIGN (__stack_end__, 0x8)

.stack_process  0x20008000        0x0
                0x20008000                __stack_process_start__ = .
 *(.stack_process .stack_process.*)
                0x20008000                . = ALIGN (MAX ((__stack_process_start__ + __STACKSIZE_PROCESS__), .), 0x8)
                0x20008000                __stack_process_end__ = (__stack_process_start__ + SIZEOF (.stack_process))
                0x00000000                __stack_process_size__ = SIZEOF (.stack_process)
                0x20008000                __stack_process_load_end__ = __stack_process_end__
                0x20008000                __RAM_segment_used_end__ = (ALIGN (__stack_end__, 0x8) + SIZEOF (.stack_process))
                0x00008000                __RAM_segment_used_size__ = (__RAM_segment_used_end__ - __RAM_segment_start__)
                0x00000001                . = ASSERT (((__stack_process_start__ == __stack_process_end__) || ((__stack_process_end__ >= __RAM_segment_start__) && (__stack_process_end__ <= __RAM_segment_end__))), error: .stack_process is too large to fit in RAM memory segment)
START GROUP
LOAD Output/nrf51422_xxac_s130 Debug/Obj/main.o
LOAD Output/nrf51422_xxac_s130 Debug/Obj/our_service.o
LOAD Output/nrf51422_xxac_s130 Debug/Obj/device_info_service.o
LOAD Output/nrf51422_xxac_s130 Debug/Obj/temperature_Service.o
LOAD Output/nrf51422_xxac_s130 Debug/Obj/bsp.o
LOAD Output/nrf51422_xxac_s130 Debug/Obj/bsp_btn_ble.o
LOAD Output/nrf51422_xxac_s130 Debug/Obj/ble_advdata.o
LOAD Output/nrf51422_xxac_s130 Debug/Obj/ble_advertising.o
LOAD Output/nrf51422_xxac_s130 Debug/Obj/ble_conn_params.o
LOAD Output/nrf51422_xxac_s130 Debug/Obj/ble_srv_common.o
LOAD Output/nrf51422_xxac_s130 Debug/Obj/device_manager_peripheral.o
LOAD Output/nrf51422_xxac_s130 Debug/Obj/app_uart.o
LOAD Output/nrf51422_xxac_s130 Debug/Obj/nrf_delay.o
LOAD Output/nrf51422_xxac_s130 Debug/Obj/nrf_drv_common.o
LOAD Output/nrf51422_xxac_s130 Debug/Obj/nrf_drv_gpiote.o
LOAD Output/nrf51422_xxac_s130 Debug/Obj/nrf_drv_uart.o
LOAD Output/nrf51422_xxac_s130 Debug/Obj/pstorage.o
LOAD Output/nrf51422_xxac_s130 Debug/Obj/app_button.o
LOAD Output/nrf51422_xxac_s130 Debug/Obj/app_error.o
LOAD Output/nrf51422_xxac_s130 Debug/Obj/app_error_weak.o
LOAD Output/nrf51422_xxac_s130 Debug/Obj/app_timer.o
LOAD Output/nrf51422_xxac_s130 Debug/Obj/app_trace.o
LOAD Output/nrf51422_xxac_s130 Debug/Obj/app_util_platform.o
LOAD Output/nrf51422_xxac_s130 Debug/Obj/fstorage.o
LOAD Output/nrf51422_xxac_s130 Debug/Obj/nrf_assert.o
LOAD Output/nrf51422_xxac_s130 Debug/Obj/nrf_log.o
LOAD Output/nrf51422_xxac_s130 Debug/Obj/sensorsim.o
LOAD Output/nrf51422_xxac_s130 Debug/Obj/softdevice_handler.o
LOAD Output/nrf51422_xxac_s130 Debug/Obj/system_nrf51.o
LOAD Output/nrf51422_xxac_s130 Debug/Obj/thumb_crt0.o
LOAD Output/nrf51422_xxac_s130 Debug/Obj/nRF_Startup.o
LOAD Output/nrf51422_xxac_s130 Debug/Obj/nrf51_Vectors.o
LOAD /Applications/SEGGER Embedded Studio 2.16a/lib/libdebugio_mempoll_v6m_t_le_eabi.a
LOAD /Applications/SEGGER Embedded Studio 2.16a/lib/libm_v6m_t_le_eabi.a
LOAD /Applications/SEGGER Embedded Studio 2.16a/lib/libc_v6m_t_le_eabi.a
LOAD /Applications/SEGGER Embedded Studio 2.16a/lib/libcpp_v6m_t_le_eabi.a
LOAD /Applications/SEGGER Embedded Studio 2.16a/lib/libdebugio_v6m_t_le_eabi.a
LOAD /Applications/SEGGER Embedded Studio 2.16a/lib/libvfprintf_v6m_t_le_eabi.o
LOAD /Applications/SEGGER Embedded Studio 2.16a/lib/libvfscanf_v6m_t_le_eabi.o
END GROUP
OUTPUT(Output/Debug/Exe/nrf51422_xxac_s130.elf elf32-littlearm)

.debug_frame    0x00000000     0xc2d4
 .debug_frame   0x00000000      0xb8c Output/nrf51422_xxac_s130 Debug/Obj/main.o
 .debug_frame   0x00000b8c      0x498 Output/nrf51422_xxac_s130 Debug/Obj/device_info_service.o
 .debug_frame   0x00001024      0x548 Output/nrf51422_xxac_s130 Debug/Obj/temperature_Service.o
 .debug_frame   0x0000156c      0x268 Output/nrf51422_xxac_s130 Debug/Obj/bsp.o
 .debug_frame   0x000017d4      0x548 Output/nrf51422_xxac_s130 Debug/Obj/bsp_btn_ble.o
 .debug_frame   0x00001d1c      0x784 Output/nrf51422_xxac_s130 Debug/Obj/ble_advdata.o
 .debug_frame   0x000024a0      0x8bc Output/nrf51422_xxac_s130 Debug/Obj/ble_advertising.o
 .debug_frame   0x00002d5c      0x674 Output/nrf51422_xxac_s130 Debug/Obj/ble_conn_params.o
 .debug_frame   0x000033d0      0xcd8 Output/nrf51422_xxac_s130 Debug/Obj/device_manager_peripheral.o
 .debug_frame   0x000040a8      0x3a8 Output/nrf51422_xxac_s130 Debug/Obj/app_uart.o
 .debug_frame   0x00004450      0x364 Output/nrf51422_xxac_s130 Debug/Obj/nrf_drv_common.o
 .debug_frame   0x000047b4      0xd74 Output/nrf51422_xxac_s130 Debug/Obj/nrf_drv_gpiote.o
 .debug_frame   0x00005528      0xb70 Output/nrf51422_xxac_s130 Debug/Obj/nrf_drv_uart.o
 .debug_frame   0x00006098      0xc00 Output/nrf51422_xxac_s130 Debug/Obj/pstorage.o
 .debug_frame   0x00006c98      0x118 Output/nrf51422_xxac_s130 Debug/Obj/app_button.o
 .debug_frame   0x00006db0       0x94 Output/nrf51422_xxac_s130 Debug/Obj/app_error.o
 .debug_frame   0x00006e44       0x3c Output/nrf51422_xxac_s130 Debug/Obj/app_error_weak.o
 .debug_frame   0x00006e80      0x990 Output/nrf51422_xxac_s130 Debug/Obj/app_timer.o
 .debug_frame   0x00007810      0x560 Output/nrf51422_xxac_s130 Debug/Obj/fstorage.o
 .debug_frame   0x00007d70      0xa04 Output/nrf51422_xxac_s130 Debug/Obj/softdevice_handler.o
 .debug_frame   0x00008774       0xa0 Output/nrf51422_xxac_s130 Debug/Obj/system_nrf51.o
 .debug_frame   0x00008814      0x190 /Applications/SEGGER Embedded Studio 2.16a/lib/libc_v6m_t_le_eabi.a(libc_asm.o)
 .debug_frame   0x000089a4     0x34a4 /Applications/SEGGER Embedded Studio 2.16a/lib/libc_v6m_t_le_eabi.a(libc2.o)
 .debug_frame   0x0000be48       0xa0 /Applications/SEGGER Embedded Studio 2.16a/lib/libc_v6m_t_le_eabi.a(libc2_asm.o)
 .debug_frame   0x0000bee8      0x3ec /Applications/SEGGER Embedded Studio 2.16a/lib/libvfprintf_v6m_t_le_eabi.o

.debug_info     0x00000000    0x303e0
 .debug_info    0x00000000     0x524e Output/nrf51422_xxac_s130 Debug/Obj/main.o
 .debug_info    0x0000524e     0x2466 Output/nrf51422_xxac_s130 Debug/Obj/device_info_service.o
 .debug_info    0x000076b4     0x347f Output/nrf51422_xxac_s130 Debug/Obj/temperature_Service.o
 .debug_info    0x0000ab33      0x9b9 Output/nrf51422_xxac_s130 Debug/Obj/bsp.o
 .debug_info    0x0000b4ec     0x32f0 Output/nrf51422_xxac_s130 Debug/Obj/bsp_btn_ble.o
 .debug_info    0x0000e7dc     0x2ca7 Output/nrf51422_xxac_s130 Debug/Obj/ble_advdata.o
 .debug_info    0x00011483     0x4496 Output/nrf51422_xxac_s130 Debug/Obj/ble_advertising.o
 .debug_info    0x00015919     0x35e8 Output/nrf51422_xxac_s130 Debug/Obj/ble_conn_params.o
 .debug_info    0x00018f01     0x48fe Output/nrf51422_xxac_s130 Debug/Obj/device_manager_peripheral.o
 .debug_info    0x0001d7ff     0x1531 Output/nrf51422_xxac_s130 Debug/Obj/app_uart.o
 .debug_info    0x0001ed30      0xf1e Output/nrf51422_xxac_s130 Debug/Obj/nrf_drv_common.o
 .debug_info    0x0001fc4e     0x2051 Output/nrf51422_xxac_s130 Debug/Obj/nrf_drv_gpiote.o
 .debug_info    0x00021c9f     0x2061 Output/nrf51422_xxac_s130 Debug/Obj/nrf_drv_uart.o
 .debug_info    0x00023d00     0x1c68 Output/nrf51422_xxac_s130 Debug/Obj/pstorage.o
 .debug_info    0x00025968      0x5e7 Output/nrf51422_xxac_s130 Debug/Obj/app_button.o
 .debug_info    0x00025f4f      0x2ba Output/nrf51422_xxac_s130 Debug/Obj/app_error.o
 .debug_info    0x00026209      0x17b Output/nrf51422_xxac_s130 Debug/Obj/app_error_weak.o
 .debug_info    0x00026384     0x1f32 Output/nrf51422_xxac_s130 Debug/Obj/app_timer.o
 .debug_info    0x000282b6     0x15d6 Output/nrf51422_xxac_s130 Debug/Obj/fstorage.o
 .debug_info    0x0002988c     0x4403 Output/nrf51422_xxac_s130 Debug/Obj/softdevice_handler.o
 .debug_info    0x0002dc8f      0x194 Output/nrf51422_xxac_s130 Debug/Obj/system_nrf51.o
 .debug_info    0x0002de23       0xea Output/nrf51422_xxac_s130 Debug/Obj/thumb_crt0.o
 .debug_info    0x0002df0d      0x107 Output/nrf51422_xxac_s130 Debug/Obj/nRF_Startup.o
 .debug_info    0x0002e014      0x109 Output/nrf51422_xxac_s130 Debug/Obj/nrf51_Vectors.o
 .debug_info    0x0002e11d     0x2163 /Applications/SEGGER Embedded Studio 2.16a/lib/libc_v6m_t_le_eabi.a(libc2.o)
 .debug_info    0x00030280      0x160 /Applications/SEGGER Embedded Studio 2.16a/lib/libvfprintf_v6m_t_le_eabi.o

.debug_abbrev   0x00000000     0x3819
 .debug_abbrev  0x00000000      0x3c6 Output/nrf51422_xxac_s130 Debug/Obj/main.o
 .debug_abbrev  0x000003c6      0x223 Output/nrf51422_xxac_s130 Debug/Obj/device_info_service.o
 .debug_abbrev  0x000005e9      0x293 Output/nrf51422_xxac_s130 Debug/Obj/temperature_Service.o
 .debug_abbrev  0x0000087c      0x25d Output/nrf51422_xxac_s130 Debug/Obj/bsp.o
 .debug_abbrev  0x00000ad9      0x294 Output/nrf51422_xxac_s130 Debug/Obj/bsp_btn_ble.o
 .debug_abbrev  0x00000d6d      0x26e Output/nrf51422_xxac_s130 Debug/Obj/ble_advdata.o
 .debug_abbrev  0x00000fdb      0x32d Output/nrf51422_xxac_s130 Debug/Obj/ble_advertising.o
 .debug_abbrev  0x00001308      0x342 Output/nrf51422_xxac_s130 Debug/Obj/ble_conn_params.o
 .debug_abbrev  0x0000164a      0x323 Output/nrf51422_xxac_s130 Debug/Obj/device_manager_peripheral.o
 .debug_abbrev  0x0000196d      0x287 Output/nrf51422_xxac_s130 Debug/Obj/app_uart.o
 .debug_abbrev  0x00001bf4      0x1ce Output/nrf51422_xxac_s130 Debug/Obj/nrf_drv_common.o
 .debug_abbrev  0x00001dc2      0x356 Output/nrf51422_xxac_s130 Debug/Obj/nrf_drv_gpiote.o
 .debug_abbrev  0x00002118      0x36c Output/nrf51422_xxac_s130 Debug/Obj/nrf_drv_uart.o
 .debug_abbrev  0x00002484      0x2e6 Output/nrf51422_xxac_s130 Debug/Obj/pstorage.o
 .debug_abbrev  0x0000276a      0x189 Output/nrf51422_xxac_s130 Debug/Obj/app_button.o
 .debug_abbrev  0x000028f3      0x10f Output/nrf51422_xxac_s130 Debug/Obj/app_error.o
 .debug_abbrev  0x00002a02       0x9c Output/nrf51422_xxac_s130 Debug/Obj/app_error_weak.o
 .debug_abbrev  0x00002a9e      0x405 Output/nrf51422_xxac_s130 Debug/Obj/app_timer.o
 .debug_abbrev  0x00002ea3      0x2f6 Output/nrf51422_xxac_s130 Debug/Obj/fstorage.o
 .debug_abbrev  0x00003199      0x3b4 Output/nrf51422_xxac_s130 Debug/Obj/softdevice_handler.o
 .debug_abbrev  0x0000354d       0xf5 Output/nrf51422_xxac_s130 Debug/Obj/system_nrf51.o
 .debug_abbrev  0x00003642       0x12 Output/nrf51422_xxac_s130 Debug/Obj/thumb_crt0.o
 .debug_abbrev  0x00003654       0x14 Output/nrf51422_xxac_s130 Debug/Obj/nRF_Startup.o
 .debug_abbrev  0x00003668       0x14 Output/nrf51422_xxac_s130 Debug/Obj/nrf51_Vectors.o
 .debug_abbrev  0x0000367c      0x161 /Applications/SEGGER Embedded Studio 2.16a/lib/libc_v6m_t_le_eabi.a(libc2.o)
 .debug_abbrev  0x000037dd       0x3c /Applications/SEGGER Embedded Studio 2.16a/lib/libvfprintf_v6m_t_le_eabi.o

.debug_pubnames
                0x00000000    0x15d39
 .debug_pubnames
                0x00000000     0x26bb Output/nrf51422_xxac_s130 Debug/Obj/main.o
 .debug_pubnames
                0x000026bb      0xf37 Output/nrf51422_xxac_s130 Debug/Obj/device_info_service.o
 .debug_pubnames
                0x000035f2     0x11c0 Output/nrf51422_xxac_s130 Debug/Obj/temperature_Service.o
 .debug_pubnames