Archive member included because of file (symbol)

/Applications/SEGGER Embedded Studio 2.16a/lib/libc_v6m_t_le_eabi.a(libc_asm.o)
                              Output/nrf51422_xxac_s130 Debug/Obj/device_info_service.o (__aeabi_lmul)
/Applications/SEGGER Embedded Studio 2.16a/lib/libc_v6m_t_le_eabi.a(libc2.o)
                              Output/nrf51422_xxac_s130 Debug/Obj/device_manager_peripheral.o (memcmp)
/Applications/SEGGER Embedded Studio 2.16a/lib/libc_v6m_t_le_eabi.a(libc2_asm.o)
                              Output/nrf51422_xxac_s130 Debug/Obj/main.o (memcpy)
/Applications/SEGGER Embedded Studio 2.16a/lib/libm_v6m_t_le_eabi.a(libm_asm.o)
                              /Applications/SEGGER Embedded Studio 2.16a/lib/libc_v6m_t_le_eabi.a(libc2.o) (__aeabi_i2f)
/Applications/SEGGER Embedded Studio 2.16a/lib/libm_v6m_t_le_eabi.a(libm2.o)
                              /Applications/SEGGER Embedded Studio 2.16a/lib/libvfprintf_v6m_t_le_eabi.o (frexp)
/Applications/SEGGER Embedded Studio 2.16a/lib/libm_v6m_t_le_eabi.a(libm2_asm.o)
                              /Applications/SEGGER Embedded Studio 2.16a/lib/libm_v6m_t_le_eabi.a(libm2.o) (fabs)

Discarded input sections

 .group         0x00000000        0x8 Output/nrf51422_xxac_s130 Debug/Obj/main.o
 .group         0x00000000        0x8 Output/nrf51422_xxac_s130 Debug/Obj/main.o
 .group         0x00000000        0x8 Output/nrf51422_xxac_s130 Debug/Obj/main.o
 .group         0x00000000        0x8 Output/nrf51422_xxac_s130 Debug/Obj/main.o
 .group         0x00000000        0x8 Output/nrf51422_xxac_s130 Debug/Obj/main.o
 .group         0x00000000        0x8 Output/nrf51422_xxac_s130 Debug/Obj/main.o
 .group         0x00000000        0x8 Output/nrf51422_xxac_s130 Debug/Obj/main.o
 .group         0x00000000        0x8 Output/nrf51422_xxac_s130 Debug/Obj/main.o
 .group         0x00000000        0x8 Output/nrf51422_xxac_s130 Debug/Obj/main.o
 .group         0x00000000        0x8 Output/nrf51422_xxac_s130 Debug/Obj/main.o
 .group         0x00000000        0x8 Output/nrf51422_xxac_s130 Debug/Obj/main.o
 .group         0x00000000        0x8 Output/nrf51422_xxac_s130 Debug/Obj/main.o
 .group         0x00000000        0x8 Output/nrf51422_xxac_s130 Debug/Obj/main.o
 .group         0x00000000        0x8 Output/nrf51422_xxac_s130 Debug/Obj/main.o
 .group         0x00000000        0x8 Output/nrf51422_xxac_s130 Debug/Obj/main.o
 .group         0x00000000        0x8 Output/nrf51422_xxac_s130 Debug/Obj/main.o
 .group         0x00000000        0x8 Output/nrf51422_xxac_s130 Debug/Obj/main.o
 .group         0x00000000        0x8 Output/nrf51422_xxac_s130 Debug/Obj/main.o
 .group         0x00000000        0x8 Output/nrf51422_xxac_s130 Debug/Obj/main.o
 .group         0x00000000        0x8 Output/nrf51422_xxac_s130 Debug/Obj/main.o
 .group         0x00000000        0x8 Output/nrf51422_xxac_s130 Debug/Obj/main.o
 .group         0x00000000        0x8 Output/nrf51422_xxac_s130 Debug/Obj/main.o
 .group         0x00000000        0x8 Output/nrf51422_xxac_s130 Debug/Obj/main.o
 .group         0x00000000        0x8 Output/nrf51422_xxac_s130 Debug/Obj/main.o
 .group         0x00000000        0x8 Output/nrf51422_xxac_s130 Debug/Obj/main.o
 .group         0x00000000        0x8 Output/nrf51422_xxac_s130 Debug/Obj/main.o
 .group         0x00000000        0x8 Output/nrf51422_xxac_s130 Debug/Obj/main.o
 .group         0x00000000        0x8 Output/nrf51422_xxac_s130 Debug/Obj/main.o
 .group         0x00000000        0x8 Output/nrf51422_xxac_s130 Debug/Obj/main.o
 .group         0x00000000        0x8 Output/nrf51422_xxac_s130 Debug/Obj/main.o
 .group         0x00000000        0x8 Output/nrf51422_xxac_s130 Debug/Obj/main.o
 .group         0x00000000        0x8 Output/nrf51422_xxac_s130 Debug/Obj/main.o
 .group         0x00000000        0x8 Output/nrf51422_xxac_s130 Debug/Obj/main.o
 .group         0x00000000        0x8 Output/nrf51422_xxac_s130 Debug/Obj/main.o
 .group         0x00000000        0x8 Output/nrf51422_xxac_s130 Debug/Obj/main.o
 .group         0x00000000        0x8 Output/nrf51422_xxac_s130 Debug/Obj/main.o
 .group         0x00000000        0x8 Output/nrf51422_xxac_s130 Debug/Obj/main.o
 .group         0x00000000        0x8 Output/nrf51422_xxac_s130 Debug/Obj/main.o
 .group         0x00000000        0x8 Output/nrf51422_xxac_s130 Debug/Obj/main.o
 .group         0x00000000        0x8 Output/nrf51422_xxac_s130 Debug/Obj/main.o
 .group         0x00000000        0x8 Output/nrf51422_xxac_s130 Debug/Obj/main.o
 .group         0x00000000        0x8 Output/nrf51422_xxac_s130 Debug/Obj/main.o
 .group         0x00000000        0x8 Output/nrf51422_xxac_s130 Debug/Obj/main.o
 .group         0x00000000        0x8 Output/nrf51422_xxac_s130 Debug/Obj/main.o
 .group         0x00000000        0x8 Output/nrf51422_xxac_s130 Debug/Obj/main.o
 .group         0x00000000        0x8 Output/nrf51422_xxac_s130 Debug/Obj/main.o
 .group         0x00000000        0x8 Output/nrf51422_xxac_s130 Debug/Obj/main.o
[...]
Memory Configuration

Name             Origin             Length             Attributes
UNPLACED_SECTIONS 0xffffffff         0x00000000         xw
RAM              0x20000000         0x00008000         xw
FLASH            0x00000000         0x00040000         xr
*default*        0x00000000         0xffffffff

Linker script and memory map

                0x00025c80                __vfprintf = __vfprintf_int_nwp
                0x00000000                __vfscanf = __vfscanf_int
                0x20000000                __RAM_segment_start__ = 0x20000000
                0x20008000                __RAM_segment_end__ = 0x20008000
                0x00008000                __RAM_segment_size__ = 0x8000
                0x00000000                __FLASH_segment_start__ = 0x0
                0x00040000                __FLASH_segment_end__ = 0x40000
                0x00040000                __FLASH_segment_size__ = 0x40000
                0x00000100                __HEAPSIZE__ = 0x100
                0x00000000                __STACKSIZE_ABT__ = 0x0
                0x00000000                __STACKSIZE_FIQ__ = 0x0
                0x00000000                __STACKSIZE_IRQ__ = 0x0
                0x00000000                __STACKSIZE_PROCESS__ = 0x0
                0x00000000                __STACKSIZE_SVC__ = 0x0
                0x00000000                __STACKSIZE_UND__ = 0x0
                0x00000800                __STACKSIZE__ = 0x800
                0x20002080                __vectors_ram_load_start__ = 0x20002080

.vectors_ram    0x20002080        0x0
                0x20002080                __vectors_ram_start__ = .
 *(.vectors_ram .vectors_ram.*)
                0x20002080                __vectors_ram_end__ = (__vectors_ram_start__ + SIZEOF (.vectors_ram))
                0x00000000                __vectors_ram_size__ = SIZEOF (.vectors_ram)
                0x20002080                __vectors_ram_load_end__ = __vectors_ram_end__
                0x00000001                . = ASSERT (((__vectors_ram_start__ == __vectors_ram_end__) || ((__vectors_ram_end__ >= __RAM_segment_start__) && (__vectors_ram_end__ <= __RAM_segment_end__))), error: .vectors_ram is too large to fit in RAM memory segment)
                0x0001b000                __vectors_load_start__ = 0x1b000

.vectors        0x0001b000       0xa8
                0x0001b000                __vectors_start__ = .
 *(.vectors .vectors.*)
 .vectors       0x0001b000       0xa8 Output/nrf51422_xxac_s130 Debug/Obj/nrf51_Vectors.o
                0x0001b000                _vectors
                0x0001b0a8                __vectors_end__ = (__vectors_start__ + SIZEOF (.vectors))
                0x000000a8                __vectors_size__ = SIZEOF (.vectors)
                0x0001b0a8                __vectors_load_end__ = __vectors_end__
                0x00000001                . = ASSERT (((__vectors_start__ == __vectors_end__) || ((__vectors_end__ >= __FLASH_segment_start__) && (__vectors_end__ <= __FLASH_segment_end__))), error: .vectors is too large to fit in FLASH memory segment)
                0x0001b0a8                __init_load_start__ = ALIGN (__vectors_end__, 0x4)

.init           0x0001b0a8      0x2d8
                0x0001b0a8                __init_start__ = .
 *(.init .init.*)
 .init.SystemInit
                0x0001b0a8       0x40 Output/nrf51422_xxac_s130 Debug/Obj/system_nrf51.o
                0x0001b0a8                SystemInit
 .init.is_manual_peripheral_setup_needed
                0x0001b0e8       0x80 Output/nrf51422_xxac_s130 Debug/Obj/system_nrf51.o
 .init.is_disabled_in_debug_needed
                0x0001b168       0x4c Output/nrf51422_xxac_s130 Debug/Obj/system_nrf51.o
 .init          0x0001b1b4      0x158 Output/nrf51422_xxac_s130 Debug/Obj/thumb_crt0.o
                0x0001b1b4                _start
                0x0001b266                exit
 .init          0x0001b30c       0x34 Output/nrf51422_xxac_s130 Debug/Obj/nRF_Startup.o
                0x0001b30c                Reset_Handler
 .init          0x0001b340       0x40 Output/nrf51422_xxac_s130 Debug/Obj/nrf51_Vectors.o
                0x0001b340                NMI_Handler
                0x0001b342                HardFault_Handler
                0x0001b344                SVC_Handler
                0x0001b346                PendSV_Handler
                0x0001b348                SysTick_Handler
                0x0001b34c                POWER_CLOCK_IRQHandler
                0x0001b34e                RADIO_IRQHandler
                0x0001b352                SPI0_TWI0_IRQHandler
                0x0001b354                SPI1_TWI1_IRQHandler
                0x0001b358                ADC_IRQHandler
                0x0001b35a                TIMER0_IRQHandler
                0x0001b35c                TIMER1_IRQHandler
                0x0001b35e                TIMER2_IRQHandler
                0x0001b360                RTC0_IRQHandler
                0x0001b362                TEMP_IRQHandler
                0x0001b364                RNG_IRQHandler
                0x0001b366                ECB_IRQHandler
                0x0001b368                CCM_AAR_IRQHandler
                0x0001b36a                WDT_IRQHandler
                0x0001b36e                QDEC_IRQHandler
                0x0001b370                LPCOMP_IRQHandler
                0x0001b374                SWI1_IRQHandler
                0x0001b378                SWI3_IRQHandler
                0x0001b37a                SWI4_IRQHandler
                0x0001b37c                SWI5_IRQHandler
                0x0001b380                __init_end__ = (__init_start__ + SIZEOF (.init))
                0x000002d8                __init_size__ = SIZEOF (.init)
                0x0001b380                __init_load_end__ = __init_end__
                0x00000001                . = ASSERT (((__init_start__ == __init_end__) || ((__init_end__ >= __FLASH_segment_start__) && (__init_end__ <= __FLASH_segment_end__))), error: .init is too large to fit in FLASH memory segment)
                0x0001b380                __init_rodata_load_start__ = ALIGN (__init_end__, 0x4)

.init_rodata    0x0001b380        0x0
                0x0001b380                __init_rodata_start__ = .
 *(.init_rodata .init_rodata.*)
                0x0001b380                __init_rodata_end__ = (__init_rodata_start__ + SIZEOF (.init_rodata))
                0x00000000                __init_rodata_size__ = SIZEOF (.init_rodata)
                0x0001b380                __init_rodata_load_end__ = __init_rodata_end__
                0x00000001                . = ASSERT (((__init_rodata_start__ == __init_rodata_end__) || ((__init_rodata_end__ >= __FLASH_segment_start__) && (__init_rodata_end__ <= __FLASH_segment_end__))), error: .init_rodata is too large to fit in FLASH memory segment)
                0x0001b380                __text_load_start__ = ALIGN (__init_rodata_end__, 0x4)

.text           0x0001b380     0xac40
                0x0001b380                __text_start__ = .
 *(.text .text.* .glue_7t .glue_7 .gnu.linkonce.t.* .gcc_except_table .ARM.extab* .gnu.linkonce.armextab.*)
 .glue_7        0x00000000        0x0 linker stubs
 .glue_7t       0x00000000        0x0 linker stubs
 .text.sd_ble_gap_disconnect
                0x0001b380        0x8 Output/nrf51422_xxac_s130 Debug/Obj/main.o
 .text.sd_ble_gap_ppcp_set
                0x0001b388        0x8 Output/nrf51422_xxac_s130 Debug/Obj/main.o
 .text.sd_ble_gap_device_name_set
                0x0001b390        0x8 Output/nrf51422_xxac_s130 Debug/Obj/main.o
 .text.sd_power_system_off
                0x0001b398        0x8 Output/nrf51422_xxac_s130 Debug/Obj/main.o
 .text.sd_app_evt_wait
                0x0001b3a0        0x8 Output/nrf51422_xxac_s130 Debug/Obj/main.o
 .text.sd_temp_get
                0x0001b3a8        0x8 Output/nrf51422_xxac_s130 Debug/Obj/main.o
 .text.example_cb_handler
                0x0001b3b0       0x7c Output/nrf51422_xxac_s130 Debug/Obj/main.o
 .text.timer_timeout_handler
                0x0001b42c       0xcc Output/nrf51422_xxac_s130 Debug/Obj/main.o
 .text.timers_init
                0x0001b4f8       0x54 Output/nrf51422_xxac_s130 Debug/Obj/main.o
 .text.gap_params_init
                0x0001b54c       0xb4 Output/nrf51422_xxac_s130 Debug/Obj/main.o
 .text.services_init
                0x0001b600       0x20 Output/nrf51422_xxac_s130 Debug/Obj/main.o
 .text.on_conn_params_evt
                0x0001b620       0x4c Output/nrf51422_xxac_s130 Debug/Obj/main.o
 .text.conn_params_error_handler
                0x0001b66c       0x28 Output/nrf51422_xxac_s130 Debug/Obj/main.o
 .text.conn_params_init
                0x0001b694       0x80 Output/nrf51422_xxac_s130 Debug/Obj/main.o
 .text.application_timers_start
                0x0001b714       0x1c Output/nrf51422_xxac_s130 Debug/Obj/main.o
 .text.sleep_mode_enter
                0x0001b730       0x80 Output/nrf51422_xxac_s130 Debug/Obj/main.o
 .text.on_adv_evt
                0x0001b7b0       0x54 Output/nrf51422_xxac_s130 Debug/Obj/main.o
 .text.on_ble_evt
                0x0001b804       0x7c Output/nrf51422_xxac_s130 Debug/Obj/main.o
 .text.ble_evt_dispatch
                0x0001b880       0x50 Output/nrf51422_xxac_s130 Debug/Obj/main.o
 .text.sys_evt_dispatch
                0x0001b8d0       0x20 Output/nrf51422_xxac_s130 Debug/Obj/main.o
 .text.ble_stack_init
                0x0001b8f0      0x150 Output/nrf51422_xxac_s130 Debug/Obj/main.o
 .text.bsp_event_handler
                0x0001ba40       0x98 Output/nrf51422_xxac_s130 Debug/Obj/main.o
                0x0001ba40                bsp_event_handler
 .text.device_manager_evt_handler
                0x0001bad8       0x38 Output/nrf51422_xxac_s130 Debug/Obj/main.o
 .text.device_manager_init
                0x0001bb10      0x10c Output/nrf51422_xxac_s130 Debug/Obj/main.o
 .text.advertising_init
                0x0001bc1c       0xe4 Output/nrf51422_xxac_s130 Debug/Obj/main.o
 .text.buttons_leds_init
                0x0001bd00       0x88 Output/nrf51422_xxac_s130 Debug/Obj/main.o
 .text.power_manage
                0x0001bd88       0x34 Output/nrf51422_xxac_s130 Debug/Obj/main.o
 .text.uart_events_handler
                0x0001bdbc       0x4c Output/nrf51422_xxac_s130 Debug/Obj/main.o
 .text.uart_config
                0x0001be08       0x78 Output/nrf51422_xxac_s130 Debug/Obj/main.o
 .text.flash_init
                0x0001be80       0x7c Output/nrf51422_xxac_s130 Debug/Obj/main.o
                0x0001be80                flash_init
 .text.main     0x0001befc       0x78 Output/nrf51422_xxac_s130 Debug/Obj/main.o
                0x0001befc                main
 .text.sd_ble_gatts_service_add
                0x0001bf74        0x8 Output/nrf51422_xxac_s130 Debug/Obj/device_info_service.o
 .text.sd_ble_gatts_characteristic_add
                0x0001bf7c        0x8 Output/nrf51422_xxac_s130 Debug/Obj/device_info_service.o
 .text.sd_ble_uuid_vs_add
                0x0001bf84        0x8 Output/nrf51422_xxac_s130 Debug/Obj/device_info_service.o
 .text.chars_add
                0x0001bf8c      0x8d8 Output/nrf51422_xxac_s130 Debug/Obj/device_info_service.o
 .text.divice_info_service_init
                0x0001c864       0x9c Output/nrf51422_xxac_s130 Debug/Obj/device_info_service.o
                0x0001c864                divice_info_service_init
 .text.sd_ble_gatts_service_add
                0x0001c900        0x8 Output/nrf51422_xxac_s130 Debug/Obj/temperature_Service.o
 .text.sd_ble_gatts_characteristic_add
                0x0001c908        0x8 Output/nrf51422_xxac_s130 Debug/Obj/temperature_Service.o
 .text.sd_ble_gatts_hvx
                0x0001c910        0x8 Output/nrf51422_xxac_s130 Debug/Obj/temperature_Service.o
 .text.sd_ble_uuid_vs_add
                0x0001c918        0x8 Output/nrf51422_xxac_s130 Debug/Obj/temperature_Service.o
 .text.ble_temperature_service_on_ble_evt
                0x0001c920       0x48 Output/nrf51422_xxac_s130 Debug/Obj/temperature_Service.o
                0x0001c920                ble_temperature_service_on_ble_evt
 .text.data_value_char_add
                0x0001c968      0x33c Output/nrf51422_xxac_s130 Debug/Obj/temperature_Service.o
 .text.temperature_service_init
                0x0001cca4       0x70 Output/nrf51422_xxac_s130 Debug/Obj/temperature_Service.o
                0x0001cca4                temperature_service_init
 .text.termperature_characteristic_update
                0x0001cd14       0x78 Output/nrf51422_xxac_s130 Debug/Obj/temperature_Service.o
                0x0001cd14                termperature_characteristic_update
 .text.bsp_button_is_pressed
                0x0001cd8c       0x54 Output/nrf51422_xxac_s130 Debug/Obj/bsp.o
                0x0001cd8c                bsp_button_is_pressed
 .text.bsp_button_event_handler
                0x0001cde0      0x150 Output/nrf51422_xxac_s130 Debug/Obj/bsp.o
 .text.button_timer_handler
                0x0001cf30       0x1c Output/nrf51422_xxac_s130 Debug/Obj/bsp.o
 .text.bsp_led_indication
                0x0001cf4c      0x700 Output/nrf51422_xxac_s130 Debug/Obj/bsp.o
 .text.leds_timer_handler
                0x0001d64c       0x2c Output/nrf51422_xxac_s130 Debug/Obj/bsp.o
 .text.alert_timer_handler
                0x0001d678       0x44 Output/nrf51422_xxac_s130 Debug/Obj/bsp.o
 .text.bsp_indication_set
                0x0001d6bc       0x38 Output/nrf51422_xxac_s130 Debug/Obj/bsp.o
                0x0001d6bc                bsp_indication_set
 .text.bsp_init
                0x0001d6f4      0x128 Output/nrf51422_xxac_s130 Debug/Obj/bsp.o
                0x0001d6f4                bsp_init
 .text.bsp_event_to_button_action_assign
                0x0001d81c       0xa8 Output/nrf51422_xxac_s130 Debug/Obj/bsp.o
                0x0001d81c                bsp_event_to_button_action_assign
 .text.bsp_wakeup_buttons_set
                0x0001d8c4       0x84 Output/nrf51422_xxac_s130 Debug/Obj/bsp.o
                0x0001d8c4                bsp_wakeup_buttons_set
 .text.connection_buttons_configure
                0x0001d948       0x6c Output/nrf51422_xxac_s130 Debug/Obj/bsp_btn_ble.o
 .text.advertising_buttons_configure
                0x0001d9b4       0x6c Output/nrf51422_xxac_s130 Debug/Obj/bsp_btn_ble.o
 .text.startup_event_extract
                0x0001da20       0x70 Output/nrf51422_xxac_s130 Debug/Obj/bsp_btn_ble.o
 .text.bsp_btn_ble_sleep_mode_prepare
                0x0001da90       0x2c Output/nrf51422_xxac_s130 Debug/Obj/bsp_btn_ble.o
                0x0001da90                bsp_btn_ble_sleep_mode_prepare
 .text.bsp_btn_ble_on_ble_evt
                0x0001dabc       0x90 Output/nrf51422_xxac_s130 Debug/Obj/bsp_btn_ble.o
                0x0001dabc                bsp_btn_ble_on_ble_evt
 .text.bsp_btn_ble_init
                0x0001db4c       0x54 Output/nrf51422_xxac_s130 Debug/Obj/bsp_btn_ble.o
                0x0001db4c                bsp_btn_ble_init
 .text.sd_ble_gap_address_get
                0x0001dba0        0x8 Output/nrf51422_xxac_s130 Debug/Obj/ble_advdata.o
 .text.sd_ble_gap_adv_data_set
                0x0001dba8        0x8 Output/nrf51422_xxac_s130 Debug/Obj/ble_advdata.o
 .text.sd_ble_gap_appearance_get
                0x0001dbb0        0x8 Output/nrf51422_xxac_s130 Debug/Obj/ble_advdata.o
 .text.sd_ble_gap_device_name_get
                0x0001dbb8        0x8 Output/nrf51422_xxac_s130 Debug/Obj/ble_advdata.o
 .text.sd_ble_uuid_encode
                0x0001dbc0        0x8 Output/nrf51422_xxac_s130 Debug/Obj/ble_advdata.o
 .text.uint16_encode
                0x0001dbc8       0x34 Output/nrf51422_xxac_s130 Debug/Obj/ble_advdata.o
 .text.tk_value_encode
                0x0001dbfc       0xb0 Output/nrf51422_xxac_s130 Debug/Obj/ble_advdata.o
 .text.le_role_encode
                0x0001dcac       0xdc Output/nrf51422_xxac_s130 Debug/Obj/ble_advdata.o
 .text.ble_device_addr_encode
                0x0001dd88       0xd4 Output/nrf51422_xxac_s130 Debug/Obj/ble_advdata.o
 .text.name_encode
                0x0001de5c      0x164 Output/nrf51422_xxac_s130 Debug/Obj/ble_advdata.o
 .text.appearance_encode
                0x0001dfc0       0xa0 Output/nrf51422_xxac_s130 Debug/Obj/ble_advdata.o
 .text.flags_encode
                0x0001e060       0x8c Output/nrf51422_xxac_s130 Debug/Obj/ble_advdata.o
 .text.sec_mgr_oob_flags_encode
                0x0001e0ec       0x8c Output/nrf51422_xxac_s130 Debug/Obj/ble_advdata.o
 .text.tx_power_level_encode
                0x0001e178       0x8c Output/nrf51422_xxac_s130 Debug/Obj/ble_advdata.o
 .text.uuid_list_sized_encode
                0x0001e204      0x1a0 Output/nrf51422_xxac_s130 Debug/Obj/ble_advdata.o
 .text.uuid_list_encode
                0x0001e3a4       0x88 Output/nrf51422_xxac_s130 Debug/Obj/ble_advdata.o
 .text.conn_int_check
                0x0001e42c       0x80 Output/nrf51422_xxac_s130 Debug/Obj/ble_advdata.o
 .text.conn_int_encode
                0x0001e4ac       0xc8 Output/nrf51422_xxac_s130 Debug/Obj/ble_advdata.o
 .text.manuf_specific_data_encode
                0x0001e574       0xe8 Output/nrf51422_xxac_s130 Debug/Obj/ble_advdata.o
 .text.service_data_encode
                0x0001e65c      0x11c Output/nrf51422_xxac_s130 Debug/Obj/ble_advdata.o
 .text.adv_data_encode
                0x0001e778      0x298 Output/nrf51422_xxac_s130 Debug/Obj/ble_advdata.o
                0x0001e778                adv_data_encode
 .text.advdata_check
                0x0001ea10       0x24 Output/nrf51422_xxac_s130 Debug/Obj/ble_advdata.o
 .text.srdata_check
                0x0001ea34       0x20 Output/nrf51422_xxac_s130 Debug/Obj/ble_advdata.o
 .text.ble_advdata_set
                0x0001ea54       0xe0 Output/nrf51422_xxac_s130 Debug/Obj/ble_advdata.o
                0x0001ea54                ble_advdata_set
 .text.sd_ble_gap_adv_start
                0x0001eb34        0x8 Output/nrf51422_xxac_s130 Debug/Obj/ble_advertising.o
 .text.sd_ble_gap_adv_stop
                0x0001eb3c        0x8 Output/nrf51422_xxac_s130 Debug/Obj/ble_advertising.o
 .text.whitelist_has_entries
                0x0001eb44       0x28 Output/nrf51422_xxac_s130 Debug/Obj/ble_advertising.o
 .text.ble_advertising_peer_address_clear
                0x0001eb6c       0x18 Output/nrf51422_xxac_s130 Debug/Obj/ble_advertising.o
 .text.peer_address_exists
                0x0001eb84       0x34 Output/nrf51422_xxac_s130 Debug/Obj/ble_advertising.o
 .text.ble_advertising_init
                0x0001ebb8      0x200 Output/nrf51422_xxac_s130 Debug/Obj/ble_advertising.o
                0x0001ebb8                ble_advertising_init
 .text.flash_access_in_progress
                0x0001edb8       0x58 Output/nrf51422_xxac_s130 Debug/Obj/ble_advertising.o
 .text.ble_advertising_start
                0x0001ee10      0x368 Output/nrf51422_xxac_s130 Debug/Obj/ble_advertising.o
                0x0001ee10                ble_advertising_start
 .text.ble_advertising_on_ble_evt
                0x0001f178      0x140 Output/nrf51422_xxac_s130 Debug/Obj/ble_advertising.o
                0x0001f178                ble_advertising_on_ble_evt
 .text.ble_advertising_on_sys_evt
                0x0001f2b8       0x60 Output/nrf51422_xxac_s130 Debug/Obj/ble_advertising.o
                0x0001f2b8                ble_advertising_on_sys_evt
 .text.ble_advertising_restart_without_whitelist
                0x0001f318       0xa0 Output/nrf51422_xxac_s130 Debug/Obj/ble_advertising.o
                0x0001f318                ble_advertising_restart_without_whitelist
 .text.sd_ble_gap_conn_param_update
                0x0001f3b8        0x8 Output/nrf51422_xxac_s130 Debug/Obj/ble_conn_params.o
 .text.sd_ble_gap_disconnect
                0x0001f3c0        0x8 Output/nrf51422_xxac_s130 Debug/Obj/ble_conn_params.o
 .text.sd_ble_gap_ppcp_set
                0x0001f3c8        0x8 Output/nrf51422_xxac_s130 Debug/Obj/ble_conn_params.o
 .text.sd_ble_gap_ppcp_get
                0x0001f3d0        0x8 Output/nrf51422_xxac_s130 Debug/Obj/ble_conn_params.o
 .text.uint16_decode
                0x0001f3d8       0x28 Output/nrf51422_xxac_s130 Debug/Obj/ble_conn_params.o
 .text.ble_srv_is_notification_enabled
                0x0001f400       0x30 Output/nrf51422_xxac_s130 Debug/Obj/ble_conn_params.o
 .text.is_conn_params_ok
                0x0001f430       0x34 Output/nrf51422_xxac_s130 Debug/Obj/ble_conn_params.o
 .text.update_timeout_handler
                0x0001f464       0xc4 Output/nrf51422_xxac_s130 Debug/Obj/ble_conn_params.o
 .text.ble_conn_params_init
                0x0001f528       0xac Output/nrf51422_xxac_s130 Debug/Obj/ble_conn_params.o
                0x0001f528                ble_conn_params_init
 .text.conn_params_negotiation
                0x0001f5d4       0xbc Output/nrf51422_xxac_s130 Debug/Obj/ble_conn_params.o
 .text.on_connect
                0x0001f690       0x44 Output/nrf51422_xxac_s130 Debug/Obj/ble_conn_params.o
 .text.on_disconnect
                0x0001f6d4       0x50 Output/nrf51422_xxac_s130 Debug/Obj/ble_conn_params.o
 .text.on_write
                0x0001f724       0x68 Output/nrf51422_xxac_s130 Debug/Obj/ble_conn_params.o
 .text.on_conn_params_update
                0x0001f78c       0x20 Output/nrf51422_xxac_s130 Debug/Obj/ble_conn_params.o
 .text.ble_conn_params_on_ble_evt
                0x0001f7ac       0x50 Output/nrf51422_xxac_s130 Debug/Obj/ble_conn_params.o
                0x0001f7ac                ble_conn_params_on_ble_evt
 .text.sd_ble_gap_sec_params_reply
                0x0001f7fc        0x8 Output/nrf51422_xxac_s130 Debug/Obj/device_manager_peripheral.o
 .text.sd_ble_gap_sec_info_reply
                0x0001f804        0x8 Output/nrf51422_xxac_s130 Debug/Obj/device_manager_peripheral.o
 .text.sd_ble_gatts_service_changed
                0x0001f80c        0x8 Output/nrf51422_xxac_s130 Debug/Obj/device_manager_peripheral.o
 .text.sd_ble_gatts_sys_attr_set
                0x0001f814        0x8 Output/nrf51422_xxac_s130 Debug/Obj/device_manager_peripheral.o
 .text.sd_ble_gatts_sys_attr_get
                0x0001f81c        0x8 Output/nrf51422_xxac_s130 Debug/Obj/device_manager_peripheral.o
 .text.update_status_bit_reset
                0x0001f824       0x28 Output/nrf51422_xxac_s130 Debug/Obj/device_manager_peripheral.o
 .text.update_status_bit_is_set
                0x0001f84c       0x2c Output/nrf51422_xxac_s130 Debug/Obj/device_manager_peripheral.o
 .text.application_instance_init
                0x0001f878       0x4c Output/nrf51422_xxac_s130 Debug/Obj/device_manager_peripheral.o
 .text.connection_instance_init
                0x0001f8c4       0x68 Output/nrf51422_xxac_s130 Debug/Obj/device_manager_peripheral.o
 .text.peer_instance_init
                0x0001f92c       0x9c Output/nrf51422_xxac_s130 Debug/Obj/device_manager_peripheral.o
 .text.connection_instance_find
                0x0001f9c8       0x90 Output/nrf51422_xxac_s130 Debug/Obj/device_manager_peripheral.o
 .text.device_instance_allocate
                0x0001fa58       0xdc Output/nrf51422_xxac_s130 Debug/Obj/device_manager_peripheral.o
 .text.device_instance_free
                0x0001fb34       0x54 Output/nrf51422_xxac_s130 Debug/Obj/device_manager_peripheral.o
 .text.device_instance_find
                0x0001fb88       0x88 Output/nrf51422_xxac_s130 Debug/Obj/device_manager_peripheral.o
 .text.app_evt_notify
                0x0001fc10       0x28 Output/nrf51422_xxac_s130 Debug/Obj/device_manager_peripheral.o
 .text.connection_instance_allocate
                0x0001fc38       0x50 Output/nrf51422_xxac_s130 Debug/Obj/device_manager_peripheral.o
 .text.connection_instance_free
                0x0001fc88       0x34 Output/nrf51422_xxac_s130 Debug/Obj/device_manager_peripheral.o
 .text.storage_operation_dummy_handler
                0x0001fcbc       0x20 Output/nrf51422_xxac_s130 Debug/Obj/device_manager_peripheral.o
 .text.device_context_store
                0x0001fcdc      0x15c Output/nrf51422_xxac_s130 Debug/Obj/device_manager_peripheral.o
 .text.no_service_context_store
                0x0001fe38       0x14 Output/nrf51422_xxac_s130 Debug/Obj/device_manager_peripheral.o
 .text.gatts_context_store
                0x0001fe4c      0x170 Output/nrf51422_xxac_s130 Debug/Obj/device_manager_peripheral.o
 .text.gattc_context_store
                0x0001ffbc       0x14 Output/nrf51422_xxac_s130 Debug/Obj/device_manager_peripheral.o
 .text.gattsc_context_store
                0x0001ffd0       0x3c Output/nrf51422_xxac_s130 Debug/Obj/device_manager_peripheral.o
 .text.no_service_context_load
                0x0002000c       0x14 Output/nrf51422_xxac_s130 Debug/Obj/device_manager_peripheral.o
 .text.gatts_context_load
                0x00020020       0x70 Output/nrf51422_xxac_s130 Debug/Obj/device_manager_peripheral.o
 .text.gattc_context_load
                0x00020090       0x14 Output/nrf51422_xxac_s130 Debug/Obj/device_manager_peripheral.o
 .text.gattsc_context_load
                0x000200a4       0x3c Output/nrf51422_xxac_s130 Debug/Obj/device_manager_peripheral.o
 .text.no_service_context_apply
                0x000200e0       0x14 Output/nrf51422_xxac_s130 Debug/Obj/device_manager_peripheral.o
 .text.gatts_context_apply
                0x000200f4      0x190 Output/nrf51422_xxac_s130 Debug/Obj/device_manager_peripheral.o
 .text.gattc_context_apply
                0x00020284       0x14 Output/nrf51422_xxac_s130 Debug/Obj/device_manager_peripheral.o
 .text.gattsc_context_apply
                0x00020298       0x30 Output/nrf51422_xxac_s130 Debug/Obj/device_manager_peripheral.o
 .text.dm_pstorage_cb_handler
                0x000202c8      0x37c Output/nrf51422_xxac_s130 Debug/Obj/device_manager_peripheral.o
 .text.dm_init  0x00020644      0x16c Output/nrf51422_xxac_s130 Debug/Obj/device_manager_peripheral.o
                0x00020644                dm_init
 .text.dm_register
                0x000207b0       0xd4 Output/nrf51422_xxac_s130 Debug/Obj/device_manager_peripheral.o
                0x000207b0                dm_register
 .text.dm_handle_initialize
                0x00020884       0x38 Output/nrf51422_xxac_s130 Debug/Obj/device_manager_peripheral.o
                0x00020884                dm_handle_initialize
 .text.bond_data_load
                0x000208bc       0x80 Output/nrf51422_xxac_s130 Debug/Obj/device_manager_peripheral.o
                0x000208bc                bond_data_load
 .text.dm_ble_evt_handler
                0x0002093c      0x944 Output/nrf51422_xxac_s130 Debug/Obj/device_manager_peripheral.o
                0x0002093c                dm_ble_evt_handler
 .text.uart_event_handler
                0x00021280       0xa4 Output/nrf51422_xxac_s130 Debug/Obj/app_uart.o
                0x00021280                uart_event_handler
 .text.app_uart_init
                0x00021324       0xf0 Output/nrf51422_xxac_s130 Debug/Obj/app_uart.o
                0x00021324                app_uart_init
 .text.NVIC_EnableIRQ
                0x00021414       0x2c Output/nrf51422_xxac_s130 Debug/Obj/nrf_drv_common.o
 .text.NVIC_ClearPendingIRQ
                0x00021440       0x30 Output/nrf51422_xxac_s130 Debug/Obj/nrf_drv_common.o
 .text.NVIC_SetPriority
                0x00021470       0xd4 Output/nrf51422_xxac_s130 Debug/Obj/nrf_drv_common.o
 .text.nrf_drv_common_irq_enable
                0x00021544       0x44 Output/nrf51422_xxac_s130 Debug/Obj/nrf_drv_common.o
                0x00021544                nrf_drv_common_irq_enable
 .text.nrf_gpiote_event_is_set
                0x00021588       0x2c Output/nrf51422_xxac_s130 Debug/Obj/nrf_drv_gpiote.o
 .text.nrf_gpiote_event_clear
                0x000215b4       0x24 Output/nrf51422_xxac_s130 Debug/Obj/nrf_drv_gpiote.o
 .text.nrf_gpiote_event_addr_get
                0x000215d8       0x24 Output/nrf51422_xxac_s130 Debug/Obj/nrf_drv_gpiote.o
 .text.nrf_gpiote_int_enable
                0x000215fc       0x1c Output/nrf51422_xxac_s130 Debug/Obj/nrf_drv_gpiote.o
 .text.nrf_gpiote_int_is_enabled
                0x00021618       0x20 Output/nrf51422_xxac_s130 Debug/Obj/nrf_drv_gpiote.o
 .text.nrf_gpiote_event_enable
                0x00021638       0x30 Output/nrf51422_xxac_s130 Debug/Obj/nrf_drv_gpiote.o
 .text.nrf_gpiote_event_configure
                0x00021668       0x6c Output/nrf51422_xxac_s130 Debug/Obj/nrf_drv_gpiote.o
 .text.nrf_gpiote_event_pin_get
                0x000216d4       0x28 Output/nrf51422_xxac_s130 Debug/Obj/nrf_drv_gpiote.o
 .text.nrf_gpiote_event_polarity_get
                0x000216fc       0x2c Output/nrf51422_xxac_s130 Debug/Obj/nrf_drv_gpiote.o
 .text.nrf_gpio_cfg
                0x00021728       0x5c Output/nrf51422_xxac_s130 Debug/Obj/nrf_drv_gpiote.o
 .text.nrf_gpio_cfg_input
                0x00021784       0x30 Output/nrf51422_xxac_s130 Debug/Obj/nrf_drv_gpiote.o
 .text.nrf_gpio_cfg_watcher
                0x000217b4       0x34 Output/nrf51422_xxac_s130 Debug/Obj/nrf_drv_gpiote.o
 .text.nrf_gpio_cfg_sense_set
                0x000217e8       0x5c Output/nrf51422_xxac_s130 Debug/Obj/nrf_drv_gpiote.o
 .text.nrf_gpio_pin_read
                0x00021844       0x24 Output/nrf51422_xxac_s130 Debug/Obj/nrf_drv_gpiote.o
 .text.nrf_gpio_pins_read
                0x00021868       0x14 Output/nrf51422_xxac_s130 Debug/Obj/nrf_drv_gpiote.o
 .text.nrf_gpio_pin_sense_get
                0x0002187c       0x28 Output/nrf51422_xxac_s130 Debug/Obj/nrf_drv_gpiote.o
 .text.pin_in_use_by_te
                0x000218a4       0x48 Output/nrf51422_xxac_s130 Debug/Obj/nrf_drv_gpiote.o
 .text.pin_in_use_by_port
                0x000218ec       0x30 Output/nrf51422_xxac_s130 Debug/Obj/nrf_drv_gpiote.o
 .text.pin_in_use_by_gpiote
                0x0002191c       0x28 Output/nrf51422_xxac_s130 Debug/Obj/nrf_drv_gpiote.o
 .text.pin_in_use_by_te_set
                0x00021944       0x5c Output/nrf51422_xxac_s130 Debug/Obj/nrf_drv_gpiote.o
 .text.pin_in_use_clear
                0x000219a0       0x20 Output/nrf51422_xxac_s130 Debug/Obj/nrf_drv_gpiote.o
 .text.channel_port_get
                0x000219c0       0x24 Output/nrf51422_xxac_s130 Debug/Obj/nrf_drv_gpiote.o
 .text.channel_handler_get
                0x000219e4       0x1c Output/nrf51422_xxac_s130 Debug/Obj/nrf_drv_gpiote.o
 .text.channel_port_alloc
                0x00021a00       0x84 Output/nrf51422_xxac_s130 Debug/Obj/nrf_drv_gpiote.o
 .text.channel_free
                0x00021a84       0x40 Output/nrf51422_xxac_s130 Debug/Obj/nrf_drv_gpiote.o
 .text.nrf_drv_gpiote_init
                0x00021ac4       0x84 Output/nrf51422_xxac_s130 Debug/Obj/nrf_drv_gpiote.o
                0x00021ac4                nrf_drv_gpiote_init
 .text.nrf_drv_gpiote_is_init
                0x00021b48       0x1c Output/nrf51422_xxac_s130 Debug/Obj/nrf_drv_gpiote.o
                0x00021b48                nrf_drv_gpiote_is_init
 .text.nrf_drv_gpiote_in_init
                0x00021b64       0xd4 Output/nrf51422_xxac_s130 Debug/Obj/nrf_drv_gpiote.o
                0x00021b64                nrf_drv_gpiote_in_init
 .text.nrf_drv_gpiote_in_event_enable
                0x00021c38      0x10c Output/nrf51422_xxac_s130 Debug/Obj/nrf_drv_gpiote.o
                0x00021c38                nrf_drv_gpiote_in_event_enable
 .text.nrf_drv_gpiote_in_is_set
                0x00021d44       0x20 Output/nrf51422_xxac_s130 Debug/Obj/nrf_drv_gpiote.o
                0x00021d44                nrf_drv_gpiote_in_is_set
 .text.GPIOTE_IRQHandler
                0x00021d64      0x290 Output/nrf51422_xxac_s130 Debug/Obj/nrf_drv_gpiote.o
                0x00021d64                GPIOTE_IRQHandler
 .text.nrf_uart_event_clear
                0x00021ff4       0x20 Output/nrf51422_xxac_s130 Debug/Obj/nrf_drv_uart.o
 .text.nrf_uart_event_check
                0x00022014       0x28 Output/nrf51422_xxac_s130 Debug/Obj/nrf_drv_uart.o
 .text.nrf_uart_int_enable
                0x0002203c       0x1c Output/nrf51422_xxac_s130 Debug/Obj/nrf_drv_uart.o
 .text.nrf_uart_int_enable_check
                0x00022058       0x24 Output/nrf51422_xxac_s130 Debug/Obj/nrf_drv_uart.o
 .text.nrf_uart_int_disable
                0x0002207c       0x1c Output/nrf51422_xxac_s130 Debug/Obj/nrf_drv_uart.o
 .text.nrf_uart_errorsrc_get_and_clear
                0x00022098       0x28 Output/nrf51422_xxac_s130 Debug/Obj/nrf_drv_uart.o
 .text.nrf_uart_enable
                0x000220c0       0x18 Output/nrf51422_xxac_s130 Debug/Obj/nrf_drv_uart.o
 .text.nrf_uart_txrx_pins_set
                0x000220d8       0x2c Output/nrf51422_xxac_s130 Debug/Obj/nrf_drv_uart.o
 .text.nrf_uart_hwfc_pins_set
                0x00022104       0x28 Output/nrf51422_xxac_s130 Debug/Obj/nrf_drv_uart.o
 .text.nrf_uart_rxd_get
                0x0002212c       0x1c Output/nrf51422_xxac_s130 Debug/Obj/nrf_drv_uart.o
 .text.nrf_uart_txd_set
                0x00022148       0x24 Output/nrf51422_xxac_s130 Debug/Obj/nrf_drv_uart.o
 .text.nrf_uart_task_trigger
                0x0002216c       0x20 Output/nrf51422_xxac_s130 Debug/Obj/nrf_drv_uart.o
 .text.nrf_uart_configure
                0x0002218c       0x38 Output/nrf51422_xxac_s130 Debug/Obj/nrf_drv_uart.o
 .text.nrf_uart_baudrate_set
                0x000221c4       0x1c Output/nrf51422_xxac_s130 Debug/Obj/nrf_drv_uart.o
 .text.nrf_gpio_cfg
                0x000221e0       0x5c Output/nrf51422_xxac_s130 Debug/Obj/nrf_drv_uart.o
 .text.nrf_gpio_cfg_output
                0x0002223c       0x24 Output/nrf51422_xxac_s130 Debug/Obj/nrf_drv_uart.o
 .text.nrf_gpio_cfg_input
                0x00022260       0x30 Output/nrf51422_xxac_s130 Debug/Obj/nrf_drv_uart.o
 .text.nrf_gpio_pin_set
                0x00022290       0x20 Output/nrf51422_xxac_s130 Debug/Obj/nrf_drv_uart.o
 .text.apply_config
                0x000222b0       0xa4 Output/nrf51422_xxac_s130 Debug/Obj/nrf_drv_uart.o
 .text.interrupts_enable
                0x00022354       0x50 Output/nrf51422_xxac_s130 Debug/Obj/nrf_drv_uart.o
 .text.uart_enable
                0x000223a4       0x14 Output/nrf51422_xxac_s130 Debug/Obj/nrf_drv_uart.o
 .text.nrf_drv_uart_init
                0x000223b8       0x7c Output/nrf51422_xxac_s130 Debug/Obj/nrf_drv_uart.o
                0x000223b8                nrf_drv_uart_init
 .text.tx_byte  0x00022434       0x50 Output/nrf51422_xxac_s130 Debug/Obj/nrf_drv_uart.o
 .text.rx_enable
                0x00022484       0x34 Output/nrf51422_xxac_s130 Debug/Obj/nrf_drv_uart.o
 .text.rx_byte  0x000224b8       0x64 Output/nrf51422_xxac_s130 Debug/Obj/nrf_drv_uart.o
 .text.nrf_drv_uart_rx_for_uart
                0x0002251c      0x14c Output/nrf51422_xxac_s130 Debug/Obj/nrf_drv_uart.o
 .text.nrf_drv_uart_rx
                0x00022668       0xc0 Output/nrf51422_xxac_s130 Debug/Obj/nrf_drv_uart.o
                0x00022668                nrf_drv_uart_rx
 .text.nrf_drv_uart_rx_enable
                0x00022728       0x24 Output/nrf51422_xxac_s130 Debug/Obj/nrf_drv_uart.o
                0x00022728                nrf_drv_uart_rx_enable
 .text.rx_done_event
                0x0002274c       0x44 Output/nrf51422_xxac_s130 Debug/Obj/nrf_drv_uart.o
 .text.tx_done_event
                0x00022790       0x4c Output/nrf51422_xxac_s130 Debug/Obj/nrf_drv_uart.o
 .text.uart_irq_handler
                0x000227dc      0x200 Output/nrf51422_xxac_s130 Debug/Obj/nrf_drv_uart.o
 .text.UART0_IRQHandler
                0x000229dc        0xc Output/nrf51422_xxac_s130 Debug/Obj/nrf_drv_uart.o
                0x000229dc                UART0_IRQHandler
 .text.pstorage_flash_page_size
                0x000229e8       0x14 Output/nrf51422_xxac_s130 Debug/Obj/pstorage.o
 .text.pstorage_flash_page_end
                0x000229fc       0x38 Output/nrf51422_xxac_s130 Debug/Obj/pstorage.o
 .text.is_word_aligned
                0x00022a34       0x1c Output/nrf51422_xxac_s130 Debug/Obj/pstorage.o
 .text.sd_flash_write
                0x00022a50        0x8 Output/nrf51422_xxac_s130 Debug/Obj/pstorage.o
 .text.sd_flash_page_erase
                0x00022a58        0x8 Output/nrf51422_xxac_s130 Debug/Obj/pstorage.o
 .text.command_queue_element_consume
                0x00022a60       0x3c Output/nrf51422_xxac_s130 Debug/Obj/pstorage.o
 .text.command_end_procedure_run
                0x00022a9c       0x34 Output/nrf51422_xxac_s130 Debug/Obj/pstorage.o
 .text.state_idle_entry_run
                0x00022ad0       0x20 Output/nrf51422_xxac_s130 Debug/Obj/pstorage.o
 .text.app_notify_error_state_transit
                0x00022af0       0x38 Output/nrf51422_xxac_s130 Debug/Obj/pstorage.o
 .text.flash_api_err_code_process
                0x00022b28       0x38 Output/nrf51422_xxac_s130 Debug/Obj/pstorage.o
 .text.flash_write
                0x00022b60       0x2c Output/nrf51422_xxac_s130 Debug/Obj/pstorage.o
 .text.store_cmd_flash_write_execute
                0x00022b8c       0xb0 Output/nrf51422_xxac_s130 Debug/Obj/pstorage.o
 .text.state_store_entry_run
                0x00022c3c        0xc Output/nrf51422_xxac_s130 Debug/Obj/pstorage.o
 .text.state_data_erase_swap_entry_run
                0x00022c48       0xc0 Output/nrf51422_xxac_s130 Debug/Obj/pstorage.o
 .text.flash_page_erase
                0x00022d08       0x20 Output/nrf51422_xxac_s130 Debug/Obj/pstorage.o
 .text.state_data_erase_entry_run
                0x00022d28       0x18 Output/nrf51422_xxac_s130 Debug/Obj/pstorage.o
 .text.state_entry_action_run
                0x00022d40       0x40 Output/nrf51422_xxac_s130 Debug/Obj/pstorage.o
 .text.sm_state_change
                0x00022d80       0x24 Output/nrf51422_xxac_s130 Debug/Obj/pstorage.o
 .text.state_swap_erase_entry_run
                0x00022da4       0x30 Output/nrf51422_xxac_s130 Debug/Obj/pstorage.o
 .text.state_write_data_swap_entry_run
                0x00022dd4       0x44 Output/nrf51422_xxac_s130 Debug/Obj/pstorage.o
 .text.state_erase_data_page_entry_run
                0x00022e18       0x18 Output/nrf51422_xxac_s130 Debug/Obj/pstorage.o
 .text.state_restore_tail_entry_run
                0x00022e30       0x8c Output/nrf51422_xxac_s130 Debug/Obj/pstorage.o
 .text.state_restore_head_entry_run
                0x00022ebc       0x40 Output/nrf51422_xxac_s130 Debug/Obj/pstorage.o
 .text.swap_sub_state_entry_action_run
                0x00022efc       0x20 Output/nrf51422_xxac_s130 Debug/Obj/pstorage.o
 .text.swap_sub_state_state_change
                0x00022f1c       0x24 Output/nrf51422_xxac_s130 Debug/Obj/pstorage.o
 .text.cmd_queue_element_init
                0x00022f40       0x84 Output/nrf51422_xxac_s130 Debug/Obj/pstorage.o
 .text.cmd_queue_init
                0x00022fc4       0x38 Output/nrf51422_xxac_s130 Debug/Obj/pstorage.o
 .text.cmd_queue_enqueue
                0x00022ffc       0xe4 Output/nrf51422_xxac_s130 Debug/Obj/pstorage.o
 .text.cmd_queue_dequeue
                0x000230e0       0x18 Output/nrf51422_xxac_s130 Debug/Obj/pstorage.o
 .text.app_notify
                0x000230f8       0x54 Output/nrf51422_xxac_s130 Debug/Obj/pstorage.o
 .text.is_tail_data_page_swap_required
                0x0002314c       0x84 Output/nrf51422_xxac_s130 Debug/Obj/pstorage.o
 .text.clear_post_processing_run
                0x000231d0       0x38 Output/nrf51422_xxac_s130 Debug/Obj/pstorage.o
 .text.swap_sub_sm_exit_action_run
                0x00023208        0xc Output/nrf51422_xxac_s130 Debug/Obj/pstorage.o
 .text.is_page_erase_required
                0x00023214       0x90 Output/nrf51422_xxac_s130 Debug/Obj/pstorage.o
 .text.swap_sub_state_err_busy_process
                0x000232a4       0x28 Output/nrf51422_xxac_s130 Debug/Obj/pstorage.o
 .text.head_restore_state_run
                0x000232cc       0x70 Output/nrf51422_xxac_s130 Debug/Obj/pstorage.o
 .text.tail_restore_state_run
                0x0002333c       0x20 Output/nrf51422_xxac_s130 Debug/Obj/pstorage.o
 .text.data_page_erase_state_run
                0x0002335c       0x84 Output/nrf51422_xxac_s130 Debug/Obj/pstorage.o
 .text.data_to_swap_write_state_run
                0x000233e0       0x38 Output/nrf51422_xxac_s130 Debug/Obj/pstorage.o
 .text.swap_erase_state_run
                0x00023418       0x24 Output/nrf51422_xxac_s130 Debug/Obj/pstorage.o
 .text.swap_sub_state_sm_run
                0x0002343c       0x20 Output/nrf51422_xxac_s130 Debug/Obj/pstorage.o
 .text.main_state_err_busy_process
                0x0002345c       0x28 Output/nrf51422_xxac_s130 Debug/Obj/pstorage.o
 .text.erase_sub_state_sm_run
                0x00023484       0x50 Output/nrf51422_xxac_s130 Debug/Obj/pstorage.o
 .text.store_sub_state_sm_run
                0x000234d4       0x64 Output/nrf51422_xxac_s130 Debug/Obj/pstorage.o
 .text.flash_operation_success_run
                0x00023538       0x30 Output/nrf51422_xxac_s130 Debug/Obj/pstorage.o
 .text.flash_operation_failure_run
                0x00023568       0x4c Output/nrf51422_xxac_s130 Debug/Obj/pstorage.o
 .text.pstorage_sys_event_handler
                0x000235b4       0x50 Output/nrf51422_xxac_s130 Debug/Obj/pstorage.o
                0x000235b4                pstorage_sys_event_handler
 .text.tail_word_size_calculate
                0x00023604       0x94 Output/nrf51422_xxac_s130 Debug/Obj/pstorage.o
 .text.clear_operation_execute
                0x00023698      0x194 Output/nrf51422_xxac_s130 Debug/Obj/pstorage.o
 .text.store_operation_execute
                0x0002382c       0x10 Output/nrf51422_xxac_s130 Debug/Obj/pstorage.o
 .text.update_operation_execute
                0x0002383c        0xc Output/nrf51422_xxac_s130 Debug/Obj/pstorage.o
 .text.cmd_process
                0x00023848       0x58 Output/nrf51422_xxac_s130 Debug/Obj/pstorage.o
 .text.pstorage_init
                0x000238a0       0xc4 Output/nrf51422_xxac_s130 Debug/Obj/pstorage.o
                0x000238a0                pstorage_init
 .text.pstorage_register
                0x00023964      0x184 Output/nrf51422_xxac_s130 Debug/Obj/pstorage.o
                0x00023964                pstorage_register
 .text.pstorage_block_identifier_get
                0x00023ae8       0xf8 Output/nrf51422_xxac_s130 Debug/Obj/pstorage.o
                0x00023ae8                pstorage_block_identifier_get
 .text.pstorage_store
                0x00023be0      0x164 Output/nrf51422_xxac_s130 Debug/Obj/pstorage.o
                0x00023be0                pstorage_store
 .text.pstorage_update
                0x00023d44      0x164 Output/nrf51422_xxac_s130 Debug/Obj/pstorage.o
                0x00023d44                pstorage_update
 .text.pstorage_load
                0x00023ea8      0x18c Output/nrf51422_xxac_s130 Debug/Obj/pstorage.o
                0x00023ea8                pstorage_load
 .text.pstorage_clear
                0x00024034      0x1a4 Output/nrf51422_xxac_s130 Debug/Obj/pstorage.o
                0x00024034                pstorage_clear
 .text.pstorage_access_status_get
                0x000241d8       0x3c Output/nrf51422_xxac_s130 Debug/Obj/pstorage.o
                0x000241d8                pstorage_access_status_get
 .text.detection_delay_timeout_handler
                0x00024214       0xe4 Output/nrf51422_xxac_s130 Debug/Obj/app_button.o
 .text.gpiote_event_handler
                0x000242f8       0xa4 Output/nrf51422_xxac_s130 Debug/Obj/app_button.o
 .text.app_button_init
                0x0002439c      0x10c Output/nrf51422_xxac_s130 Debug/Obj/app_button.o
                0x0002439c                app_button_init
 .text.app_button_enable
                0x000244a8       0x44 Output/nrf51422_xxac_s130 Debug/Obj/app_button.o
                0x000244a8                app_button_enable
 .text.app_error_handler
                0x000244ec       0x74 Output/nrf51422_xxac_s130 Debug/Obj/app_error.o
                0x000244ec                app_error_handler
 .text.app_error_save_and_stop
                0x00024560       0xa4 Output/nrf51422_xxac_s130 Debug/Obj/app_error.o
                0x00024560                app_error_save_and_stop
 .text.app_error_fault_handler
                0x00024604       0x28 Output/nrf51422_xxac_s130 Debug/Obj/app_error_weak.o
                0x00024604                app_error_fault_handler
 .text.NVIC_EnableIRQ
                0x0002462c       0x2c Output/nrf51422_xxac_s130 Debug/Obj/app_timer.o
 .text.NVIC_DisableIRQ
                0x00024658       0x30 Output/nrf51422_xxac_s130 Debug/Obj/app_timer.o
 .text.NVIC_SetPendingIRQ
                0x00024688       0x30 Output/nrf51422_xxac_s130 Debug/Obj/app_timer.o
 .text.NVIC_ClearPendingIRQ
                0x000246b8       0x30 Output/nrf51422_xxac_s130 Debug/Obj/app_timer.o
 .text.NVIC_SetPriority
                0x000246e8       0xd4 Output/nrf51422_xxac_s130 Debug/Obj/app_timer.o
 .text.NVIC_GetPriority
                0x000247bc       0x78 Output/nrf51422_xxac_s130 Debug/Obj/app_timer.o
 .text.is_word_aligned
                0x00024834       0x1c Output/nrf51422_xxac_s130 Debug/Obj/app_timer.o
 .text.current_int_priority_get
                0x00024850       0x3c Output/nrf51422_xxac_s130 Debug/Obj/app_timer.o
 .text.rtc1_init
                0x0002488c       0x24 Output/nrf51422_xxac_s130 Debug/Obj/app_timer.o
 .text.rtc1_start
                0x000248b0       0x68 Output/nrf51422_xxac_s130 Debug/Obj/app_timer.o
 .text.rtc1_stop
                0x00024918       0x98 Output/nrf51422_xxac_s130 Debug/Obj/app_timer.o
 .text.rtc1_counter_get
                0x000249b0       0x18 Output/nrf51422_xxac_s130 Debug/Obj/app_timer.o
 .text.ticks_diff_get
                0x000249c8       0x1c Output/nrf51422_xxac_s130 Debug/Obj/app_timer.o
 .text.rtc1_compare0_set
                0x000249e4       0x1c Output/nrf51422_xxac_s130 Debug/Obj/app_timer.o
 .text.timer_list_insert
                0x00024a00       0xb0 Output/nrf51422_xxac_s130 Debug/Obj/app_timer.o
 .text.timer_list_remove
                0x00024ab0       0xa0 Output/nrf51422_xxac_s130 Debug/Obj/app_timer.o
 .text.timer_timeouts_check_sched
                0x00024b50       0x10 Output/nrf51422_xxac_s130 Debug/Obj/app_timer.o
 .text.timer_list_handler_sched
                0x00024b60       0x10 Output/nrf51422_xxac_s130 Debug/Obj/app_timer.o
 .text.timeout_handler_exec
                0x00024b70       0x64 Output/nrf51422_xxac_s130 Debug/Obj/app_timer.o
 .text.timer_timeouts_check
                0x00024bd4       0xc8 Output/nrf51422_xxac_s130 Debug/Obj/app_timer.o
 .text.elapsed_ticks_acquire
                0x00024c9c       0x7c Output/nrf51422_xxac_s130 Debug/Obj/app_timer.o
 .text.list_deletions_handler
                0x00024d18       0xec Output/nrf51422_xxac_s130 Debug/Obj/app_timer.o
 .text.expired_timers_handler
                0x00024e04       0x98 Output/nrf51422_xxac_s130 Debug/Obj/app_timer.o
 .text.list_insertions_handler
                0x00024e9c      0x194 Output/nrf51422_xxac_s130 Debug/Obj/app_timer.o
 .text.compare_reg_update
                0x00025030       0xe4 Output/nrf51422_xxac_s130 Debug/Obj/app_timer.o
 .text.timer_list_handler
                0x00025114       0x94 Output/nrf51422_xxac_s130 Debug/Obj/app_timer.o
 .text.user_op_enque
                0x000251a8       0x1c Output/nrf51422_xxac_s130 Debug/Obj/app_timer.o
 .text.user_op_alloc
                0x000251c4       0x68 Output/nrf51422_xxac_s130 Debug/Obj/app_timer.o
 .text.timer_start_op_schedule
                0x0002522c       0x84 Output/nrf51422_xxac_s130 Debug/Obj/app_timer.o
 .text.timer_stop_op_schedule
                0x000252b0       0x64 Output/nrf51422_xxac_s130 Debug/Obj/app_timer.o
 .text.RTC1_IRQHandler
                0x00025314       0x4c Output/nrf51422_xxac_s130 Debug/Obj/app_timer.o
                0x00025314                RTC1_IRQHandler
 .text.SWI0_IRQHandler
                0x00025360        0xc Output/nrf51422_xxac_s130 Debug/Obj/app_timer.o
                0x00025360                SWI0_IRQHandler
 .text.app_timer_init
                0x0002536c      0x108 Output/nrf51422_xxac_s130 Debug/Obj/app_timer.o
                0x0002536c                app_timer_init
 .text.app_timer_create
                0x00025474       0x6c Output/nrf51422_xxac_s130 Debug/Obj/app_timer.o
                0x00025474                app_timer_create
 .text.user_id_get
                0x000254e0       0x34 Output/nrf51422_xxac_s130 Debug/Obj/app_timer.o
 .text.app_timer_start
                0x00025514       0x70 Output/nrf51422_xxac_s130 Debug/Obj/app_timer.o
                0x00025514                app_timer_start
 .text.app_timer_stop
                0x00025584       0x50 Output/nrf51422_xxac_s130 Debug/Obj/app_timer.o
                0x00025584                app_timer_stop
 .text.fs_queued_op_count_get
                0x000255d4       0x28 Output/nrf51422_xxac_s130 Debug/Obj/fstorage.o
                0x000255d4                fs_queued_op_count_get
 .text.NVIC_EnableIRQ
                0x000255fc       0x2c Output/nrf51422_xxac_s130 Debug/Obj/softdevice_handler.o
 .text.NVIC_GetPriority
                0x00025628       0x78 Output/nrf51422_xxac_s130 Debug/Obj/softdevice_handler.o
 .text.sd_evt_get
                0x000256a0        0x8 Output/nrf51422_xxac_s130 Debug/Obj/softdevice_handler.o
 .text.sd_softdevice_enable
                0x000256a8        0x8 Output/nrf51422_xxac_s130 Debug/Obj/softdevice_handler.o
 .text.is_word_aligned
                0x000256b0       0x1c Output/nrf51422_xxac_s130 Debug/Obj/softdevice_handler.o
 .text.sd_ble_enable
                0x000256cc        0x8 Output/nrf51422_xxac_s130 Debug/Obj/softdevice_handler.o
 .text.sd_ble_evt_get
                0x000256d4        0x8 Output/nrf51422_xxac_s130 Debug/Obj/softdevice_handler.o
 .text.__sd_nvic_app_accessible_irq
                0x000256dc       0x3c Output/nrf51422_xxac_s130 Debug/Obj/softdevice_handler.o
 .text.__sd_nvic_is_app_accessible_priority
                0x00025718       0x2c Output/nrf51422_xxac_s130 Debug/Obj/softdevice_handler.o
 .text.sd_nvic_EnableIRQ
                0x00025744       0x98 Output/nrf51422_xxac_s130 Debug/Obj/softdevice_handler.o
 .text.softdevice_fault_handler
                0x000257dc       0x24 Output/nrf51422_xxac_s130 Debug/Obj/softdevice_handler.o
                0x000257dc                softdevice_fault_handler
 .text.intern_softdevice_events_execute
                0x00025800      0x114 Output/nrf51422_xxac_s130 Debug/Obj/softdevice_handler.o
                0x00025800                intern_softdevice_events_execute
 .text.softdevice_handler_init
                0x00025914       0x8c Output/nrf51422_xxac_s130 Debug/Obj/softdevice_handler.o
                0x00025914                softdevice_handler_init
 .text.softdevice_ble_evt_handler_set
                0x000259a0       0x28 Output/nrf51422_xxac_s130 Debug/Obj/softdevice_handler.o
                0x000259a0                softdevice_ble_evt_handler_set
 .text.softdevice_sys_evt_handler_set
                0x000259c8       0x28 Output/nrf51422_xxac_s130 Debug/Obj/softdevice_handler.o
                0x000259c8                softdevice_sys_evt_handler_set
 .text.SWI2_IRQHandler
                0x000259f0       0x4c Output/nrf51422_xxac_s130 Debug/Obj/softdevice_handler.o
                0x000259f0                SWI2_IRQHandler
 .text.sd_check_ram_start
                0x00025a3c       0x28 Output/nrf51422_xxac_s130 Debug/Obj/softdevice_handler.o
                0x00025a3c                sd_check_ram_start
 .text.softdevice_enable
                0x00025a64       0x30 Output/nrf51422_xxac_s130 Debug/Obj/softdevice_handler.o
                0x00025a64                softdevice_enable
 .text.__printf_lock
                0x00025a94        0x2 Output/nrf51422_xxac_s130 Debug/Obj/thumb_crt0.o
                0x00025a94                __printf_lock
 .text.__printf_unlock
                0x00025a96        0x2 Output/nrf51422_xxac_s130 Debug/Obj/thumb_crt0.o
                0x00025a96                __printf_unlock
 .text.__putchar
                0x00025a98        0x8 Output/nrf51422_xxac_s130 Debug/Obj/thumb_crt0.o
                0x00025a98                __putchar
 .text.libc.muldi3
                0x00025aa0       0x60 /Applications/SEGGER Embedded Studio 2.16a/lib/libc_v6m_t_le_eabi.a(libc_asm.o)
                0x00025aa0                __aeabi_lmul
                0x00025aa0                __muldi3
 .text.libc.__int32_div
                0x00025b00       0x64 /Applications/SEGGER Embedded Studio 2.16a/lib/libc_v6m_t_le_eabi.a(libc_asm.o)
                0x00025b00                __aeabi_idiv
                0x00025b00                __int32_div
                0x00025b00                __divsi3
                0x00025b3c                __udivsi3
                0x00025b3c                __uint32_div
                0x00025b3c                __aeabi_uidiv
 .text.libc.__aeabi_uidivmod
                0x00025b64       0x2c /Applications/SEGGER Embedded Studio 2.16a/lib/libc_v6m_t_le_eabi.a(libc_asm.o)
                0x00025b64                __int32_udivmod
                0x00025b64                __aeabi_uidivmod
 .text.libc.__putc
                0x00025b90       0x3c /Applications/SEGGER Embedded Studio 2.16a/lib/libc_v6m_t_le_eabi.a(libc2.o)
                0x00025b90                __putc
 .text.libc.memcmp
                0x00025bcc       0x38 /Applications/SEGGER Embedded Studio 2.16a/lib/libc_v6m_t_le_eabi.a(libc2.o)
                0x00025bcc                memcmp
 .text.libc.printf
                0x00025c04       0x40 /Applications/SEGGER Embedded Studio 2.16a/lib/libc_v6m_t_le_eabi.a(libc2.o)
                0x00025c04                printf
 .text.libc.memcpy
                0x00025c44       0x18 /Applications/SEGGER Embedded Studio 2.16a/lib/libc_v6m_t_le_eabi.a(libc2_asm.o)
                0x00025c44                memcpy
                0x00025c44                __aeabi_memcpy
                0x00025c44                __aeabi_memcpy4
                0x00025c44                __aeabi_memcpy8
 .text.libc.memset
                0x00025c5c       0x14 /Applications/SEGGER Embedded Studio 2.16a/lib/libc_v6m_t_le_eabi.a(libc2_asm.o)
                0x00025c5c                memset
 .text.libc.strlen
                0x00025c70       0x10 /Applications/SEGGER Embedded Studio 2.16a/lib/libc_v6m_t_le_eabi.a(libc2_asm.o)
                0x00025c70                strlen
 .text.libc.__vfprintf_int_nwp
                0x00025c80      0x340 /Applications/SEGGER Embedded Studio 2.16a/lib/libvfprintf_v6m_t_le_eabi.o
                0x00025c80                __vfprintf_int_nwp
                0x00025fc0                __text_end__ = (__text_start__ + SIZEOF (.text))
                0x0000ac40                __text_size__ = SIZEOF (.text)
                0x00025fc0                __text_load_end__ = __text_end__

.vfp11_veneer   0x00000000        0x0
 .vfp11_veneer  0x00000000        0x0 linker stubs

.v4_bx          0x00000000        0x0
 .v4_bx         0x00000000        0x0 linker stubs

.iplt           0x00000000        0x0
 .iplt          0x00000000        0x0 Output/nrf51422_xxac_s130 Debug/Obj/main.o
                0x00000001                . = ASSERT (((__text_start__ == __text_end__) || ((__text_end__ >= __FLASH_segment_start__) && (__text_end__ <= __FLASH_segment_end__))), error: .text is too large to fit in FLASH memory segment)
                0x00025fc0                __dtors_load_start__ = ALIGN (__text_end__, 0x4)

.dtors          0x00025fc0        0x0
                0x00025fc0                __dtors_start__ = .
 *(SORT(.dtors.*))
 *(.dtors)
 *(.fini_array)
 *(SORT(.fini_array.*))
                0x00025fc0                __dtors_end__ = (__dtors_start__ + SIZEOF (.dtors))
                0x00000000                __dtors_size__ = SIZEOF (.dtors)
                0x00025fc0                __dtors_load_end__ = __dtors_end__
                0x00000001                . = ASSERT (((__dtors_start__ == __dtors_end__) || ((__dtors_end__ >= __FLASH_segment_start__) && (__dtors_end__ <= __FLASH_segment_end__))), error: .dtors is too large to fit in FLASH memory segment)
                0x00025fc0                __ctors_load_start__ = ALIGN (__dtors_end__, 0x4)

.ctors          0x00025fc0        0x0
                0x00025fc0                __ctors_start__ = .
 *(SORT(.ctors.*))
 *(.ctors)
 *(.init_array)
 *(SORT(.init_array.*))
                0x00025fc0                __ctors_end__ = (__ctors_start__ + SIZEOF (.ctors))
                0x00000000                __ctors_size__ = SIZEOF (.ctors)
                0x00025fc0                __ctors_load_end__ = __ctors_end__
                0x00000001                . = ASSERT (((__ctors_start__ == __ctors_end__) || ((__ctors_end__ >= __FLASH_segment_start__) && (__ctors_end__ <= __FLASH_segment_end__))), error: .ctors is too large to fit in FLASH memory segment)
                0x00025fc0                __rodata_load_start__ = ALIGN (__ctors_end__, 0x4)

.rodata         0x00025fc0      0xa8c
                0x00025fc0                __rodata_start__ = .
 *(.rodata .rodata.* .gnu.linkonce.r.*)
 .rodata.m_our_char_timer_id
                0x00025fc0        0x4 Output/nrf51422_xxac_s130 Debug/Obj/main.o
 .rodata        0x00025fc4       0xd8 Output/nrf51422_xxac_s130 Debug/Obj/main.o
 .rodata        0x0002609c       0xe0 Output/nrf51422_xxac_s130 Debug/Obj/device_info_service.o
 .rodata        0x0002617c       0xc8 Output/nrf51422_xxac_s130 Debug/Obj/temperature_Service.o
 .rodata.m_leds_timer_id
                0x00026244        0x4 Output/nrf51422_xxac_s130 Debug/Obj/bsp.o
 .rodata.m_alert_timer_id
                0x00026248        0x4 Output/nrf51422_xxac_s130 Debug/Obj/bsp.o
 .rodata.m_button_timer_id
                0x0002624c        0x4 Output/nrf51422_xxac_s130 Debug/Obj/bsp.o
 .rodata.m_buttons_list
                0x00026250       0x10 Output/nrf51422_xxac_s130 Debug/Obj/bsp.o
 .rodata.app_buttons
                0x00026260       0x20 Output/nrf51422_xxac_s130 Debug/Obj/bsp.o
 .rodata.bsp_led_indication
                0x00026280       0x60 Output/nrf51422_xxac_s130 Debug/Obj/bsp.o
 .rodata.m_conn_params_timer_id
                0x000262e0        0x4 Output/nrf51422_xxac_s130 Debug/Obj/ble_conn_params.o
 .rodata.m_service_context_store
                0x000262e4       0x10 Output/nrf51422_xxac_s130 Debug/Obj/device_manager_peripheral.o
                0x000262e4                m_service_context_store
 .rodata.m_service_context_load
                0x000262f4       0x10 Output/nrf51422_xxac_s130 Debug/Obj/device_manager_peripheral.o
                0x000262f4                m_service_context_load
 .rodata.m_service_context_apply
                0x00026304       0x10 Output/nrf51422_xxac_s130 Debug/Obj/device_manager_peripheral.o
                0x00026304                m_service_context_apply
 .rodata.m_context_init_len
                0x00026314        0x4 Output/nrf51422_xxac_s130 Debug/Obj/device_manager_peripheral.o
                0x00026314                m_context_init_len
 .rodata        0x00026318       0xd3 Output/nrf51422_xxac_s130 Debug/Obj/device_manager_peripheral.o
 *fill*         0x000263eb        0x1 
 .rodata.dm_ble_evt_handler
                0x000263ec      0x10c Output/nrf51422_xxac_s130 Debug/Obj/device_manager_peripheral.o
 .rodata        0x000264f8       0x20 Output/nrf51422_xxac_s130 Debug/Obj/app_uart.o
 .rodata.m_default_config
                0x00026518       0x20 Output/nrf51422_xxac_s130 Debug/Obj/nrf_drv_uart.o
 .rodata.swap_sub_state_sm_lut.5826
                0x00026538       0x14 Output/nrf51422_xxac_s130 Debug/Obj/pstorage.o
 .rodata.swap_sub_state_sm_lut.5901
                0x0002654c       0x14 Output/nrf51422_xxac_s130 Debug/Obj/pstorage.o
 .rodata.m_detection_delay_timer_id
                0x00026560        0x4 Output/nrf51422_xxac_s130 Debug/Obj/app_button.o
 .rodata        0x00026564       0x3b Output/nrf51422_xxac_s130 Debug/Obj/app_error.o
 *fill*         0x0002659f        0x1 
 .rodata        0x000265a0       0xc0 Output/nrf51422_xxac_s130 Debug/Obj/app_timer.o
 .rodata        0x00026660       0xde Output/nrf51422_xxac_s130 Debug/Obj/softdevice_handler.o
 *fill*         0x0002673e        0x2 
 .rodata.libc.__RAL_hex_uc
                0x00026740       0x10 /Applications/SEGGER Embedded Studio 2.16a/lib/libc_v6m_t_le_eabi.a(libc2.o)
                0x00026740                __RAL_hex_uc
 .rodata.libc.__RAL_hex_lc
                0x00026750       0x10 /Applications/SEGGER Embedded Studio 2.16a/lib/libc_v6m_t_le_eabi.a(libc2.o)
                0x00026750                __RAL_hex_lc
 .rodata.libc.__vfprintf_int_nwp
                0x00026760      0x2ec /Applications/SEGGER Embedded Studio 2.16a/lib/libvfprintf_v6m_t_le_eabi.o
                0x00026a4c                __rodata_end__ = (__rodata_start__ + SIZEOF (.rodata))
                0x00000a8c                __rodata_size__ = SIZEOF (.rodata)
                0x00026a4c                __rodata_load_end__ = __rodata_end__

.rel.dyn        0x00000000        0x0
 .rel.iplt      0x00000000        0x0 Output/nrf51422_xxac_s130 Debug/Obj/main.o
                0x00000001                . = ASSERT (((__rodata_start__ == __rodata_end__) || ((__rodata_end__ >= __FLASH_segment_start__) && (__rodata_end__ <= __FLASH_segment_end__))), error: .rodata is too large to fit in FLASH memory segment)
                0x00026a4c                __ARM.exidx_load_start__ = ALIGN (__rodata_end__, 0x4)

.ARM.exidx      0x00026a4c        0x0
                0x00026a4c                __ARM.exidx_start__ = .
                0x00026a4c                __exidx_start = __ARM.exidx_start__
 *(.ARM.exidx .ARM.exidx.*)
                0x00026a4c                __ARM.exidx_end__ = (__ARM.exidx_start__ + SIZEOF (.ARM.exidx))
                0x00000000                __ARM.exidx_size__ = SIZEOF (.ARM.exidx)
                0x00026a4c                __exidx_end = __ARM.exidx_end__
                0x00026a4c                __ARM.exidx_load_end__ = __ARM.exidx_end__
                0x00000001                . = ASSERT (((__ARM.exidx_start__ == __ARM.exidx_end__) || ((__ARM.exidx_end__ >= __FLASH_segment_start__) && (__ARM.exidx_end__ <= __FLASH_segment_end__))), error: .ARM.exidx is too large to fit in FLASH memory segment)
                0x00026a4c                __fast_load_start__ = ALIGN (__ARM.exidx_end__, 0x4)

.fast           0x20002080        0x0 load address 0x00026a4c
                0x20002080                __fast_start__ = .
 *(.fast .fast.*)
                0x20002080                __fast_end__ = (__fast_start__ + SIZEOF (.fast))
                0x00000000                __fast_size__ = SIZEOF (.fast)
                0x00026a4c                __fast_load_end__ = (__fast_load_start__ + SIZEOF (.fast))
                0x00000001                . = ASSERT (((__fast_load_start__ == __fast_load_end__) || ((__fast_load_end__ >= __FLASH_segment_start__) && (__fast_load_end__ <= __FLASH_segment_end__))), error: .fast is too large to fit in FLASH memory segment)

.fast_run       0x20002080        0x0
                0x20002080                __fast_run_start__ = .
                0x20002080                . = MAX ((__fast_run_start__ + SIZEOF (.fast)), .)
                0x20002080                __fast_run_end__ = (__fast_run_start__ + SIZEOF (.fast_run))
                0x00000000                __fast_run_size__ = SIZEOF (.fast_run)
                0x20002080                __fast_run_load_end__ = __fast_run_end__
                0x00000001                . = ASSERT (((__fast_run_start__ == __fast_run_end__) || ((__fast_run_end__ >= __RAM_segment_start__) && (__fast_run_end__ <= __RAM_segment_end__))), error: .fast_run is too large to fit in RAM memory segment)
                0x00026a4c                __data_load_start__ = ALIGN ((__fast_load_start__ + SIZEOF (.fast)), 0x4)

.data           0x20002080        0x8 load address 0x00026a4c
                0x20002080                __data_start__ = .
 *(.data .data.* .gnu.linkonce.d.*)
 .data.m_conn_handle
                0x20002080        0x2 Output/nrf51422_xxac_s130 Debug/Obj/main.o
 .data.cur_conn_handle.7780
                0x20002082        0x2 Output/nrf51422_xxac_s130 Debug/Obj/main.o
 .data.prev_conn_handle.7781
                0x20002084        0x2 Output/nrf51422_xxac_s130 Debug/Obj/main.o
 .data.current_slave_link_conn_handle.6603
                0x20002086        0x2 Output/nrf51422_xxac_s130 Debug/Obj/ble_advertising.o
                0x20002088                __data_end__ = (__data_start__ + SIZEOF (.data))
                0x00000008                __data_size__ = SIZEOF (.data)
                0x00026a54                __data_load_end__ = (__data_load_start__ + SIZEOF (.data))

.igot.plt       0x00000000        0x0
 .igot.plt      0x00000000        0x0 Output/nrf51422_xxac_s130 Debug/Obj/main.o
                0x00000001                . = ASSERT (((__data_load_start__ == __data_load_end__) || ((__data_load_end__ >= __FLASH_segment_start__) && (__data_load_end__ <= __FLASH_segment_end__))), error: .data is too large to fit in FLASH memory segment)

.data_run       0x20002080        0x8 load address 0x00026a4c
                0x20002080                __data_run_start__ = .
                0x20002088                . = MAX ((__data_run_start__ + SIZEOF (.data)), .)
 *fill*         0x20002080        0x8 
                0x20002088                __data_run_end__ = (__data_run_start__ + SIZEOF (.data_run))
                0x00000008                __data_run_size__ = SIZEOF (.data_run)
                0x20002088                __data_run_load_end__ = __data_run_end__
                0x00000001                . = ASSERT (((__data_run_start__ == __data_run_end__) || ((__data_run_end__ >= __RAM_segment_start__) && (__data_run_end__ <= __RAM_segment_end__))), error: .data_run is too large to fit in RAM memory segment)
                0x00026a54                __tdata_load_start__ = ALIGN ((__data_load_start__ + SIZEOF (.data)), 0x4)

.tdata          0x20002088        0x0 load address 0x00026a54
                0x20002088                __tdata_start__ = .
 *(.tdata .tdata.*)
                0x20002088                __tdata_end__ = (__tdata_start__ + SIZEOF (.tdata))
                0x00000000                __tdata_size__ = SIZEOF (.tdata)
                0x00026a54                __tdata_load_end__ = (__tdata_load_start__ + SIZEOF (.tdata))
                0x00026a54                __FLASH_segment_used_end__ = (ALIGN ((__data_load_start__ + SIZEOF (.data)), 0x4) + SIZEOF (.tdata))
                0x00026a54                __FLASH_segment_used_size__ = (__FLASH_segment_used_end__ - __FLASH_segment_start__)
                0x00000001                . = ASSERT (((__tdata_load_start__ == __tdata_load_end__) || ((__tdata_load_end__ >= __FLASH_segment_start__) && (__tdata_load_end__ <= __FLASH_segment_end__))), error: .tdata is too large to fit in FLASH memory segment)

.tdata_run      0x20002088        0x0
                0x20002088                __tdata_run_start__ = .
                0x20002088                . = MAX ((__tdata_run_start__ + SIZEOF (.tdata)), .)
                0x20002088                __tdata_run_end__ = (__tdata_run_start__ + SIZEOF (.tdata_run))
                0x00000000                __tdata_run_size__ = SIZEOF (.tdata_run)
                0x20002088                __tdata_run_load_end__ = __tdata_run_end__
                0x00000001                . = ASSERT (((__tdata_run_start__ == __tdata_run_end__) || ((__tdata_run_end__ >= __RAM_segment_start__) && (__tdata_run_end__ <= __RAM_segment_end__))), error: .tdata_run is too large to fit in RAM memory segment)
                0x20002088                __bss_load_start__ = ALIGN (__tdata_run_end__, 0x4)

.bss            0x20002088      0x97c
                0x20002088                __bss_start__ = .
 *(.bss .bss.* .gnu.linkonce.b.*)
 .bss.m_app_handle
                0x20002088        0x1 Output/nrf51422_xxac_s130 Debug/Obj/main.o
 *fill*         0x20002089        0x3 
 .bss.device_info_service
                0x2000208c        0xa Output/nrf51422_xxac_s130 Debug/Obj/main.o
                0x2000208c                device_info_service
 *fill*         0x20002096        0x2 
 .bss.temperature_service
                0x20002098       0x1c Output/nrf51422_xxac_s130 Debug/Obj/main.o
                0x20002098                temperature_service
 .bss.storing_in_flash
                0x200020b4        0x1 Output/nrf51422_xxac_s130 Debug/Obj/main.o
                0x200020b4                storing_in_flash
 .bss.loading_from_flash
                0x200020b5        0x1 Output/nrf51422_xxac_s130 Debug/Obj/main.o
                0x200020b5                loading_from_flash
 .bss.clearing_flash
                0x200020b6        0x1 Output/nrf51422_xxac_s130 Debug/Obj/main.o
                0x200020b6                clearing_flash
 *fill*         0x200020b7        0x1 
 .bss.base_handle
                0x200020b8        0x8 Output/nrf51422_xxac_s130 Debug/Obj/main.o
                0x200020b8                base_handle
 .bss.temp_ram_storage
                0x200020c0       0x28 Output/nrf51422_xxac_s130 Debug/Obj/main.o
                0x200020c0                temp_ram_storage
 .bss.ram_store_idx
                0x200020e8        0x4 Output/nrf51422_xxac_s130 Debug/Obj/main.o
                0x200020e8                ram_store_idx
 .bss.m_our_char_timer_id_data
                0x200020ec       0x20 Output/nrf51422_xxac_s130 Debug/Obj/main.o
 .bss.time.7778
                0x2000210c        0x4 Output/nrf51422_xxac_s130 Debug/Obj/main.o
 .bss.APP_TIMER_BUF.7785
                0x20002110      0x1c8 Output/nrf51422_xxac_s130 Debug/Obj/main.o
 .bss.BLE_EVT_BUFFER.7852
                0x200022d8       0x48 Output/nrf51422_xxac_s130 Debug/Obj/main.o
 .bss.rx_buf.7921
                0x20002320        0x1 Output/nrf51422_xxac_s130 Debug/Obj/main.o
 *fill*         0x20002321        0x3 
 .bss.tx_buf.7922
                0x20002324      0x100 Output/nrf51422_xxac_s130 Debug/Obj/main.o
 .bss.m_stable_state
                0x20002424        0x1 Output/nrf51422_xxac_s130 Debug/Obj/bsp.o
 *fill*         0x20002425        0x3 
 .bss.m_app_ticks_per_100ms
                0x20002428        0x4 Output/nrf51422_xxac_s130 Debug/Obj/bsp.o
 .bss.m_indication_type
                0x2000242c        0x4 Output/nrf51422_xxac_s130 Debug/Obj/bsp.o
 .bss.m_alert_mask
                0x20002430        0x4 Output/nrf51422_xxac_s130 Debug/Obj/bsp.o
 .bss.m_leds_timer_id_data
                0x20002434       0x20 Output/nrf51422_xxac_s130 Debug/Obj/bsp.o
 .bss.m_alert_timer_id_data
                0x20002454       0x20 Output/nrf51422_xxac_s130 Debug/Obj/bsp.o
 .bss.m_registered_callback
                0x20002474        0x4 Output/nrf51422_xxac_s130 Debug/Obj/bsp.o
 .bss.m_events_list
                0x20002478        0xc Output/nrf51422_xxac_s130 Debug/Obj/bsp.o
 .bss.m_button_timer_id_data
                0x20002484       0x20 Output/nrf51422_xxac_s130 Debug/Obj/bsp.o
 .bss.current_long_push_pin_no.5453
                0x200024a4        0x1 Output/nrf51422_xxac_s130 Debug/Obj/bsp.o
 *fill*         0x200024a5        0x3 
 .bss.release_event_at_push.5454
                0x200024a8        0x4 Output/nrf51422_xxac_s130 Debug/Obj/bsp.o
 .bss.m_error_handler
                0x200024ac        0x4 Output/nrf51422_xxac_s130 Debug/Obj/bsp_btn_ble.o
 .bss.m_num_connections
                0x200024b0        0x4 Output/nrf51422_xxac_s130 Debug/Obj/bsp_btn_ble.o
 .bss.m_advertising_start_pending
                0x200024b4        0x1 Output/nrf51422_xxac_s130 Debug/Obj/ble_advertising.o
 *fill*         0x200024b5        0x3 
 .bss.m_peer_address
                0x200024b8        0x7 Output/nrf51422_xxac_s130 Debug/Obj/ble_advertising.o
 *fill*         0x200024bf        0x1 
 .bss.m_advdata
                0x200024c0       0x38 Output/nrf51422_xxac_s130 Debug/Obj/ble_advertising.o
 .bss.m_adv_evt
                0x200024f8        0x1 Output/nrf51422_xxac_s130 Debug/Obj/ble_advertising.o
 *fill*         0x200024f9        0x3 
 .bss.m_evt_handler
                0x200024fc        0x4 Output/nrf51422_xxac_s130 Debug/Obj/ble_advertising.o
 .bss.m_error_handler
                0x20002500        0x4 Output/nrf51422_xxac_s130 Debug/Obj/ble_advertising.o
 .bss.m_adv_mode_current
                0x20002504        0x1 Output/nrf51422_xxac_s130 Debug/Obj/ble_advertising.o
 *fill*         0x20002505        0x3 
 .bss.m_adv_modes_config
                0x20002508       0x24 Output/nrf51422_xxac_s130 Debug/Obj/ble_advertising.o
 .bss.m_whitelist
                0x2000252c       0x10 Output/nrf51422_xxac_s130 Debug/Obj/ble_advertising.o
 .bss.mp_whitelist_addr
                0x2000253c       0x20 Output/nrf51422_xxac_s130 Debug/Obj/ble_advertising.o
 .bss.mp_whitelist_irk
                0x2000255c       0x20 Output/nrf51422_xxac_s130 Debug/Obj/ble_advertising.o
 .bss.m_whitelist_temporarily_disabled
                0x2000257c        0x1 Output/nrf51422_xxac_s130 Debug/Obj/ble_advertising.o
 .bss.m_whitelist_reply_expected
                0x2000257d        0x1 Output/nrf51422_xxac_s130 Debug/Obj/ble_advertising.o
 .bss.m_peer_addr_reply_expected
                0x2000257e        0x1 Output/nrf51422_xxac_s130 Debug/Obj/ble_advertising.o
 *fill*         0x2000257f        0x1 
 .bss.m_manuf_specific_data
                0x20002580        0xc Output/nrf51422_xxac_s130 Debug/Obj/ble_advertising.o
 .bss.m_manuf_data_array
                0x2000258c       0x1f Output/nrf51422_xxac_s130 Debug/Obj/ble_advertising.o
 *fill*         0x200025ab        0x1 
 .bss.m_service_data
                0x200025ac        0xc Output/nrf51422_xxac_s130 Debug/Obj/ble_advertising.o
 .bss.m_service_data_array
                0x200025b8       0x1f Output/nrf51422_xxac_s130 Debug/Obj/ble_advertising.o
 *fill*         0x200025d7        0x1 
 .bss.m_slave_conn_int
                0x200025d8        0x4 Output/nrf51422_xxac_s130 Debug/Obj/ble_advertising.o
 .bss.m_tx_power_level
                0x200025dc        0x1 Output/nrf51422_xxac_s130 Debug/Obj/ble_advertising.o
 *fill*         0x200025dd        0x3 
 .bss.m_conn_params_config
                0x200025e0       0x1c Output/nrf51422_xxac_s130 Debug/Obj/ble_conn_params.o
 .bss.m_preferred_conn_params
                0x200025fc        0x8 Output/nrf51422_xxac_s130 Debug/Obj/ble_conn_params.o
 .bss.m_update_count
                0x20002604        0x1 Output/nrf51422_xxac_s130 Debug/Obj/ble_conn_params.o
 *fill*         0x20002605        0x1 
 .bss.m_conn_handle
                0x20002606        0x2 Output/nrf51422_xxac_s130 Debug/Obj/ble_conn_params.o
 .bss.m_current_conn_params
                0x20002608        0x8 Output/nrf51422_xxac_s130 Debug/Obj/ble_conn_params.o
 .bss.m_conn_params_timer_id_data
                0x20002610       0x20 Output/nrf51422_xxac_s130 Debug/Obj/ble_conn_params.o
 .bss.m_change_param
                0x20002630        0x1 Output/nrf51422_xxac_s130 Debug/Obj/ble_conn_params.o
 *fill*         0x20002631        0x3 
 .bss.m_app_context_table
                0x20002634       0x1c Output/nrf51422_xxac_s130 Debug/Obj/device_manager_peripheral.o
 .bss.m_peer_table
                0x20002650       0xc4 Output/nrf51422_xxac_s130 Debug/Obj/device_manager_peripheral.o
 .bss.m_bond_table
                0x20002714       0x1c Output/nrf51422_xxac_s130 Debug/Obj/device_manager_peripheral.o
 .bss.m_gatts_table
                0x20002730       0x24 Output/nrf51422_xxac_s130 Debug/Obj/device_manager_peripheral.o
 .bss.m_connection_table
                0x20002754        0xc Output/nrf51422_xxac_s130 Debug/Obj/device_manager_peripheral.o
 .bss.m_application_table
                0x20002760        0xc Output/nrf51422_xxac_s130 Debug/Obj/device_manager_peripheral.o
 .bss.m_storage_handle
                0x2000276c        0x8 Output/nrf51422_xxac_s130 Debug/Obj/device_manager_peripheral.o
 .bss.m_peer_addr_update
                0x20002774        0x4 Output/nrf51422_xxac_s130 Debug/Obj/device_manager_peripheral.o
 .bss.m_local_id_info
                0x20002778       0x17 Output/nrf51422_xxac_s130 Debug/Obj/device_manager_peripheral.o
 .bss.m_module_initialized
                0x2000278f        0x1 Output/nrf51422_xxac_s130 Debug/Obj/device_manager_peripheral.o
 .bss.m_irk_index_table
                0x20002790        0x7 Output/nrf51422_xxac_s130 Debug/Obj/device_manager_peripheral.o
 *fill*         0x20002797        0x1 
 .bss.rx_buffer
                0x20002798        0x1 Output/nrf51422_xxac_s130 Debug/Obj/app_uart.o
 .bss.rx_done   0x20002799        0x1 Output/nrf51422_xxac_s130 Debug/Obj/app_uart.o
 *fill*         0x2000279a        0x2 
 .bss.m_event_handler
                0x2000279c        0x4 Output/nrf51422_xxac_s130 Debug/Obj/app_uart.o
 .bss.m_cb      0x200027a0       0x48 Output/nrf51422_xxac_s130 Debug/Obj/nrf_drv_gpiote.o
 .bss.m_cb      0x200027e8       0x1c Output/nrf51422_xxac_s130 Debug/Obj/nrf_drv_uart.o
 .bss.m_cmd_queue
                0x20002804       0xcc Output/nrf51422_xxac_s130 Debug/Obj/pstorage.o
 .bss.m_next_app_instance
                0x200028d0        0x2 Output/nrf51422_xxac_s130 Debug/Obj/pstorage.o
 *fill*         0x200028d2        0x2 
 .bss.m_next_page_addr
                0x200028d4        0x4 Output/nrf51422_xxac_s130 Debug/Obj/pstorage.o
 .bss.m_state   0x200028d8        0x1 Output/nrf51422_xxac_s130 Debug/Obj/pstorage.o
 .bss.m_swap_sub_state
                0x200028d9        0x1 Output/nrf51422_xxac_s130 Debug/Obj/pstorage.o
 *fill*         0x200028da        0x2 
 .bss.m_head_word_size
                0x200028dc        0x4 Output/nrf51422_xxac_s130 Debug/Obj/pstorage.o
 .bss.m_tail_word_size
                0x200028e0        0x4 Output/nrf51422_xxac_s130 Debug/Obj/pstorage.o
 .bss.m_current_page_id
                0x200028e4        0x4 Output/nrf51422_xxac_s130 Debug/Obj/pstorage.o
 .bss.m_num_of_command_retries
                0x200028e8        0x4 Output/nrf51422_xxac_s130 Debug/Obj/pstorage.o
 .bss.m_app_table
                0x200028ec       0x18 Output/nrf51422_xxac_s130 Debug/Obj/pstorage.o
 .bss.m_num_of_bytes_written
                0x20002904        0x4 Output/nrf51422_xxac_s130 Debug/Obj/pstorage.o
 .bss.m_app_data_size
                0x20002908        0x4 Output/nrf51422_xxac_s130 Debug/Obj/pstorage.o
 .bss.m_flags   0x2000290c        0x4 Output/nrf51422_xxac_s130 Debug/Obj/pstorage.o
 .bss.mp_buttons
                0x20002910        0x4 Output/nrf51422_xxac_s130 Debug/Obj/app_button.o
 .bss.m_button_count
                0x20002914        0x1 Output/nrf51422_xxac_s130 Debug/Obj/app_button.o
 *fill*         0x20002915        0x3 
 .bss.m_detection_delay
                0x20002918        0x4 Output/nrf51422_xxac_s130 Debug/Obj/app_button.o
 .bss.m_detection_delay_timer_id_data
                0x2000291c       0x20 Output/nrf51422_xxac_s130 Debug/Obj/app_button.o
 .bss.m_pin_state
                0x2000293c        0x4 Output/nrf51422_xxac_s130 Debug/Obj/app_button.o
 .bss.m_pin_transition
                0x20002940        0x4 Output/nrf51422_xxac_s130 Debug/Obj/app_button.o
 .bss.m_error_data.5401
                0x20002944       0x20 Output/nrf51422_xxac_s130 Debug/Obj/app_error.o
 .bss.m_user_array_size
                0x20002964        0x1 Output/nrf51422_xxac_s130 Debug/Obj/app_timer.o
 *fill*         0x20002965        0x3 
 .bss.mp_users  0x20002968        0x4 Output/nrf51422_xxac_s130 Debug/Obj/app_timer.o
 .bss.mp_timer_id_head
                0x2000296c        0x4 Output/nrf51422_xxac_s130 Debug/Obj/app_timer.o
 .bss.m_ticks_latest
                0x20002970        0x4 Output/nrf51422_xxac_s130 Debug/Obj/app_timer.o
 .bss.m_ticks_elapsed
                0x20002974        0x8 Output/nrf51422_xxac_s130 Debug/Obj/app_timer.o
 .bss.m_ticks_elapsed_q_read_ind
                0x2000297c        0x1 Output/nrf51422_xxac_s130 Debug/Obj/app_timer.o
 .bss.m_ticks_elapsed_q_write_ind
                0x2000297d        0x1 Output/nrf51422_xxac_s130 Debug/Obj/app_timer.o
 *fill*         0x2000297e        0x2 
 .bss.m_evt_schedule_func
                0x20002980        0x4 Output/nrf51422_xxac_s130 Debug/Obj/app_timer.o
 .bss.m_rtc1_running
                0x20002984        0x1 Output/nrf51422_xxac_s130 Debug/Obj/app_timer.o
 .bss.m_rtc1_reset
                0x20002985        0x1 Output/nrf51422_xxac_s130 Debug/Obj/app_timer.o
 *fill*         0x20002986        0x2 
 .bss.m_queue   0x20002988       0x58 Output/nrf51422_xxac_s130 Debug/Obj/fstorage.o
 .bss.nrf_nvic_state
                0x200029e0        0x8 Output/nrf51422_xxac_s130 Debug/Obj/softdevice_handler.o
                0x200029e0                nrf_nvic_state
 .bss.m_evt_schedule_func
                0x200029e8        0x4 Output/nrf51422_xxac_s130 Debug/Obj/softdevice_handler.o
 .bss.m_softdevice_enabled
                0x200029ec        0x1 Output/nrf51422_xxac_s130 Debug/Obj/softdevice_handler.o
 *fill*         0x200029ed        0x3 
 .bss.mp_ble_evt_buffer
                0x200029f0        0x4 Output/nrf51422_xxac_s130 Debug/Obj/softdevice_handler.o
 .bss.m_ble_evt_buffer_size
                0x200029f4        0x2 Output/nrf51422_xxac_s130 Debug/Obj/softdevice_handler.o
 *fill*         0x200029f6        0x2 
 .bss.m_ble_evt_handler
                0x200029f8        0x4 Output/nrf51422_xxac_s130 Debug/Obj/softdevice_handler.o
 .bss.m_sys_evt_handler
                0x200029fc        0x4 Output/nrf51422_xxac_s130 Debug/Obj/softdevice_handler.o
 .bss.libc.__user_format_extender
                0x20002a00        0x4 /Applications/SEGGER Embedded Studio 2.16a/lib/libc_v6m_t_le_eabi.a(libc2.o)
                0x20002a00                __user_format_extender
 *(COMMON)
                0x20002a04                __bss_end__ = (__bss_start__ + SIZEOF (.bss))
                0x0000097c                __bss_size__ = SIZEOF (.bss)
                0x20002a04                __bss_load_end__ = __bss_end__
                0x00000001                . = ASSERT (((__bss_start__ == __bss_end__) || ((__bss_end__ >= __RAM_segment_start__) && (__bss_end__ <= __RAM_segment_end__))), error: .bss is too large to fit in RAM memory segment)
                0x20002a04                __tbss_load_start__ = ALIGN (__bss_end__, 0x4)

.tbss           0x20002a04        0x0
                0x20002a04                __tbss_start__ = .
 *(.tbss .tbss.*)
                0x20002a04                __tbss_end__ = (__tbss_start__ + SIZEOF (.tbss))
                0x00000000                __tbss_size__ = SIZEOF (.tbss)
                0x20002a04                __tbss_load_end__ = __tbss_end__
                0x00000001                . = ASSERT (((__tbss_start__ == __tbss_end__) || ((__tbss_end__ >= __RAM_segment_start__) && (__tbss_end__ <= __RAM_segment_end__))), error: .tbss is too large to fit in RAM memory segment)
                0x20002a04                __non_init_load_start__ = ALIGN (__tbss_end__, 0x4)

.non_init       0x20002a04        0x0
                0x20002a04                __non_init_start__ = .
 *(.non_init .non_init.*)
                0x20002a04                __non_init_end__ = (__non_init_start__ + SIZEOF (.non_init))
                0x00000000                __non_init_size__ = SIZEOF (.non_init)
                0x20002a04                __non_init_load_end__ = __non_init_end__
                0x00000001                . = ASSERT (((__non_init_start__ == __non_init_end__) || ((__non_init_end__ >= __RAM_segment_start__) && (__non_init_end__ <= __RAM_segment_end__))), error: .non_init is too large to fit in RAM memory segment)
                0x20002a04                __heap_load_start__ = ALIGN (__non_init_end__, 0x4)

.heap           0x20002a04      0x100
                0x20002a04                __heap_start__ = .
 *(.heap .heap.*)
                0x20002b04                . = ALIGN (MAX ((__heap_start__ + __HEAPSIZE__), .), 0x4)
 *fill*         0x20002a04      0x100 
                0x20002b04                __heap_end__ = (__heap_start__ + SIZEOF (.heap))
                0x00000100                __heap_size__ = SIZEOF (.heap)
                0x20002b04                __heap_load_end__ = __heap_end__
                0x00000001                . = ASSERT (((__heap_start__ == __heap_end__) || ((__heap_end__ >= __RAM_segment_start__) && (__heap_end__ <= __RAM_segment_end__))), error: .heap is too large to fit in RAM memory segment)
                0x20007800                __stack_load_start__ = (__RAM_segment_end__ - 0x800)

.stack          0x20007800      0x800
                0x20007800                __stack_start__ = .
 *(.stack .stack.*)
                0x20008000                . = ALIGN (MAX ((__stack_start__ + __STACKSIZE__), .), 0x8)
 *fill*         0x20007800      0x800 
                0x20008000                __stack_end__ = (__stack_start__ + SIZEOF (.stack))
                0x00000800                __stack_size__ = SIZEOF (.stack)
                0x20008000                __stack_load_end__ = __stack_end__
                0x00000001                . = ASSERT (((__stack_start__ == __stack_end__) || ((__stack_end__ >= __RAM_segment_start__) && (__stack_end__ <= __RAM_segment_end__))), error: .stack is too large to fit in RAM memory segment)
                0x20008000                __stack_process_load_start__ = ALIGN (__stack_end__, 0x8)

.stack_process  0x20008000        0x0
                0x20008000                __stack_process_start__ = .
 *(.stack_process .stack_process.*)
                0x20008000                . = ALIGN (MAX ((__stack_process_start__ + __STACKSIZE_PROCESS__), .), 0x8)
                0x20008000                __stack_process_end__ = (__stack_process_start__ + SIZEOF (.stack_process))
                0x00000000                __stack_process_size__ = SIZEOF (.stack_process)
                0x20008000                __stack_process_load_end__ = __stack_process_end__
                0x20008000                __RAM_segment_used_end__ = (ALIGN (__stack_end__, 0x8) + SIZEOF (.stack_process))
                0x00008000                __RAM_segment_used_size__ = (__RAM_segment_used_end__ - __RAM_segment_start__)
                0x00000001                . = ASSERT (((__stack_process_start__ == __stack_process_end__) || ((__stack_process_end__ >= __RAM_segment_start__) && (__stack_process_end__ <= __RAM_segment_end__))), error: .stack_process is too large to fit in RAM memory segment)
START GROUP
LOAD Output/nrf51422_xxac_s130 Debug/Obj/main.o
LOAD Output/nrf51422_xxac_s130 Debug/Obj/our_service.o
LOAD Output/nrf51422_xxac_s130 Debug/Obj/device_info_service.o
LOAD Output/nrf51422_xxac_s130 Debug/Obj/temperature_Service.o
LOAD Output/nrf51422_xxac_s130 Debug/Obj/bsp.o
LOAD Output/nrf51422_xxac_s130 Debug/Obj/bsp_btn_ble.o
LOAD Output/nrf51422_xxac_s130 Debug/Obj/ble_advdata.o
LOAD Output/nrf51422_xxac_s130 Debug/Obj/ble_advertising.o
LOAD Output/nrf51422_xxac_s130 Debug/Obj/ble_conn_params.o
LOAD Output/nrf51422_xxac_s130 Debug/Obj/ble_srv_common.o
LOAD Output/nrf51422_xxac_s130 Debug/Obj/device_manager_peripheral.o
LOAD Output/nrf51422_xxac_s130 Debug/Obj/app_uart.o
LOAD Output/nrf51422_xxac_s130 Debug/Obj/nrf_delay.o
LOAD Output/nrf51422_xxac_s130 Debug/Obj/nrf_drv_common.o
LOAD Output/nrf51422_xxac_s130 Debug/Obj/nrf_drv_gpiote.o
LOAD Output/nrf51422_xxac_s130 Debug/Obj/nrf_drv_uart.o
LOAD Output/nrf51422_xxac_s130 Debug/Obj/pstorage.o
LOAD Output/nrf51422_xxac_s130 Debug/Obj/app_button.o
LOAD Output/nrf51422_xxac_s130 Debug/Obj/app_error.o
LOAD Output/nrf51422_xxac_s130 Debug/Obj/app_error_weak.o
LOAD Output/nrf51422_xxac_s130 Debug/Obj/app_timer.o
LOAD Output/nrf51422_xxac_s130 Debug/Obj/app_trace.o
LOAD Output/nrf51422_xxac_s130 Debug/Obj/app_util_platform.o
LOAD Output/nrf51422_xxac_s130 Debug/Obj/fstorage.o
LOAD Output/nrf51422_xxac_s130 Debug/Obj/nrf_assert.o
LOAD Output/nrf51422_xxac_s130 Debug/Obj/nrf_log.o
LOAD Output/nrf51422_xxac_s130 Debug/Obj/sensorsim.o
LOAD Output/nrf51422_xxac_s130 Debug/Obj/softdevice_handler.o
LOAD Output/nrf51422_xxac_s130 Debug/Obj/system_nrf51.o
LOAD Output/nrf51422_xxac_s130 Debug/Obj/thumb_crt0.o
LOAD Output/nrf51422_xxac_s130 Debug/Obj/nRF_Startup.o
LOAD Output/nrf51422_xxac_s130 Debug/Obj/nrf51_Vectors.o
LOAD /Applications/SEGGER Embedded Studio 2.16a/lib/libdebugio_mempoll_v6m_t_le_eabi.a
LOAD /Applications/SEGGER Embedded Studio 2.16a/lib/libm_v6m_t_le_eabi.a
LOAD /Applications/SEGGER Embedded Studio 2.16a/lib/libc_v6m_t_le_eabi.a
LOAD /Applications/SEGGER Embedded Studio 2.16a/lib/libcpp_v6m_t_le_eabi.a
LOAD /Applications/SEGGER Embedded Studio 2.16a/lib/libdebugio_v6m_t_le_eabi.a
LOAD /Applications/SEGGER Embedded Studio 2.16a/lib/libvfprintf_v6m_t_le_eabi.o
LOAD /Applications/SEGGER Embedded Studio 2.16a/lib/libvfscanf_v6m_t_le_eabi.o
END GROUP
OUTPUT(Output/Debug/Exe/nrf51422_xxac_s130.elf elf32-littlearm)

.debug_frame    0x00000000     0xc2b0
 .debug_frame   0x00000000      0xb8c Output/nrf51422_xxac_s130 Debug/Obj/main.o
 .debug_frame   0x00000b8c      0x49c Output/nrf51422_xxac_s130 Debug/Obj/device_info_service.o
 .debug_frame   0x00001028      0x520 Output/nrf51422_xxac_s130 Debug/Obj/temperature_Service.o
 .debug_frame   0x00001548      0x268 Output/nrf51422_xxac_s130 Debug/Obj/bsp.o
 .debug_frame   0x000017b0      0x548 Output/nrf51422_xxac_s130 Debug/Obj/bsp_btn_ble.o
 .debug_frame   0x00001cf8      0x784 Output/nrf51422_xxac_s130 Debug/Obj/ble_advdata.o
 .debug_frame   0x0000247c      0x8bc Output/nrf51422_xxac_s130 Debug/Obj/ble_advertising.o
 .debug_frame   0x00002d38      0x674 Output/nrf51422_xxac_s130 Debug/Obj/ble_conn_params.o
 .debug_frame   0x000033ac      0xcd8 Output/nrf51422_xxac_s130 Debug/Obj/device_manager_peripheral.o
 .debug_frame   0x00004084      0x3a8 Output/nrf51422_xxac_s130 Debug/Obj/app_uart.o
 .debug_frame   0x0000442c      0x364 Output/nrf51422_xxac_s130 Debug/Obj/nrf_drv_common.o
 .debug_frame   0x00004790      0xd74 Output/nrf51422_xxac_s130 Debug/Obj/nrf_drv_gpiote.o
 .debug_frame   0x00005504      0xb70 Output/nrf51422_xxac_s130 Debug/Obj/nrf_drv_uart.o
 .debug_frame   0x00006074      0xc00 Output/nrf51422_xxac_s130 Debug/Obj/pstorage.o
 .debug_frame   0x00006c74      0x118 Output/nrf51422_xxac_s130 Debug/Obj/app_button.o
 .debug_frame   0x00006d8c       0x94 Output/nrf51422_xxac_s130 Debug/Obj/app_error.o
 .debug_frame   0x00006e20       0x3c Output/nrf51422_xxac_s130 Debug/Obj/app_error_weak.o
 .debug_frame   0x00006e5c      0x990 Output/nrf51422_xxac_s130 Debug/Obj/app_timer.o
 .debug_frame   0x000077ec      0x560 Output/nrf51422_xxac_s130 Debug/Obj/fstorage.o
 .debug_frame   0x00007d4c      0xa04 Output/nrf51422_xxac_s130 Debug/Obj/softdevice_handler.o
 .debug_frame   0x00008750       0xa0 Output/nrf51422_xxac_s130 Debug/Obj/system_nrf51.o
 .debug_frame   0x000087f0      0x190 /Applications/SEGGER Embedded Studio 2.16a/lib/libc_v6m_t_le_eabi.a(libc_asm.o)
 .debug_frame   0x00008980     0x34a4 /Applications/SEGGER Embedded Studio 2.16a/lib/libc_v6m_t_le_eabi.a(libc2.o)
 .debug_frame   0x0000be24       0xa0 /Applications/SEGGER Embedded Studio 2.16a/lib/libc_v6m_t_le_eabi.a(libc2_asm.o)
 .debug_frame   0x0000bec4      0x3ec /Applications/SEGGER Embedded Studio 2.16a/lib/libvfprintf_v6m_t_le_eabi.o

.debug_info     0x00000000    0x30685
 .debug_info    0x00000000     0x5406 Output/nrf51422_xxac_s130 Debug/Obj/main.o
 .debug_info    0x00005406     0x25a4 Output/nrf51422_xxac_s130 Debug/Obj/device_info_service.o
 .debug_info    0x000079aa     0x342e Output/nrf51422_xxac_s130 Debug/Obj/temperature_Service.o
 .debug_info    0x0000add8      0x9b9 Output/nrf51422_xxac_s130 Debug/Obj/bsp.o
 .debug_info    0x0000b791     0x32f0 Output/nrf51422_xxac_s130 Debug/Obj/bsp_btn_ble.o
 .debug_info    0x0000ea81     0x2ca7 Output/nrf51422_xxac_s130 Debug/Obj/ble_advdata.o
 .debug_info    0x00011728     0x4496 Output/nrf51422_xxac_s130 Debug/Obj/ble_advertising.o
 .debug_info    0x00015bbe     0x35e8 Output/nrf51422_xxac_s130 Debug/Obj/ble_conn_params.o
 .debug_info    0x000191a6     0x48fe Output/nrf51422_xxac_s130 Debug/Obj/device_manager_peripheral.o
 .debug_info    0x0001daa4     0x1531 Output/nrf51422_xxac_s130 Debug/Obj/app_uart.o
 .debug_info    0x0001efd5      0xf1e Output/nrf51422_xxac_s130 Debug/Obj/nrf_drv_common.o
 .debug_info    0x0001fef3     0x2051 Output/nrf51422_xxac_s130 Debug/Obj/nrf_drv_gpiote.o
 .debug_info    0x00021f44     0x2061 Output/nrf51422_xxac_s130 Debug/Obj/nrf_drv_uart.o
 .debug_info    0x00023fa5     0x1c68 Output/nrf51422_xxac_s130 Debug/Obj/pstorage.o
 .debug_info    0x00025c0d      0x5e7 Output/nrf51422_xxac_s130 Debug/Obj/app_button.o
 .debug_info    0x000261f4      0x2ba Output/nrf51422_xxac_s130 Debug/Obj/app_error.o
 .debug_info    0x000264ae      0x17b Output/nrf51422_xxac_s130 Debug/Obj/app_error_weak.o
 .debug_info    0x00026629     0x1f32 Output/nrf51422_xxac_s130 Debug/Obj/app_timer.o
 .debug_info    0x0002855b     0x15d6 Output/nrf51422_xxac_s130 Debug/Obj/fstorage.o
 .debug_info    0x00029b31     0x4403 Output/nrf51422_xxac_s130 Debug/Obj/softdevice_handler.o
 .debug_info    0x0002df34      0x194 Output/nrf51422_xxac_s130 Debug/Obj/system_nrf51.o
 .debug_info    0x0002e0c8       0xea Output/nrf51422_xxac_s130 Debug/Obj/thumb_crt0.o
 .debug_info    0x0002e1b2      0x107 Output/nrf51422_xxac_s130 Debug/Obj/nRF_Startup.o
 .debug_info    0x0002e2b9      0x109 Output/nrf51422_xxac_s130 Debug/Obj/nrf51_Vectors.o
 .debug_info    0x0002e3c2     0x2163 /Applications/SEGGER Embedded Studio 2.16a/lib/libc_v6m_t_le_eabi.a(libc2.o)
 .debug_info    0x00030525      0x160 /Applications/SEGGER Embedded Studio 2.16a/lib/libvfprintf_v6m_t_le_eabi.o

.debug_abbrev   0x00000000     0x37d8
 .debug_abbrev  0x00000000      0x389 Output/nrf51422_xxac_s130 Debug/Obj/main.o
 .debug_abbrev  0x00000389      0x23b Output/nrf51422_xxac_s130 Debug/Obj/device_info_service.o
 .debug_abbrev  0x000005c4      0x277 Output/nrf51422_xxac_s130 Debug/Obj/temperature_Service.o
 .debug_abbrev  0x0000083b      0x25d Output/nrf51422_xxac_s130 Debug/Obj/bsp.o
 .debug_abbrev  0x00000a98      0x294 Output/nrf51422_xxac_s130 Debug/Obj/bsp_btn_ble.o
 .debug_abbrev  0x00000d2c      0x26e Output/nrf51422_xxac_s130 Debug/Obj/ble_advdata.o
 .debug_abbrev  0x00000f9a      0x32d Output/nrf51422_xxac_s130 Debug/Obj/ble_advertising.o
 .debug_abbrev  0x000012c7      0x342 Output/nrf51422_xxac_s130 Debug/Obj/ble_conn_params.o
 .debug_abbrev  0x00001609      0x323 Output/nrf51422_xxac_s130 Debug/Obj/device_manager_peripheral.o
 .debug_abbrev  0x0000192c      0x287 Output/nrf51422_xxac_s130 Debug/Obj/app_uart.o
 .debug_abbrev  0x00001bb3      0x1ce Output/nrf51422_xxac_s130 Debug/Obj/nrf_drv_common.o
 .debug_abbrev  0x00001d81      0x356 Output/nrf51422_xxac_s130 Debug/Obj/nrf_drv_gpiote.o
 .debug_abbrev  0x000020d7      0x36c Output/nrf51422_xxac_s130 Debug/Obj/nrf_drv_uart.o
 .debug_abbrev  0x00002443      0x2e6 Output/nrf51422_xxac_s130 Debug/Obj/pstorage.o
 .debug_abbrev  0x00002729      0x189 Output/nrf51422_xxac_s130 Debug/Obj/app_button.o
 .debug_abbrev  0x000028b2      0x10f Output/nrf51422_xxac_s130 Debug/Obj/app_error.o