Component: ARM Compiler 5.06 update 1 (build 61) Tool: armlink [4d35a8]

==============================================================================

Section Cross References

    main.o(i.advertising_init) refers to memseta.o(.text) for __aeabi_memclr4
    main.o(i.advertising_init) refers to ble_advertising.o(i.ble_advertising_init) for ble_advertising_init
    main.o(i.advertising_init) refers to app_error.o(i.app_error_handler) for app_error_handler
    main.o(i.advertising_init) refers to main.o(i.on_adv_evt) for on_adv_evt
    main.o(i.assert_nrf_callback) refers to app_error.o(i.app_error_handler) for app_error_handler
    main.o(i.ble_evt_dispatch) refers to device_manager_peripheral.o(i.dm_ble_evt_handler) for dm_ble_evt_handler
    main.o(i.ble_evt_dispatch) refers to ble_conn_params.o(i.ble_conn_params_on_ble_evt) for ble_conn_params_on_ble_evt
    main.o(i.ble_evt_dispatch) refers to bsp_btn_ble.o(i.bsp_btn_ble_on_ble_evt) for bsp_btn_ble_on_ble_evt
    main.o(i.ble_evt_dispatch) refers to main.o(i.on_ble_evt) for on_ble_evt
    main.o(i.ble_evt_dispatch) refers to ble_advertising.o(i.ble_advertising_on_ble_evt) for ble_advertising_on_ble_evt
    main.o(i.ble_evt_dispatch) refers to our_service.o(i.ble_our_service_on_ble_evt) for ble_our_service_on_ble_evt
    main.o(i.ble_evt_dispatch) refers to main.o(.bss) for m_our_service
    main.o(i.ble_stack_init) refers to softdevice_handler.o(i.softdevice_handler_init) for softdevice_handler_init
    main.o(i.ble_stack_init) refers to app_error.o(i.app_error_handler) for app_error_handler
    main.o(i.ble_stack_init) refers to softdevice_handler.o(i.softdevice_enable_get_default_config) for softdevice_enable_get_default_config
    main.o(i.ble_stack_init) refers to softdevice_handler.o(i.sd_check_ram_start) for sd_check_ram_start
    main.o(i.ble_stack_init) refers to softdevice_handler.o(i.softdevice_enable) for softdevice_enable
    main.o(i.ble_stack_init) refers to softdevice_handler.o(i.softdevice_ble_evt_handler_set) for softdevice_ble_evt_handler_set
    main.o(i.ble_stack_init) refers to softdevice_handler.o(i.softdevice_sys_evt_handler_set) for softdevice_sys_evt_handler_set
    main.o(i.ble_stack_init) refers to main.o(.constdata) for .constdata
    main.o(i.ble_stack_init) refers to main.o(.bss) for BLE_EVT_BUFFER
    main.o(i.ble_stack_init) refers to main.o(i.ble_evt_dispatch) for ble_evt_dispatch
    main.o(i.ble_stack_init) refers to main.o(i.sys_evt_dispatch) for sys_evt_dispatch
    main.o(i.bsp_event_handler) refers to main.o(i.sleep_mode_enter) for sleep_mode_enter
    main.o(i.bsp_event_handler) refers to app_error.o(i.app_error_handler) for app_error_handler
    main.o(i.bsp_event_handler) refers to ble_advertising.o(i.ble_advertising_restart_without_whitelist) for ble_advertising_restart_without_whitelist
    main.o(i.bsp_event_handler) refers to main.o(.data) for m_conn_handle
    main.o(i.buttons_leds_init) refers to bsp.o(i.bsp_init) for bsp_init
    main.o(i.buttons_leds_init) refers to app_error.o(i.app_error_handler) for app_error_handler
    main.o(i.buttons_leds_init) refers to bsp_btn_ble.o(i.bsp_btn_ble_init) for bsp_btn_ble_init
    main.o(i.buttons_leds_init) refers to main.o(i.bsp_event_handler) for bsp_event_handler
    main.o(i.conn_params_error_handler) refers to app_error.o(i.app_error_handler) for app_error_handler
    main.o(i.conn_params_init) refers to memseta.o(.text) for __aeabi_memclr4
    main.o(i.conn_params_init) refers to ble_conn_params.o(i.ble_conn_params_init) for ble_conn_params_init
    main.o(i.conn_params_init) refers to app_error.o(i.app_error_handler) for app_error_handler
    main.o(i.conn_params_init) refers to main.o(i.on_conn_params_evt) for on_conn_params_evt
    main.o(i.conn_params_init) refers to main.o(i.conn_params_error_handler) for conn_params_error_handler
    main.o(i.device_manager_evt_handler) refers to app_error.o(i.app_error_handler) for app_error_handler
    main.o(i.device_manager_init) refers to pstorage.o(i.pstorage_init) for pstorage_init
    main.o(i.device_manager_init) refers to app_error.o(i.app_error_handler) for app_error_handler
    main.o(i.device_manager_init) refers to device_manager_peripheral.o(i.dm_init) for dm_init
    main.o(i.device_manager_init) refers to memseta.o(.text) for __aeabi_memclr
    main.o(i.device_manager_init) refers to device_manager_peripheral.o(i.dm_register) for dm_register
    main.o(i.device_manager_init) refers to main.o(i.device_manager_evt_handler) for device_manager_evt_handler
    main.o(i.device_manager_init) refers to main.o(.data) for m_app_handle
    main.o(i.gap_params_init) refers to app_error.o(i.app_error_handler) for app_error_handler
    main.o(i.main) refers to main.o(i.uart_config) for uart_config
    main.o(i.main) refers to printfa.o(i.__0printf) for __2printf
    main.o(i.main) refers to main.o(i.timers_init) for timers_init
    main.o(i.main) refers to main.o(i.buttons_leds_init) for buttons_leds_init
[...]
    i.rtc1_counter_get                       0x00021698   Section        0  app_timer.o(i.rtc1_counter_get)
    rtc1_counter_get                         0x00021699   Thumb Code     6  app_timer.o(i.rtc1_counter_get)
    i.rtc1_init                              0x000216a4   Section        0  app_timer.o(i.rtc1_init)
    rtc1_init                                0x000216a5   Thumb Code    18  app_timer.o(i.rtc1_init)
    i.rtc1_start                             0x000216bc   Section        0  app_timer.o(i.rtc1_start)
    rtc1_start                               0x000216bd   Thumb Code    48  app_timer.o(i.rtc1_start)
    i.rtc1_stop                              0x000216f8   Section        0  app_timer.o(i.rtc1_stop)
    rtc1_stop                                0x000216f9   Thumb Code    66  app_timer.o(i.rtc1_stop)
    i.rx_byte                                0x00021750   Section        0  nrf_drv_uart.o(i.rx_byte)
    rx_byte                                  0x00021751   Thumb Code    82  nrf_drv_uart.o(i.rx_byte)
    i.rx_done_event                          0x000217ac   Section        0  nrf_drv_uart.o(i.rx_done_event)
    rx_done_event                            0x000217ad   Thumb Code    30  nrf_drv_uart.o(i.rx_done_event)
    i.rx_enable                              0x000217d0   Section        0  nrf_drv_uart.o(i.rx_enable)
    rx_enable                                0x000217d1   Thumb Code    32  nrf_drv_uart.o(i.rx_enable)
    i.sd_check_ram_start                     0x000217f4   Section        0  softdevice_handler.o(i.sd_check_ram_start)
    i.sd_nvic_EnableIRQ                      0x00021810   Section        0  softdevice_handler.o(i.sd_nvic_EnableIRQ)
    sd_nvic_EnableIRQ                        0x00021811   Thumb Code   188  softdevice_handler.o(i.sd_nvic_EnableIRQ)
    i.sec_mgr_oob_flags_encode               0x000218e0   Section        0  ble_advdata.o(i.sec_mgr_oob_flags_encode)
    sec_mgr_oob_flags_encode                 0x000218e1   Thumb Code    54  ble_advdata.o(i.sec_mgr_oob_flags_encode)
    i.service_data_encode                    0x00021916   Section        0  ble_advdata.o(i.service_data_encode)
    service_data_encode                      0x00021917   Thumb Code   150  ble_advdata.o(i.service_data_encode)
    i.services_init                          0x000219ac   Section        0  main.o(i.services_init)
    services_init                            0x000219ad   Thumb Code    10  main.o(i.services_init)
    i.sleep_mode_enter                       0x000219bc   Section        0  main.o(i.sleep_mode_enter)
    sleep_mode_enter                         0x000219bd   Thumb Code   100  main.o(i.sleep_mode_enter)
    i.sm_state_change                        0x00021a30   Section        0  pstorage.o(i.sm_state_change)
    sm_state_change                          0x00021a31   Thumb Code    14  pstorage.o(i.sm_state_change)
    i.softdevice_ble_evt_handler_set         0x00021a44   Section        0  softdevice_handler.o(i.softdevice_ble_evt_handler_set)
    i.softdevice_enable                      0x00021a60   Section        0  softdevice_handler.o(i.softdevice_enable)
    i.softdevice_enable_get_default_config   0x00021a7c   Section        0  softdevice_handler.o(i.softdevice_enable_get_default_config)
    i.softdevice_fault_handler               0x00021aaa   Section        0  softdevice_handler.o(i.softdevice_fault_handler)
    i.softdevice_handler_init                0x00021ac0   Section        0  softdevice_handler.o(i.softdevice_handler_init)
    i.softdevice_sys_evt_handler_set         0x00021b2c   Section        0  softdevice_handler.o(i.softdevice_sys_evt_handler_set)
    i.srdata_check                           0x00021b48   Section        0  ble_advdata.o(i.srdata_check)
    srdata_check                             0x00021b49   Thumb Code    16  ble_advdata.o(i.srdata_check)
    i.startup_event_extract                  0x00021b58   Section        0  bsp_btn_ble.o(i.startup_event_extract)
    startup_event_extract                    0x00021b59   Thumb Code    84  bsp_btn_ble.o(i.startup_event_extract)
    i.state_data_erase_entry_run             0x00021bac   Section        0  pstorage.o(i.state_data_erase_entry_run)
    state_data_erase_entry_run               0x00021bad   Thumb Code    12  pstorage.o(i.state_data_erase_entry_run)
    i.state_data_erase_swap_entry_run        0x00021bbc   Section        0  pstorage.o(i.state_data_erase_swap_entry_run)
    state_data_erase_swap_entry_run          0x00021bbd   Thumb Code   136  pstorage.o(i.state_data_erase_swap_entry_run)
    i.state_entry_action_run                 0x00021c54   Section        0  pstorage.o(i.state_entry_action_run)
    state_entry_action_run                   0x00021c55   Thumb Code    54  pstorage.o(i.state_entry_action_run)
    i.state_erase_data_page_entry_run        0x00021c90   Section        0  pstorage.o(i.state_erase_data_page_entry_run)
    state_erase_data_page_entry_run          0x00021c91   Thumb Code    12  pstorage.o(i.state_erase_data_page_entry_run)
    i.state_idle_entry_run                   0x00021ca0   Section        0  pstorage.o(i.state_idle_entry_run)
    state_idle_entry_run                     0x00021ca1   Thumb Code    18  pstorage.o(i.state_idle_entry_run)
    i.state_restore_head_entry_run           0x00021cbc   Section        0  pstorage.o(i.state_restore_head_entry_run)
    state_restore_head_entry_run             0x00021cbd   Thumb Code    44  pstorage.o(i.state_restore_head_entry_run)
    i.state_restore_tail_entry_run           0x00021cf0   Section        0  pstorage.o(i.state_restore_tail_entry_run)
    state_restore_tail_entry_run             0x00021cf1   Thumb Code    76  pstorage.o(i.state_restore_tail_entry_run)
    i.state_store_entry_run                  0x00021d44   Section        0  pstorage.o(i.state_store_entry_run)
    state_store_entry_run                    0x00021d45   Thumb Code     8  pstorage.o(i.state_store_entry_run)
    i.state_swap_erase_entry_run             0x00021d4c   Section        0  pstorage.o(i.state_swap_erase_entry_run)
    state_swap_erase_entry_run               0x00021d4d   Thumb Code    38  pstorage.o(i.state_swap_erase_entry_run)
    i.state_write_data_swap_entry_run        0x00021d74   Section        0  pstorage.o(i.state_write_data_swap_entry_run)
    state_write_data_swap_entry_run          0x00021d75   Thumb Code    46  pstorage.o(i.state_write_data_swap_entry_run)
    i.storage_operation_dummy_handler        0x00021da8   Section        0  device_manager_peripheral.o(i.storage_operation_dummy_handler)
    storage_operation_dummy_handler          0x00021da9   Thumb Code     8  device_manager_peripheral.o(i.storage_operation_dummy_handler)
    i.store_cmd_flash_write_execute          0x00021db0   Section        0  pstorage.o(i.store_cmd_flash_write_execute)
    store_cmd_flash_write_execute            0x00021db1   Thumb Code    92  pstorage.o(i.store_cmd_flash_write_execute)
    i.store_operation_execute                0x00021e14   Section        0  pstorage.o(i.store_operation_execute)
    store_operation_execute                  0x00021e15   Thumb Code    10  pstorage.o(i.store_operation_execute)
    i.store_sub_state_sm_run                 0x00021e20   Section        0  pstorage.o(i.store_sub_state_sm_run)
    store_sub_state_sm_run                   0x00021e21   Thumb Code    62  pstorage.o(i.store_sub_state_sm_run)
    i.swap_erase_state_run                   0x00021e6c   Section        0  pstorage.o(i.swap_erase_state_run)
    swap_erase_state_run                     0x00021e6d   Thumb Code    28  pstorage.o(i.swap_erase_state_run)
    i.swap_sub_sm_exit_action_run            0x00021e8c   Section        0  pstorage.o(i.swap_sub_sm_exit_action_run)
    swap_sub_sm_exit_action_run              0x00021e8d   Thumb Code     8  pstorage.o(i.swap_sub_sm_exit_action_run)
    i.swap_sub_state_entry_action_run        0x00021e94   Section        0  pstorage.o(i.swap_sub_state_entry_action_run)
    swap_sub_state_entry_action_run          0x00021e95   Thumb Code    16  pstorage.o(i.swap_sub_state_entry_action_run)
    i.swap_sub_state_err_busy_process        0x00021eac   Section        0  pstorage.o(i.swap_sub_state_err_busy_process)
    swap_sub_state_err_busy_process          0x00021ead   Thumb Code    24  pstorage.o(i.swap_sub_state_err_busy_process)
    i.swap_sub_state_sm_run                  0x00021ecc   Section        0  pstorage.o(i.swap_sub_state_sm_run)
    swap_sub_state_sm_run                    0x00021ecd   Thumb Code    16  pstorage.o(i.swap_sub_state_sm_run)
    i.swap_sub_state_state_change            0x00021ee4   Section        0  pstorage.o(i.swap_sub_state_state_change)
    swap_sub_state_state_change              0x00021ee5   Thumb Code    14  pstorage.o(i.swap_sub_state_state_change)
    i.sys_evt_dispatch                       0x00021ef8   Section        0  main.o(i.sys_evt_dispatch)
    sys_evt_dispatch                         0x00021ef9   Thumb Code    18  main.o(i.sys_evt_dispatch)
    i.tail_restore_state_run                 0x00021f0c   Section        0  pstorage.o(i.tail_restore_state_run)
    tail_restore_state_run                   0x00021f0d   Thumb Code    26  pstorage.o(i.tail_restore_state_run)
    i.tail_word_size_calculate               0x00021f2c   Section        0  pstorage.o(i.tail_word_size_calculate)
    tail_word_size_calculate                 0x00021f2d   Thumb Code    84  pstorage.o(i.tail_word_size_calculate)
    i.ticks_diff_get                         0x00021f84   Section        0  app_timer.o(i.ticks_diff_get)
    ticks_diff_get                           0x00021f85   Thumb Code    10  app_timer.o(i.ticks_diff_get)
    i.timeout_handler_exec                   0x00021f90   Section        0  app_timer.o(i.timeout_handler_exec)
    timeout_handler_exec                     0x00021f91   Thumb Code    60  app_timer.o(i.timeout_handler_exec)
    i.timer_list_handler                     0x0002200c   Section        0  app_timer.o(i.timer_list_handler)
    timer_list_handler                       0x0002200d   Thumb Code    74  app_timer.o(i.timer_list_handler)
    i.timer_list_handler_sched               0x00022064   Section        0  app_timer.o(i.timer_list_handler_sched)
    timer_list_handler_sched                 0x00022065   Thumb Code    10  app_timer.o(i.timer_list_handler_sched)
    i.timer_list_insert                      0x00022070   Section        0  app_timer.o(i.timer_list_insert)
    timer_list_insert                        0x00022071   Thumb Code   104  app_timer.o(i.timer_list_insert)
    i.timer_list_remove                      0x000220dc   Section        0  app_timer.o(i.timer_list_remove)
    timer_list_remove                        0x000220dd   Thumb Code    96  app_timer.o(i.timer_list_remove)
    i.timer_start_op_schedule                0x0002214c   Section        0  app_timer.o(i.timer_start_op_schedule)
    timer_start_op_schedule                  0x0002214d   Thumb Code    82  app_timer.o(i.timer_start_op_schedule)
    i.timer_stop_op_schedule                 0x000221a4   Section        0  app_timer.o(i.timer_stop_op_schedule)
    timer_stop_op_schedule                   0x000221a5   Thumb Code    60  app_timer.o(i.timer_stop_op_schedule)
    i.timer_timeout_handler                  0x000221e4   Section        0  main.o(i.timer_timeout_handler)
    timer_timeout_handler                    0x000221e5   Thumb Code    66  main.o(i.timer_timeout_handler)
    i.timer_timeouts_check                   0x00022234   Section        0  app_timer.o(i.timer_timeouts_check)
    timer_timeouts_check                     0x00022235   Thumb Code   128  app_timer.o(i.timer_timeouts_check)
    i.timer_timeouts_check_sched             0x000222c8   Section        0  app_timer.o(i.timer_timeouts_check_sched)
    timer_timeouts_check_sched               0x000222c9   Thumb Code    10  app_timer.o(i.timer_timeouts_check_sched)
    i.timers_init                            0x000222d4   Section        0  main.o(i.timers_init)
    timers_init                              0x000222d5   Thumb Code    56  main.o(i.timers_init)
    i.tk_value_encode                        0x00022328   Section        0  ble_advdata.o(i.tk_value_encode)
    tk_value_encode                          0x00022329   Thumb Code    70  ble_advdata.o(i.tk_value_encode)
    i.tx_byte                                0x00022370   Section        0  nrf_drv_uart.o(i.tx_byte)
    tx_byte                                  0x00022371   Thumb Code    48  nrf_drv_uart.o(i.tx_byte)
    i.tx_done_event                          0x000223a8   Section        0  nrf_drv_uart.o(i.tx_done_event)
    tx_done_event                            0x000223a9   Thumb Code    38  nrf_drv_uart.o(i.tx_done_event)
    i.tx_power_level_encode                  0x000223d4   Section        0  ble_advdata.o(i.tx_power_level_encode)
    tx_power_level_encode                    0x000223d5   Thumb Code    54  ble_advdata.o(i.tx_power_level_encode)
    i.uart_config                            0x0002240c   Section        0  main.o(i.uart_config)
    uart_config                              0x0002240d   Thumb Code    76  main.o(i.uart_config)
    i.uart_event_handler                     0x0002247c   Section        0  app_uart.o(i.uart_event_handler)
    i.uart_events_handler                    0x000224f4   Section        0  main.o(i.uart_events_handler)
    uart_events_handler                      0x000224f5   Thumb Code    54  main.o(i.uart_events_handler)
    i.uart_irq_handler                       0x00022540   Section        0  nrf_drv_uart.o(i.uart_irq_handler)
    uart_irq_handler                         0x00022541   Thumb Code   364  nrf_drv_uart.o(i.uart_irq_handler)
    i.uint16_encode                          0x000226b4   Section        0  ble_advdata.o(i.uint16_encode)
    uint16_encode                            0x000226b5   Thumb Code    18  ble_advdata.o(i.uint16_encode)
    i.update_operation_execute               0x000226c6   Section        0  pstorage.o(i.update_operation_execute)
    update_operation_execute                 0x000226c7   Thumb Code     8  pstorage.o(i.update_operation_execute)
    i.update_status_bit_reset                0x000226d0   Section        0  device_manager_peripheral.o(i.update_status_bit_reset)
    update_status_bit_reset                  0x000226d1   Thumb Code    16  device_manager_peripheral.o(i.update_status_bit_reset)
    i.update_timeout_handler                 0x000226e4   Section        0  ble_conn_params.o(i.update_timeout_handler)
    update_timeout_handler                   0x000226e5   Thumb Code   136  ble_conn_params.o(i.update_timeout_handler)
    i.user_id_get                            0x00022780   Section        0  app_timer.o(i.user_id_get)
    user_id_get                              0x00022781   Thumb Code    34  app_timer.o(i.user_id_get)
    i.user_op_alloc                          0x000227a2   Section        0  app_timer.o(i.user_op_alloc)
    user_op_alloc                            0x000227a3   Thumb Code    46  app_timer.o(i.user_op_alloc)
    i.user_op_enque                          0x000227d0   Section        0  app_timer.o(i.user_op_enque)
    user_op_enque                            0x000227d1   Thumb Code     4  app_timer.o(i.user_op_enque)
    i.uuid_list_encode                       0x000227d4   Section        0  ble_advdata.o(i.uuid_list_encode)
    uuid_list_encode                         0x000227d5   Thumb Code    76  ble_advdata.o(i.uuid_list_encode)
    i.uuid_list_sized_encode                 0x00022820   Section        0  ble_advdata.o(i.uuid_list_sized_encode)
    uuid_list_sized_encode                   0x00022821   Thumb Code   224  ble_advdata.o(i.uuid_list_sized_encode)
    i.whitelist_has_entries                  0x00022900   Section        0  ble_advertising.o(i.whitelist_has_entries)
    whitelist_has_entries                    0x00022901   Thumb Code    22  ble_advertising.o(i.whitelist_has_entries)
    .constdata                               0x00022918   Section       20  main.o(.constdata)
    m_our_char_timer_id                      0x00022918   Data           4  main.o(.constdata)
    .constdata                               0x0002292c   Section       32  our_service.o(.constdata)
    .constdata                               0x0002294c   Section       60  bsp.o(.constdata)
    m_leds_timer_id                          0x0002294c   Data           4  bsp.o(.constdata)
    m_alert_timer_id                         0x00022950   Data           4  bsp.o(.constdata)
    m_button_timer_id                        0x00022954   Data           4  bsp.o(.constdata)
    m_buttons_list                           0x00022958   Data          16  bsp.o(.constdata)
    app_buttons                              0x00022968   Data          32  bsp.o(.constdata)
    .constdata                               0x00022988   Section        4  ble_conn_params.o(.constdata)
    m_conn_params_timer_id                   0x00022988   Data           4  ble_conn_params.o(.constdata)
    .constdata                               0x0002298c   Section       52  device_manager_peripheral.o(.constdata)
    .constdata                               0x000229c0   Section       32  app_uart.o(.constdata)
    .constdata                               0x000229e0   Section       32  nrf_drv_uart.o(.constdata)
    m_default_config                         0x000229e0   Data          32  nrf_drv_uart.o(.constdata)
    .constdata                               0x00022a00   Section       40  pstorage.o(.constdata)
    swap_sub_state_sm_lut                    0x00022a00   Data          20  pstorage.o(.constdata)
    swap_sub_state_sm_lut                    0x00022a14   Data          20  pstorage.o(.constdata)
    .constdata                               0x00022a28   Section        8  app_button.o(.constdata)
    m_detection_delay_timer_id               0x00022a28   Data           4  app_button.o(.constdata)
    .conststring                             0x00022a30   Section       76  device_manager_peripheral.o(.conststring)
    .conststring                             0x00022a7c   Section       87  softdevice_handler.o(.conststring)
    .data                                    0x20002080   Section        9  main.o(.data)
    m_app_handle                             0x20002080   Data           1  main.o(.data)
    m_conn_handle                            0x20002082   Data           2  main.o(.data)
    previous_temperature                     0x20002084   Data           4  main.o(.data)
    rx_buf                                   0x20002088   Data           1  main.o(.data)
    .data                                    0x2000208c   Section       25  bsp.o(.data)
    m_stable_state                           0x2000208c   Data           1  bsp.o(.data)
    m_app_ticks_per_100ms                    0x20002090   Data           4  bsp.o(.data)
    m_indication_type                        0x20002094   Data           4  bsp.o(.data)
    m_alert_mask                             0x20002098   Data           4  bsp.o(.data)
    m_registered_callback                    0x2000209c   Data           4  bsp.o(.data)
    current_long_push_pin_no                 0x200020a0   Data           1  bsp.o(.data)
    release_event_at_push                    0x200020a1   Data           4  bsp.o(.data)
    .data                                    0x200020a8   Section        8  bsp_btn_ble.o(.data)
    m_error_handler                          0x200020a8   Data           4  bsp_btn_ble.o(.data)
    m_num_connections                        0x200020ac   Data           4  bsp_btn_ble.o(.data)
    .data                                    0x200020b0   Section       32  ble_advertising.o(.data)
    m_advertising_start_pending              0x200020b0   Data           1  ble_advertising.o(.data)
    m_peer_address                           0x200020b1   Data           7  ble_advertising.o(.data)
    m_adv_evt                                0x200020b8   Data           1  ble_advertising.o(.data)
    m_evt_handler                            0x200020bc   Data           4  ble_advertising.o(.data)
    m_error_handler                          0x200020c0   Data           4  ble_advertising.o(.data)
    m_adv_mode_current                       0x200020c4   Data           1  ble_advertising.o(.data)
    m_whitelist_temporarily_disabled         0x200020c5   Data           1  ble_advertising.o(.data)
    m_whitelist_reply_expected               0x200020c6   Data           1  ble_advertising.o(.data)
    m_peer_addr_reply_expected               0x200020c7   Data           1  ble_advertising.o(.data)
    m_slave_conn_int                         0x200020c8   Data           4  ble_advertising.o(.data)
    m_tx_power_level                         0x200020cc   Data           1  ble_advertising.o(.data)
    current_slave_link_conn_handle           0x200020ce   Data           2  ble_advertising.o(.data)
    .data                                    0x200020d0   Section       21  ble_conn_params.o(.data)
    m_preferred_conn_params                  0x200020d0   Data           8  ble_conn_params.o(.data)
    m_update_count                           0x200020d8   Data           1  ble_conn_params.o(.data)
    m_conn_handle                            0x200020da   Data           2  ble_conn_params.o(.data)
    m_current_conn_params                    0x200020dc   Data           8  ble_conn_params.o(.data)
    m_change_param                           0x200020e4   Data           1  ble_conn_params.o(.data)
    .data                                    0x200020e8   Section       20  device_manager_peripheral.o(.data)
    m_storage_handle                         0x200020e8   Data           8  device_manager_peripheral.o(.data)
    m_peer_addr_update                       0x200020f0   Data           4  device_manager_peripheral.o(.data)
    m_module_initialized                     0x200020f4   Data           1  device_manager_peripheral.o(.data)
    m_irk_index_table                        0x200020f5   Data           7  device_manager_peripheral.o(.data)
    .data                                    0x200020fc   Section        8  app_uart.o(.data)
    tx_buffer                                0x200020fc   Data           1  app_uart.o(.data)
    rx_buffer                                0x200020fd   Data           1  app_uart.o(.data)
    rx_done                                  0x200020fe   Data           1  app_uart.o(.data)
    m_event_handler                          0x20002100   Data           4  app_uart.o(.data)
    .data                                    0x20002104   Section       40  pstorage.o(.data)
    m_next_app_instance                      0x20002104   Data           2  pstorage.o(.data)
    m_next_page_addr                         0x20002108   Data           4  pstorage.o(.data)
    m_state                                  0x2000210c   Data           1  pstorage.o(.data)
    m_swap_sub_state                         0x2000210d   Data           1  pstorage.o(.data)
    m_head_word_size                         0x20002110   Data           4  pstorage.o(.data)
    m_tail_word_size                         0x20002114   Data           4  pstorage.o(.data)
    m_current_page_id                        0x20002118   Data           4  pstorage.o(.data)
    m_num_of_command_retries                 0x2000211c   Data           4  pstorage.o(.data)
    m_num_of_bytes_written                   0x20002120   Data           4  pstorage.o(.data)
    m_app_data_size                          0x20002124   Data           4  pstorage.o(.data)
    m_flags                                  0x20002128   Data           4  pstorage.o(.data)
    .data                                    0x2000212c   Section       20  app_button.o(.data)
    mp_buttons                               0x2000212c   Data           4  app_button.o(.data)
    m_button_count                           0x20002130   Data           1  app_button.o(.data)
    m_detection_delay                        0x20002134   Data           4  app_button.o(.data)
    m_pin_state                              0x20002138   Data           4  app_button.o(.data)
    m_pin_transition                         0x2000213c   Data           4  app_button.o(.data)
    .data                                    0x20002140   Section       34  app_timer.o(.data)
    m_user_array_size                        0x20002140   Data           1  app_timer.o(.data)
    mp_users                                 0x20002144   Data           4  app_timer.o(.data)
    mp_timer_id_head                         0x20002148   Data           4  app_timer.o(.data)
    m_ticks_latest                           0x2000214c   Data           4  app_timer.o(.data)
    m_ticks_elapsed                          0x20002150   Data           8  app_timer.o(.data)
    m_ticks_elapsed_q_read_ind               0x20002158   Data           1  app_timer.o(.data)
    m_ticks_elapsed_q_write_ind              0x20002159   Data           1  app_timer.o(.data)
    m_evt_schedule_func                      0x2000215c   Data           4  app_timer.o(.data)
    m_rtc1_running                           0x20002160   Data           1  app_timer.o(.data)
    m_rtc1_reset                             0x20002161   Data           1  app_timer.o(.data)
    .data                                    0x20002164   Section        8  retarget.o(.data)
    .data                                    0x2000216c   Section       32  softdevice_handler.o(.data)
    m_evt_schedule_func                      0x20002174   Data           4  softdevice_handler.o(.data)
    m_softdevice_enabled                     0x20002178   Data           1  softdevice_handler.o(.data)
    mp_ble_evt_buffer                        0x2000217c   Data           4  softdevice_handler.o(.data)
    m_ble_evt_buffer_size                    0x20002180   Data           2  softdevice_handler.o(.data)
    m_ble_evt_handler                        0x20002184   Data           4  softdevice_handler.o(.data)
    m_sys_evt_handler                        0x20002188   Data           4  softdevice_handler.o(.data)
    .data                                    0x2000218c   Section        4  system_nrf51.o(.data)
    __tagsym$$used                           0x2000218c   Number         0  system_nrf51.o(.data)
    .bss                                     0x20002190   Section      828  main.o(.bss)
    m_our_char_timer_id_data                 0x2000219c   Data          32  main.o(.bss)
    APP_TIMER_BUF                            0x200021bc   Data         456  main.o(.bss)
    BLE_EVT_BUFFER                           0x20002384   Data          72  main.o(.bss)
    tx_buf                                   0x200023cc   Data         256  main.o(.bss)
    .bss                                     0x200024cc   Section      108  bsp.o(.bss)
    m_leds_timer_id_data                     0x200024cc   Data          32  bsp.o(.bss)
    m_alert_timer_id_data                    0x200024ec   Data          32  bsp.o(.bss)
    m_events_list                            0x2000250c   Data          12  bsp.o(.bss)
    m_button_timer_id_data                   0x20002518   Data          32  bsp.o(.bss)
    .bss                                     0x20002538   Section      259  ble_advertising.o(.bss)
    m_advdata                                0x20002538   Data          56  ble_advertising.o(.bss)
    m_adv_modes_config                       0x20002570   Data          36  ble_advertising.o(.bss)
    m_whitelist                              0x20002594   Data          16  ble_advertising.o(.bss)
    mp_whitelist_addr                        0x200025a4   Data          32  ble_advertising.o(.bss)
    mp_whitelist_irk                         0x200025c4   Data          32  ble_advertising.o(.bss)
    m_manuf_specific_data                    0x200025e4   Data          12  ble_advertising.o(.bss)
    m_manuf_data_array                       0x200025f0   Data          31  ble_advertising.o(.bss)
    m_service_data                           0x20002610   Data          12  ble_advertising.o(.bss)
    m_service_data_array                     0x2000261c   Data          31  ble_advertising.o(.bss)
    .bss                                     0x2000263c   Section       60  ble_conn_params.o(.bss)
    m_conn_params_config                     0x2000263c   Data          28  ble_conn_params.o(.bss)
    m_conn_params_timer_id_data              0x20002658   Data          32  ble_conn_params.o(.bss)
    .bss                                     0x20002678   Section      335  device_manager_peripheral.o(.bss)
    m_app_context_table                      0x20002678   Data          28  device_manager_peripheral.o(.bss)
    m_peer_table                             0x20002694   Data         196  device_manager_peripheral.o(.bss)
    m_bond_table                             0x20002758   Data          28  device_manager_peripheral.o(.bss)
    m_gatts_table                            0x20002774   Data          36  device_manager_peripheral.o(.bss)
    m_connection_table                       0x20002798   Data          12  device_manager_peripheral.o(.bss)
    m_application_table                      0x200027a4   Data          12  device_manager_peripheral.o(.bss)
    m_local_id_info                          0x200027b0   Data          23  device_manager_peripheral.o(.bss)
    .bss                                     0x200027c8   Section       72  nrf_drv_gpiote.o(.bss)
    m_cb                                     0x200027c8   Data          72  nrf_drv_gpiote.o(.bss)
    .bss                                     0x20002810   Section       28  nrf_drv_uart.o(.bss)
    m_cb                                     0x20002810   Data          28  nrf_drv_uart.o(.bss)
    .bss                                     0x2000282c   Section      228  pstorage.o(.bss)
    m_cmd_queue                              0x2000282c   Data         204  pstorage.o(.bss)
    m_app_table                              0x200028f8   Data          24  pstorage.o(.bss)
    .bss                                     0x20002910   Section       32  app_button.o(.bss)
    m_detection_delay_timer_id_data          0x20002910   Data          32  app_button.o(.bss)
    .bss                                     0x20002930   Section       32  app_error.o(.bss)
    m_error_data                             0x20002930   Data          32  app_error.o(.bss)
    .bss                                     0x20002950   Section       88  fstorage.o(.bss)
    m_queue                                  0x20002950   Data          88  fstorage.o(.bss)
    STACK                                    0x200029a8   Section     2048  arm_startup_nrf51.o(STACK)

    Global Symbols

    Symbol Name                              Value     Ov Type        Size  Object(Section)

    BuildAttributes$$THM_ISAv3M$S$PE$A:L22$X:L11$S22$IEEE1$IW$USESV6$~STKCKD$USESV7$~SHL$OSPACE$ROPI$EBA8$MICROLIB$REQ8$PRES8$EABIv2 0x00000000   Number         0  anon$$obj.o ABSOLUTE
    __ARM_use_no_argv                        0x00000000   Number         0  main.o ABSOLUTE
    _printf_a                                0x00000000   Number         0  stubs.o ABSOLUTE
    _printf_c                                0x00000000   Number         0  stubs.o ABSOLUTE
    _printf_charcount                        0x00000000   Number         0  stubs.o ABSOLUTE
    _printf_d                                0x00000000   Number         0  stubs.o ABSOLUTE
    _printf_e                                0x00000000   Number         0  stubs.o ABSOLUTE
    _printf_f                                0x00000000   Number         0  stubs.o ABSOLUTE
    _printf_flags                            0x00000000   Number         0  stubs.o ABSOLUTE
    _printf_fp_dec                           0x00000000   Number         0  stubs.o ABSOLUTE
    _printf_fp_hex                           0x00000000   Number         0  stubs.o ABSOLUTE
    _printf_g                                0x00000000   Number         0  stubs.o ABSOLUTE
    _printf_i                                0x00000000   Number         0  stubs.o ABSOLUTE
    _printf_int_dec                          0x00000000   Number         0  stubs.o ABSOLUTE
    _printf_l                                0x00000000   Number         0  stubs.o ABSOLUTE
    _printf_lc                               0x00000000   Number         0  stubs.o ABSOLUTE
    _printf_ll                               0x00000000   Number         0  stubs.o ABSOLUTE
    _printf_lld                              0x00000000   Number         0  stubs.o ABSOLUTE
    _printf_lli                              0x00000000   Number         0  stubs.o ABSOLUTE
    _printf_llo                              0x00000000   Number         0  stubs.o ABSOLUTE
    _printf_llu                              0x00000000   Number         0  stubs.o ABSOLUTE
    _printf_llx                              0x00000000   Number         0  stubs.o ABSOLUTE
    _printf_longlong_dec                     0x00000000   Number         0  stubs.o ABSOLUTE
    _printf_longlong_hex                     0x00000000   Number         0  stubs.o ABSOLUTE
    _printf_longlong_oct                     0x00000000   Number         0  stubs.o ABSOLUTE
    _printf_ls                               0x00000000   Number         0  stubs.o ABSOLUTE
    _printf_mbtowc                           0x00000000   Number         0  stubs.o ABSOLUTE
    _printf_n                                0x00000000   Number         0  stubs.o ABSOLUTE
    _printf_o                                0x00000000   Number         0  stubs.o ABSOLUTE
    _printf_p                                0x00000000   Number         0  stubs.o ABSOLUTE
    _printf_percent                          0x00000000   Number         0  stubs.o ABSOLUTE
    _printf_pre_padding                      0x00000000   Number         0  stubs.o ABSOLUTE
    _printf_return_value                     0x00000000   Number         0  stubs.o ABSOLUTE
    _printf_s                                0x00000000   Number         0  stubs.o ABSOLUTE
    _printf_sizespec                         0x00000000   Number         0  stubs.o ABSOLUTE
    _printf_str                              0x00000000   Number         0  stubs.o ABSOLUTE
    _printf_truncate_signed                  0x00000000   Number         0  stubs.o ABSOLUTE
    _printf_truncate_unsigned                0x00000000   Number         0  stubs.o ABSOLUTE
    _printf_u                                0x00000000   Number         0  stubs.o ABSOLUTE
    _printf_wc                               0x00000000   Number         0  stubs.o ABSOLUTE
    _printf_wctomb                           0x00000000   Number         0  stubs.o ABSOLUTE
    _printf_widthprec                        0x00000000   Number         0  stubs.o ABSOLUTE
    _printf_x                                0x00000000   Number         0  stubs.o ABSOLUTE
    __cpp_initialize__aeabi_                  - Undefined Weak Reference
    __cxa_finalize                            - Undefined Weak Reference
    __decompress                              - Undefined Weak Reference
    _clock_init                               - Undefined Weak Reference
    _microlib_exit                            - Undefined Weak Reference
    fs_data$$Base                             - Undefined Reference
    fs_data$$Limit                            - Undefined Reference
    __Vectors_Size                           0x000000c0   Number         0  arm_startup_nrf51.o ABSOLUTE
    __Vectors                                0x0001b000   Data           4  arm_startup_nrf51.o(RESET)
    __Vectors_End                            0x0001b0c0   Data           0  arm_startup_nrf51.o(RESET)
    __main                                   0x0001b0c1   Thumb Code     0  entry.o(.ARM.Collect$$$$00000000)
    _main_stk                                0x0001b0c1   Thumb Code     0  entry2.o(.ARM.Collect$$$$00000001)
    _main_scatterload                        0x0001b0c5   Thumb Code     0  entry5.o(.ARM.Collect$$$$00000004)
    __main_after_scatterload                 0x0001b0c9   Thumb Code     0  entry5.o(.ARM.Collect$$$$00000004)
    _main_clock                              0x0001b0c9   Thumb Code     0  entry7b.o(.ARM.Collect$$$$00000008)
    _main_cpp_init                           0x0001b0c9   Thumb Code     0  entry8b.o(.ARM.Collect$$$$0000000A)
    _main_init                               0x0001b0c9   Thumb Code     0  entry9a.o(.ARM.Collect$$$$0000000B)
    __rt_final_cpp                           0x0001b0d1   Thumb Code     0  entry10a.o(.ARM.Collect$$$$0000000D)
    __rt_final_exit                          0x0001b0d1   Thumb Code     0  entry11a.o(.ARM.Collect$$$$0000000F)
    __asm___11_app_timer_c_cd27f9c3__nrf_delay_us 0x0001b0d5   Thumb Code    30  app_timer.o(.emb_text)
    Reset_Handler                            0x0001b0f5   Thumb Code    26  arm_startup_nrf51.o(.text)
    NMI_Handler                              0x0001b10f   Thumb Code     2  arm_startup_nrf51.o(.text)
    HardFault_Handler                        0x0001b111   Thumb Code     2  arm_startup_nrf51.o(.text)
    SVC_Handler                              0x0001b113   Thumb Code     2  arm_startup_nrf51.o(.text)
    PendSV_Handler                           0x0001b115   Thumb Code     2  arm_startup_nrf51.o(.text)
    SysTick_Handler                          0x0001b117   Thumb Code     2  arm_startup_nrf51.o(.text)
    ADC_IRQHandler                           0x0001b119   Thumb Code     0  arm_startup_nrf51.o(.text)
    CCM_AAR_IRQHandler                       0x0001b119   Thumb Code     0  arm_startup_nrf51.o(.text)
    ECB_IRQHandler                           0x0001b119   Thumb Code     0  arm_startup_nrf51.o(.text)
    LPCOMP_IRQHandler                        0x0001b119   Thumb Code     0  arm_startup_nrf51.o(.text)
    POWER_CLOCK_IRQHandler                   0x0001b119   Thumb Code     0  arm_startup_nrf51.o(.text)
    QDEC_IRQHandler                          0x0001b119   Thumb Code     0  arm_startup_nrf51.o(.text)
    RADIO_IRQHandler                         0x0001b119   Thumb Code     0  arm_startup_nrf51.o(.text)
    RNG_IRQHandler                           0x0001b119   Thumb Code     0  arm_startup_nrf51.o(.text)
    RTC0_IRQHandler                          0x0001b119   Thumb Code     0  arm_startup_nrf51.o(.text)
    SPI0_TWI0_IRQHandler                     0x0001b119   Thumb Code     0  arm_startup_nrf51.o(.text)
    SPI1_TWI1_IRQHandler                     0x0001b119   Thumb Code     0  arm_startup_nrf51.o(.text)
    SWI1_IRQHandler                          0x0001b119   Thumb Code     0  arm_startup_nrf51.o(.text)
    SWI3_IRQHandler                          0x0001b119   Thumb Code     0  arm_startup_nrf51.o(.text)
    SWI4_IRQHandler                          0x0001b119   Thumb Code     0  arm_startup_nrf51.o(.text)
    SWI5_IRQHandler                          0x0001b119   Thumb Code     0  arm_startup_nrf51.o(.text)
    TEMP_IRQHandler                          0x0001b119   Thumb Code     0  arm_startup_nrf51.o(.text)
    TIMER0_IRQHandler                        0x0001b119   Thumb Code     0  arm_startup_nrf51.o(.text)
    TIMER1_IRQHandler                        0x0001b119   Thumb Code     0  arm_startup_nrf51.o(.text)
    TIMER2_IRQHandler                        0x0001b119   Thumb Code     0  arm_startup_nrf51.o(.text)
    WDT_IRQHandler                           0x0001b119   Thumb Code     0  arm_startup_nrf51.o(.text)
    __aeabi_uidiv                            0x0001b12d   Thumb Code     0  uidiv.o(.text)
    __aeabi_uidivmod                         0x0001b12d   Thumb Code    44  uidiv.o(.text)
    __aeabi_idiv                             0x0001b159   Thumb Code     0  idiv.o(.text)
    __aeabi_idivmod                          0x0001b159   Thumb Code    40  idiv.o(.text)
    __aeabi_memcpy                           0x0001b181   Thumb Code    36  memcpya.o(.text)
    __aeabi_memcpy4                          0x0001b181   Thumb Code     0  memcpya.o(.text)
    __aeabi_memcpy8                          0x0001b181   Thumb Code     0  memcpya.o(.text)
    __aeabi_memset                           0x0001b1a5   Thumb Code    14  memseta.o(.text)
    __aeabi_memset4                          0x0001b1a5   Thumb Code     0  memseta.o(.text)
    __aeabi_memset8                          0x0001b1a5   Thumb Code     0  memseta.o(.text)
    __aeabi_memclr                           0x0001b1b3   Thumb Code     4  memseta.o(.text)
    __aeabi_memclr4                          0x0001b1b3   Thumb Code     0  memseta.o(.text)
    __aeabi_memclr8                          0x0001b1b3   Thumb Code     0  memseta.o(.text)
    _memset$wrapper                          0x0001b1b7   Thumb Code    18  memseta.o(.text)
    memcmp                                   0x0001b1c9   Thumb Code    26  memcmp.o(.text)
    __aeabi_uldivmod                         0x0001b1e3   Thumb Code    96  uldiv.o(.text)
    __I$use$fp                               0x0001b243   Thumb Code     0  iusefp.o(.text)
    __aeabi_dadd                             0x0001b245   Thumb Code   328  dadd.o(.text)
    __aeabi_dsub                             0x0001b38d   Thumb Code    12  dadd.o(.text)
    __aeabi_drsub                            0x0001b399   Thumb Code    12  dadd.o(.text)
    __aeabi_dmul                             0x0001b3a9   Thumb Code   202  dmul.o(.text)
    __aeabi_ddiv                             0x0001b479   Thumb Code   234  ddiv.o(.text)
    __aeabi_d2ulz                            0x0001b569   Thumb Code    54  dfixul.o(.text)
    __aeabi_cdrcmple                         0x0001b5a9   Thumb Code    38  cdrcmple.o(.text)
    __scatterload                            0x0001b5d1   Thumb Code    28  init.o(.text)
    __scatterload_rt2                        0x0001b5d1   Thumb Code     0  init.o(.text)
    __aeabi_llsl                             0x0001b5f5   Thumb Code    32  llshl.o(.text)
    _ll_shift_l                              0x0001b5f5   Thumb Code     0  llshl.o(.text)
    __aeabi_llsr                             0x0001b615   Thumb Code    34  llushr.o(.text)
    _ll_ushift_r                             0x0001b615   Thumb Code     0  llushr.o(.text)
    __aeabi_lasr                             0x0001b637   Thumb Code    38  llsshr.o(.text)
    _ll_sshift_r                             0x0001b637   Thumb Code     0  llsshr.o(.text)
    _double_round                            0x0001b65d   Thumb Code    26  depilogue.o(.text)
    _double_epilogue                         0x0001b677   Thumb Code   164  depilogue.o(.text)
    GPIOTE_IRQHandler                        0x0001b71d   Thumb Code   484  nrf_drv_gpiote.o(i.GPIOTE_IRQHandler)
    RTC1_IRQHandler                          0x0001ba3d   Thumb Code    34  app_timer.o(i.RTC1_IRQHandler)
    SWI0_IRQHandler                          0x0001ba65   Thumb Code     8  app_timer.o(i.SWI0_IRQHandler)
    SWI2_IRQHandler                          0x0001ba6d   Thumb Code    52  softdevice_handler.o(i.SWI2_IRQHandler)
    SystemInit                               0x0001baa9   Thumb Code    76  system_nrf51.o(i.SystemInit)
    UART0_IRQHandler                         0x0001bb0d   Thumb Code     8  nrf_drv_uart.o(i.UART0_IRQHandler)
    __0printf                                0x0001bb15   Thumb Code    24  printfa.o(i.__0printf)
    __1printf                                0x0001bb15   Thumb Code     0  printfa.o(i.__0printf)
    __2printf                                0x0001bb15   Thumb Code     0  printfa.o(i.__0printf)
    __c89printf                              0x0001bb15   Thumb Code     0  printfa.o(i.__0printf)
    printf                                   0x0001bb15   Thumb Code     0  printfa.o(i.__0printf)
    __ARM_clz                                0x0001bb35   Thumb Code    46  depilogue.o(i.__ARM_clz)
    __ARM_common_switch8                     0x0001bb63   Thumb Code    28  bsp.o(i.__ARM_common_switch8)
    __scatterload_copy                       0x0001bb7f   Thumb Code    14  handlers.o(i.__scatterload_copy)
    __scatterload_null                       0x0001bb8d   Thumb Code     2  handlers.o(i.__scatterload_null)
    __scatterload_zeroinit                   0x0001bb8f   Thumb Code    14  handlers.o(i.__scatterload_zeroinit)
    adv_data_encode                          0x0001c42d   Thumb Code   500  ble_advdata.o(i.adv_data_encode)
    app_button_enable                        0x0001c729   Thumb Code    34  app_button.o(i.app_button_enable)
    app_button_init                          0x0001c755   Thumb Code   136  app_button.o(i.app_button_init)
    app_error_fault_handler                  0x0001c801   Thumb Code    26  app_error_weak.o(i.app_error_fault_handler)
    app_error_handler                        0x0001c81d   Thumb Code    28  app_error.o(i.app_error_handler)
    app_error_save_and_stop                  0x0001c83d   Thumb Code   132  app_error.o(i.app_error_save_and_stop)
    app_timer_create                         0x0001c939   Thumb Code    64  app_timer.o(i.app_timer_create)
    app_timer_init                           0x0001c97d   Thumb Code   156  app_timer.o(i.app_timer_init)
    app_timer_start                          0x0001ca35   Thumb Code    86  app_timer.o(i.app_timer_start)
    app_timer_stop                           0x0001ca91   Thumb Code    54  app_timer.o(i.app_timer_stop)
    app_uart_init                            0x0001cacd   Thumb Code   134  app_uart.o(i.app_uart_init)
    app_uart_put                             0x0001cb69   Thumb Code    36  app_uart.o(i.app_uart_put)
    ble_advdata_set                          0x0001cc59   Thumb Code   152  ble_advdata.o(i.ble_advdata_set)
    ble_advertising_init                     0x0001ccf1   Thumb Code   328  ble_advertising.o(i.ble_advertising_init)
    ble_advertising_on_ble_evt               0x0001ce71   Thumb Code   242  ble_advertising.o(i.ble_advertising_on_ble_evt)
    ble_advertising_on_sys_evt               0x0001cf7d   Thumb Code    70  ble_advertising.o(i.ble_advertising_on_sys_evt)
    ble_advertising_restart_without_whitelist 0x0001cfe1   Thumb Code   110  ble_advertising.o(i.ble_advertising_restart_without_whitelist)
    ble_advertising_start                    0x0001d065   Thumb Code   654  ble_advertising.o(i.ble_advertising_start)
    ble_conn_params_init                     0x0001d321   Thumb Code    90  ble_conn_params.o(i.ble_conn_params_init)
    ble_conn_params_on_ble_evt               0x0001d399   Thumb Code    62  ble_conn_params.o(i.ble_conn_params_on_ble_evt)
    ble_our_service_on_ble_evt               0x0001d479   Thumb Code    32  our_service.o(i.ble_our_service_on_ble_evt)
    bond_data_load                           0x0001d5b1   Thumb Code    62  device_manager_peripheral.o(i.bond_data_load)
    bsp_btn_ble_init                         0x0001d601   Thumb Code    54  bsp_btn_ble.o(i.bsp_btn_ble_init)
    bsp_btn_ble_on_ble_evt                   0x0001d641   Thumb Code   122  bsp_btn_ble.o(i.bsp_btn_ble_on_ble_evt)
    bsp_btn_ble_sleep_mode_prepare           0x0001d6c5   Thumb Code    30  bsp_btn_ble.o(i.bsp_btn_ble_sleep_mode_prepare)
    bsp_button_is_pressed                    0x0001d7bd   Thumb Code    48  bsp.o(i.bsp_button_is_pressed)
    bsp_event_handler                        0x0001d7f5   Thumb Code   108  main.o(i.bsp_event_handler)
    bsp_event_to_button_action_assign        0x0001d875   Thumb Code    88  bsp.o(i.bsp_event_to_button_action_assign)
    bsp_indication_set                       0x0001d8d1   Thumb Code    30  bsp.o(i.bsp_indication_set)
    bsp_init                                 0x0001d8f5   Thumb Code   166  bsp.o(i.bsp_init)
    bsp_wakeup_buttons_set                   0x0001df31   Thumb Code    84  bsp.o(i.bsp_wakeup_buttons_set)
    dm_ble_evt_handler                       0x0001eb75   Thumb Code  1588  device_manager_peripheral.o(i.dm_ble_evt_handler)
    dm_handle_initialize                     0x0001f1c5   Thumb Code    24  device_manager_peripheral.o(i.dm_handle_initialize)
    dm_init                                  0x0001f1e1   Thumb Code   230  device_manager_peripheral.o(i.dm_init)
    dm_register                              0x0001f539   Thumb Code   176  device_manager_peripheral.o(i.dm_register)
    fputc                                    0x0001f835   Thumb Code    16  retarget.o(i.fputc)
    fs_queued_op_count_get                   0x0001f845   Thumb Code    20  fstorage.o(i.fs_queued_op_count_get)
    intern_softdevice_events_execute         0x0001fc71   Thumb Code   168  softdevice_handler.o(i.intern_softdevice_events_execute)
    main                                     0x00020139   Thumb Code    94  main.o(i.main)
    nrf_drv_common_irq_enable                0x00020351   Thumb Code    48  nrf_drv_common.o(i.nrf_drv_common_irq_enable)
    nrf_drv_gpiote_in_event_enable           0x00020389   Thumb Code   186  nrf_drv_gpiote.o(i.nrf_drv_gpiote_in_event_enable)
    nrf_drv_gpiote_in_init                   0x00020451   Thumb Code   228  nrf_drv_gpiote.o(i.nrf_drv_gpiote_in_init)
    nrf_drv_gpiote_in_is_set                 0x00020545   Thumb Code    26  nrf_drv_gpiote.o(i.nrf_drv_gpiote_in_is_set)
    nrf_drv_gpiote_init                      0x00020565   Thumb Code    76  nrf_drv_gpiote.o(i.nrf_drv_gpiote_init)
    nrf_drv_gpiote_is_init                   0x000205b5   Thumb Code    16  nrf_drv_gpiote.o(i.nrf_drv_gpiote_is_init)
    nrf_drv_uart_init                        0x000205c9   Thumb Code   132  nrf_drv_uart.o(i.nrf_drv_uart_init)
    nrf_drv_uart_rx                          0x0002065d   Thumb Code   104  nrf_drv_uart.o(i.nrf_drv_uart_rx)
    nrf_drv_uart_rx_enable                   0x000206cd   Thumb Code    22  nrf_drv_uart.o(i.nrf_drv_uart_rx_enable)
    nrf_drv_uart_tx                          0x000207a9   Thumb Code    36  nrf_drv_uart.o(i.nrf_drv_uart_tx)
    nrf_drv_uart_tx_in_progress              0x00020869   Thumb Code    16  nrf_drv_uart.o(i.nrf_drv_uart_tx_in_progress)
    our_service_init                         0x00020de1   Thumb Code   102  our_service.o(i.our_service_init)
    our_termperature_characteristic_update   0x00020e69   Thumb Code    62  our_service.o(i.our_termperature_characteristic_update)
    pstorage_access_status_get               0x00020fbd   Thumb Code    40  pstorage.o(i.pstorage_access_status_get)
    pstorage_block_identifier_get            0x00020fed   Thumb Code   154  pstorage.o(i.pstorage_block_identifier_get)
    pstorage_clear                           0x00021091   Thumb Code   270  pstorage.o(i.pstorage_clear)
    pstorage_init                            0x000211dd   Thumb Code   104  pstorage.o(i.pstorage_init)
    pstorage_load                            0x00021265   Thumb Code   242  pstorage.o(i.pstorage_load)
    pstorage_register                        0x00021361   Thumb Code   270  pstorage.o(i.pstorage_register)
    pstorage_store                           0x00021481   Thumb Code   216  pstorage.o(i.pstorage_store)
    pstorage_sys_event_handler               0x00021561   Thumb Code    66  pstorage.o(i.pstorage_sys_event_handler)
    pstorage_update                          0x000215ad   Thumb Code   216  pstorage.o(i.pstorage_update)
    sd_check_ram_start                       0x000217f5   Thumb Code    22  softdevice_handler.o(i.sd_check_ram_start)
    softdevice_ble_evt_handler_set           0x00021a45   Thumb Code    22  softdevice_handler.o(i.softdevice_ble_evt_handler_set)
    softdevice_enable                        0x00021a61   Thumb Code    24  softdevice_handler.o(i.softdevice_enable)
    softdevice_enable_get_default_config     0x00021a7d   Thumb Code    46  softdevice_handler.o(i.softdevice_enable_get_default_config)
    softdevice_fault_handler                 0x00021aab   Thumb Code    20  softdevice_handler.o(i.softdevice_fault_handler)
    softdevice_handler_init                  0x00021ac1   Thumb Code    86  softdevice_handler.o(i.softdevice_handler_init)
    softdevice_sys_evt_handler_set           0x00021b2d   Thumb Code    22  softdevice_handler.o(i.softdevice_sys_evt_handler_set)
    uart_event_handler                       0x0002247d   Thumb Code   106  app_uart.o(i.uart_event_handler)
    m_service_context_store                  0x0002298c   Data          16  device_manager_peripheral.o(.constdata)
    m_service_context_load                   0x0002299c   Data          16  device_manager_peripheral.o(.constdata)
    m_service_context_apply                  0x000229ac   Data          16  device_manager_peripheral.o(.constdata)
    m_context_init_len                       0x000229bc   Data           4  device_manager_peripheral.o(.constdata)
    Region$$Table$$Base                      0x00022ad4   Number         0  anon$$obj.o(Region$$Table)
    Region$$Table$$Limit                     0x00022af4   Number         0  anon$$obj.o(Region$$Table)
    Image$$RW_IRAM1$$Base                    0x20002080   Number         0  anon$$obj.o ABSOLUTE
    __stdout                                 0x20002164   Data           4  retarget.o(.data)
    __stdin                                  0x20002168   Data           4  retarget.o(.data)
    nrf_nvic_state                           0x2000216c   Data           8  softdevice_handler.o(.data)
    SystemCoreClock                          0x2000218c   Data           4  system_nrf51.o(.data)
    m_our_service                            0x20002190   Data          12  main.o(.bss)
    __initial_sp                             0x200031a8   Data           0  arm_startup_nrf51.o(STACK)



==============================================================================

Memory Map of the image

  Image Entry point : 0x0001b0c1

  Load Region LR_IROM1 (Base: 0x0001b000, Size: 0x00007c04, Max: 0x00025000, ABSOLUTE)

    Execution Region ER_IROM1 (Base: 0x0001b000, Size: 0x00007af4, Max: 0x00025000, ABSOLUTE)

    Base Addr    Size         Type   Attr      Idx    E Section Name        Object

    0x0001b000   0x000000c0   Data   RO         3093    RESET               arm_startup_nrf51.o
    0x0001b0c0   0x00000000   Code   RO         3145  * .ARM.Collect$$$$00000000  mc_p.l(entry.o)
    0x0001b0c0   0x00000004   Code   RO         3425    .ARM.Collect$$$$00000001  mc_p.l(entry2.o)
    0x0001b0c4   0x00000004   Code   RO         3428    .ARM.Collect$$$$00000004  mc_p.l(entry5.o)
    0x0001b0c8   0x00000000   Code   RO         3430    .ARM.Collect$$$$00000008  mc_p.l(entry7b.o)
    0x0001b0c8   0x00000000   Code   RO         3432    .ARM.Collect$$$$0000000A  mc_p.l(entry8b.o)
    0x0001b0c8   0x00000008   Code   RO         3433    .ARM.Collect$$$$0000000B  mc_p.l(entry9a.o)
    0x0001b0d0   0x00000000   Code   RO         3435    .ARM.Collect$$$$0000000D  mc_p.l(entry10a.o)
    0x0001b0d0   0x00000000   Code   RO         3437    .ARM.Collect$$$$0000000F  mc_p.l(entry11a.o)
    0x0001b0d0   0x00000004   Code   RO         3426    .ARM.Collect$$$$00002712  mc_p.l(entry2.o)
    0x0001b0d4   0x0000001e   Code   RO         2267    .emb_text           app_timer.o
    0x0001b0f2   0x00000002   PAD
    0x0001b0f4   0x00000038   Code   RO         3094    .text               arm_startup_nrf51.o
    0x0001b12c   0x0000002c   Code   RO         3148    .text               mc_p.l(uidiv.o)
    0x0001b158   0x00000028   Code   RO         3150    .text               mc_p.l(idiv.o)
    0x0001b180   0x00000024   Code   RO         3152    .text               mc_p.l(memcpya.o)
    0x0001b1a4   0x00000024   Code   RO         3154    .text               mc_p.l(memseta.o)
    0x0001b1c8   0x0000001a   Code   RO         3158    .text               mc_p.l(memcmp.o)
    0x0001b1e2   0x00000060   Code   RO         3439    .text               mc_p.l(uldiv.o)
    0x0001b242   0x00000000   Code   RO         3441    .text               mc_p.l(iusefp.o)
    0x0001b242   0x00000002   PAD
    0x0001b244   0x00000164   Code   RO         3442    .text               mf_p.l(dadd.o)
    0x0001b3a8   0x000000d0   Code   RO         3444    .text               mf_p.l(dmul.o)
    0x0001b478   0x000000f0   Code   RO         3446    .text               mf_p.l(ddiv.o)
    0x0001b568   0x00000040   Code   RO         3448    .text               mf_p.l(dfixul.o)
    0x0001b5a8   0x00000028   Code   RO         3450    .text               mf_p.l(cdrcmple.o)
    0x0001b5d0   0x00000024   Code   RO         3452    .text               mc_p.l(init.o)
    0x0001b5f4   0x00000020   Code   RO         3454    .text               mc_p.l(llshl.o)
    0x0001b614   0x00000022   Code   RO         3456    .text               mc_p.l(llushr.o)
    0x0001b636   0x00000026   Code   RO         3458    .text               mc_p.l(llsshr.o)
    0x0001b65c   0x000000be   Code   RO         3460    .text               mf_p.l(depilogue.o)
    0x0001b71a   0x00000002   PAD
    0x0001b71c   0x000001f4   Code   RO         1370    i.GPIOTE_IRQHandler  nrf_drv_gpiote.o
    0x0001b910   0x00000014   Code   RO         2268    i.NVIC_ClearPendingIRQ  app_timer.o
    0x0001b924   0x00000014   Code   RO         2269    i.NVIC_EnableIRQ    app_timer.o
    0x0001b938   0x00000014   Code   RO         2270    i.NVIC_SetPendingIRQ  app_timer.o
    0x0001b94c   0x00000078   Code   RO         1332    i.NVIC_SetPriority  nrf_drv_common.o
    0x0001b9c4   0x00000078   Code   RO         2271    i.NVIC_SetPriority  app_timer.o
    0x0001ba3c   0x00000028   Code   RO         2272    i.RTC1_IRQHandler   app_timer.o
    0x0001ba64   0x00000008   Code   RO         2273    i.SWI0_IRQHandler   app_timer.o
    0x0001ba6c   0x0000003c   Code   RO         2988    i.SWI2_IRQHandler   softdevice_handler.o
    0x0001baa8   0x00000064   Code   RO         3101    i.SystemInit        system_nrf51.o
    0x0001bb0c   0x00000008   Code   RO         1605    i.UART0_IRQHandler  nrf_drv_uart.o
    0x0001bb14   0x00000020   Code   RO         3397    i.__0printf         mc_p.l(printfa.o)
    0x0001bb34   0x0000002e   Code   RO         3462    i.__ARM_clz         mf_p.l(depilogue.o)
    0x0001bb62   0x0000001c   Code   RO          517    i.__ARM_common_switch8  bsp.o
    0x0001bb7e   0x0000000e   Code   RO         3466    i.__scatterload_copy  mc_p.l(handlers.o)
    0x0001bb8c   0x00000002   Code   RO         3467    i.__scatterload_null  mc_p.l(handlers.o)
    0x0001bb8e   0x0000000e   Code   RO         3468    i.__scatterload_zeroinit  mc_p.l(handlers.o)
    0x0001bb9c   0x00000158   Code   RO         3404    i._fp_digits        mc_p.l(printfa.o)
    0x0001bcf4   0x000006ec   Code   RO         3405    i._printf_core      mc_p.l(printfa.o)
    0x0001c3e0   0x00000020   Code   RO         3406    i._printf_post_padding  mc_p.l(printfa.o)
    0x0001c400   0x0000002c   Code   RO         3407    i._printf_pre_padding  mc_p.l(printfa.o)
    0x0001c42c   0x000001f4   Code   RO          595    i.adv_data_encode   ble_advdata.o
    0x0001c620   0x00000014   Code   RO          596    i.advdata_check     ble_advdata.o
    0x0001c634   0x0000005a   Code   RO          543    i.advertising_buttons_configure  bsp_btn_ble.o
    0x0001c68e   0x00000002   PAD
    0x0001c690   0x00000074   Code   RO            3    i.advertising_init  main.o
    0x0001c704   0x00000024   Code   RO          425    i.alert_timer_handler  bsp.o
    0x0001c728   0x0000002c   Code   RO         2154    i.app_button_enable  app_button.o
    0x0001c754   0x000000ac   Code   RO         2155    i.app_button_init   app_button.o
    0x0001c800   0x0000001a   Code   RO         2247    i.app_error_fault_handler  app_error_weak.o
    0x0001c81a   0x00000002   PAD
    0x0001c81c   0x00000020   Code   RO         2211    i.app_error_handler  app_error.o
    0x0001c83c   0x0000008c   Code   RO         2213    i.app_error_save_and_stop  app_error.o
    0x0001c8c8   0x0000001c   Code   RO          953    i.app_evt_notify    device_manager_peripheral.o
    0x0001c8e4   0x00000030   Code   RO         1823    i.app_notify        pstorage.o
    0x0001c914   0x00000024   Code   RO         1824    i.app_notify_error_state_transit  pstorage.o
    0x0001c938   0x00000044   Code   RO         2276    i.app_timer_create  app_timer.o
    0x0001c97c   0x000000b8   Code   RO         2277    i.app_timer_init    app_timer.o
    0x0001ca34   0x0000005c   Code   RO         2278    i.app_timer_start   app_timer.o
    0x0001ca90   0x0000003c   Code   RO         2279    i.app_timer_stop    app_timer.o
    0x0001cacc   0x0000009c   Code   RO         1226    i.app_uart_init     app_uart.o
    0x0001cb68   0x00000028   Code   RO         1227    i.app_uart_put      app_uart.o
    0x0001cb90   0x00000054   Code   RO          597    i.appearance_encode  ble_advdata.o
    0x0001cbe4   0x00000002   Code   RO            4    i.application_timers_start  main.o
    0x0001cbe6   0x00000002   PAD
    0x0001cbe8   0x00000070   Code   RO         1606    i.apply_config      nrf_drv_uart.o
    0x0001cc58   0x00000098   Code   RO          598    i.ble_advdata_set   ble_advdata.o
    0x0001ccf0   0x00000180   Code   RO          716    i.ble_advertising_init  ble_advertising.o
    0x0001ce70   0x0000010c   Code   RO          717    i.ble_advertising_on_ble_evt  ble_advertising.o
    0x0001cf7c   0x00000054   Code   RO          718    i.ble_advertising_on_sys_evt  ble_advertising.o
    0x0001cfd0   0x00000010   Code   RO          720    i.ble_advertising_peer_address_clear  ble_advertising.o
    0x0001cfe0   0x00000084   Code   RO          721    i.ble_advertising_restart_without_whitelist  ble_advertising.o
    0x0001d064   0x000002bc   Code   RO          722    i.ble_advertising_start  ble_advertising.o
    0x0001d320   0x00000078   Code   RO          817    i.ble_conn_params_init  ble_conn_params.o
    0x0001d398   0x0000003e   Code   RO          818    i.ble_conn_params_on_ble_evt  ble_conn_params.o
    0x0001d3d6   0x00000070   Code   RO          599    i.ble_device_addr_encode  ble_advdata.o
    0x0001d446   0x00000002   PAD
    0x0001d448   0x00000030   Code   RO            6    i.ble_evt_dispatch  main.o
    0x0001d478   0x00000020   Code   RO          347    i.ble_our_service_on_ble_evt  our_service.o
    0x0001d498   0x00000118   Code   RO            7    i.ble_stack_init    main.o
    0x0001d5b0   0x00000050   Code   RO          954    i.bond_data_load    device_manager_peripheral.o
    0x0001d600   0x00000040   Code   RO          544    i.bsp_btn_ble_init  bsp_btn_ble.o
    0x0001d640   0x00000084   Code   RO          545    i.bsp_btn_ble_on_ble_evt  bsp_btn_ble.o
    0x0001d6c4   0x0000001e   Code   RO          546    i.bsp_btn_ble_sleep_mode_prepare  bsp_btn_ble.o
    0x0001d6e2   0x00000002   PAD
    0x0001d6e4   0x000000d8   Code   RO          426    i.bsp_button_event_handler  bsp.o
    0x0001d7bc   0x00000038   Code   RO          427    i.bsp_button_is_pressed  bsp.o
    0x0001d7f4   0x00000080   Code   RO            8    i.bsp_event_handler  main.o
    0x0001d874   0x0000005c   Code   RO          431    i.bsp_event_to_button_action_assign  bsp.o
    0x0001d8d0   0x00000024   Code   RO          432    i.bsp_indication_set  bsp.o
    0x0001d8f4   0x000000d4   Code   RO          434    i.bsp_init          bsp.o
    0x0001d9c8   0x00000568   Code   RO          435    i.bsp_led_indication  bsp.o
    0x0001df30   0x0000005c   Code   RO          436    i.bsp_wakeup_buttons_set  bsp.o
    0x0001df8c   0x0000000e   Code   RO          437    i.button_timer_handler  bsp.o
    0x0001df9a   0x00000002   PAD
    0x0001df9c   0x0000007c   Code   RO            9    i.buttons_leds_init  main.o
    0x0001e018   0x00000020   Code   RO         1371    i.channel_free      nrf_drv_gpiote.o
    0x0001e038   0x00000010   Code   RO         1372    i.channel_handler_get  nrf_drv_gpiote.o
    0x0001e048   0x00000078   Code   RO         1373    i.channel_port_alloc  nrf_drv_gpiote.o
    0x0001e0c0   0x0000000c   Code   RO         1374    i.channel_port_get  nrf_drv_gpiote.o
    0x0001e0cc   0x00000114   Code   RO         1825    i.clear_operation_execute  pstorage.o
    0x0001e1e0   0x00000028   Code   RO         1826    i.clear_post_processing_run  pstorage.o
    0x0001e208   0x00000048   Code   RO         1827    i.cmd_process       pstorage.o
    0x0001e250   0x00000014   Code   RO         1828    i.cmd_queue_dequeue  pstorage.o
    0x0001e264   0x0000003c   Code   RO         1829    i.cmd_queue_element_init  pstorage.o
    0x0001e2a0   0x00000084   Code   RO         1830    i.cmd_queue_enqueue  pstorage.o
    0x0001e324   0x00000020   Code   RO         1831    i.cmd_queue_init    pstorage.o
    0x0001e344   0x00000028   Code   RO         1832    i.command_end_procedure_run  pstorage.o
    0x0001e36c   0x0000002c   Code   RO         1833    i.command_queue_element_consume  pstorage.o
    0x0001e398   0x0000008c   Code   RO         2281    i.compare_reg_update  app_timer.o
    0x0001e424   0x0000005c   Code   RO          600    i.conn_int_check    ble_advdata.o
    0x0001e480   0x0000006a   Code   RO          601    i.conn_int_encode   ble_advdata.o
    0x0001e4ea   0x00000002   PAD
    0x0001e4ec   0x00000024   Code   RO           10    i.conn_params_error_handler  main.o
    0x0001e510   0x0000006c   Code   RO           11    i.conn_params_init  main.o
    0x0001e57c   0x00000094   Code   RO          820    i.conn_params_negotiation  ble_conn_params.o
    0x0001e610   0x0000005a   Code   RO          547    i.connection_buttons_configure  bsp_btn_ble.o
    0x0001e66a   0x00000002   PAD
    0x0001e66c   0x00000048   Code   RO          955    i.connection_instance_find  device_manager_peripheral.o
    0x0001e6b4   0x00000038   Code   RO          956    i.connection_instance_init  device_manager_peripheral.o
    0x0001e6ec   0x0000005c   Code   RO         2282    i.current_int_priority_get  app_timer.o
    0x0001e748   0x00000084   Code   RO         1834    i.data_page_erase_state_run  pstorage.o
    0x0001e7cc   0x00000038   Code   RO         1835    i.data_to_swap_write_state_run  pstorage.o
    0x0001e804   0x0000008c   Code   RO         2157    i.detection_delay_timeout_handler  app_button.o
    0x0001e890   0x000000d0   Code   RO          957    i.device_context_store  device_manager_peripheral.o
    0x0001e960   0x0000007c   Code   RO          958    i.device_instance_allocate  device_manager_peripheral.o
    0x0001e9dc   0x00000058   Code   RO          959    i.device_instance_find  device_manager_peripheral.o
    0x0001ea34   0x00000030   Code   RO          960    i.device_instance_free  device_manager_peripheral.o
    0x0001ea64   0x00000038   Code   RO           12    i.device_manager_evt_handler  main.o
    0x0001ea9c   0x000000d8   Code   RO           13    i.device_manager_init  main.o
    0x0001eb74   0x00000650   Code   RO          965    i.dm_ble_evt_handler  device_manager_peripheral.o
    0x0001f1c4   0x0000001c   Code   RO          971    i.dm_handle_initialize  device_manager_peripheral.o
    0x0001f1e0   0x00000108   Code   RO          972    i.dm_init           device_manager_peripheral.o
    0x0001f2e8   0x00000250   Code   RO          975    i.dm_pstorage_cb_handler  device_manager_peripheral.o
    0x0001f538   0x000000bc   Code   RO          976    i.dm_register       device_manager_peripheral.o
    0x0001f5f4   0x00000064   Code   RO         2283    i.elapsed_ticks_acquire  app_timer.o
    0x0001f658   0x00000044   Code   RO         1836    i.erase_sub_state_sm_run  pstorage.o
    0x0001f69c   0x0000005c   Code   RO         2284    i.expired_timers_handler  app_timer.o
    0x0001f6f8   0x00000036   Code   RO          602    i.flags_encode      ble_advdata.o
    0x0001f72e   0x0000003c   Code   RO          724    i.flash_access_in_progress  ble_advertising.o
    0x0001f76a   0x00000002   PAD
    0x0001f76c   0x00000030   Code   RO         1837    i.flash_api_err_code_process  pstorage.o
    0x0001f79c   0x00000040   Code   RO         1838    i.flash_operation_failure_run  pstorage.o
    0x0001f7dc   0x00000030   Code   RO         1839    i.flash_operation_success_run  pstorage.o
    0x0001f80c   0x00000010   Code   RO         1840    i.flash_page_erase  pstorage.o
    0x0001f81c   0x00000018   Code   RO         1841    i.flash_write       pstorage.o
    0x0001f834   0x00000010   Code   RO         2774    i.fputc             retarget.o
    0x0001f844   0x00000018   Code   RO         2564    i.fs_queued_op_count_get  fstorage.o
    0x0001f85c   0x000000a0   Code   RO           14    i.gap_params_init   main.o
    0x0001f8fc   0x00000006   Code   RO          983    i.gattc_context_apply  device_manager_peripheral.o
    0x0001f902   0x00000006   Code   RO          984    i.gattc_context_load  device_manager_peripheral.o
    0x0001f908   0x00000006   Code   RO          985    i.gattc_context_store  device_manager_peripheral.o
    0x0001f90e   0x00000002   PAD
    0x0001f910   0x000000f4   Code   RO          986    i.gatts_context_apply  device_manager_peripheral.o
    0x0001fa04   0x00000048   Code   RO          987    i.gatts_context_load  device_manager_peripheral.o
    0x0001fa4c   0x000000dc   Code   RO          988    i.gatts_context_store  device_manager_peripheral.o
    0x0001fb28   0x0000001a   Code   RO          989    i.gattsc_context_apply  device_manager_peripheral.o
    0x0001fb42   0x0000001e   Code   RO          990    i.gattsc_context_load  device_manager_peripheral.o
    0x0001fb60   0x0000001e   Code   RO          991    i.gattsc_context_store  device_manager_peripheral.o
    0x0001fb7e   0x00000002   PAD
    0x0001fb80   0x00000080   Code   RO         2158    i.gpiote_event_handler  app_button.o
    0x0001fc00   0x00000070   Code   RO         1842    i.head_restore_state_run  pstorage.o
    0x0001fc70   0x000000c0   Code   RO         2989    i.intern_softdevice_events_execute  softdevice_handler.o
    0x0001fd30   0x00000024   Code   RO          821    i.is_conn_params_ok  ble_conn_params.o
    0x0001fd54   0x00000038   Code   RO         3102    i.is_disabled_in_debug_needed  system_nrf51.o
    0x0001fd8c   0x0000006c   Code   RO         3103    i.is_manual_peripheral_setup_needed  system_nrf51.o
    0x0001fdf8   0x00000058   Code   RO         1843    i.is_page_erase_required  pstorage.o
    0x0001fe50   0x00000054   Code   RO         3104    i.is_peripheral_domain_setup_needed  system_nrf51.o
    0x0001fea4   0x00000050   Code   RO         1844    i.is_tail_data_page_swap_required  pstorage.o
    0x0001fef4   0x00000012   Code   RO         1845    i.is_word_aligned   pstorage.o
    0x0001ff06   0x0000006a   Code   RO          603    i.le_role_encode    ble_advdata.o
    0x0001ff70   0x00000024   Code   RO          438    i.leds_timer_handler  bsp.o
    0x0001ff94   0x00000094   Code   RO         2285    i.list_deletions_handler  app_timer.o
    0x00020028   0x00000110   Code   RO         2286    i.list_insertions_handler  app_timer.o
    0x00020138   0x000000a8   Code   RO           15    i.main              main.o
    0x000201e0   0x00000020   Code   RO         1846    i.main_state_err_busy_process  pstorage.o
    0x00020200   0x00000078   Code   RO          604    i.manuf_specific_data_encode  ble_advdata.o
    0x00020278   0x000000c6   Code   RO          605    i.name_encode       ble_advdata.o
    0x0002033e   0x00000006   Code   RO          992    i.no_service_context_apply  device_manager_peripheral.o
    0x00020344   0x00000006   Code   RO          993    i.no_service_context_load  device_manager_peripheral.o
    0x0002034a   0x00000006   Code   RO          994    i.no_service_context_store  device_manager_peripheral.o
    0x00020350   0x00000038   Code   RO         1333    i.nrf_drv_common_irq_enable  nrf_drv_common.o
    0x00020388   0x000000c8   Code   RO         1377    i.nrf_drv_gpiote_in_event_enable  nrf_drv_gpiote.o
    0x00020450   0x000000f4   Code   RO         1378    i.nrf_drv_gpiote_in_init  nrf_drv_gpiote.o
    0x00020544   0x00000020   Code   RO         1379    i.nrf_drv_gpiote_in_is_set  nrf_drv_gpiote.o
    0x00020564   0x00000050   Code   RO         1381    i.nrf_drv_gpiote_init  nrf_drv_gpiote.o
    0x000205b4   0x00000014   Code   RO         1382    i.nrf_drv_gpiote_is_init  nrf_drv_gpiote.o
    0x000205c8   0x00000094   Code   RO         1608    i.nrf_drv_uart_init  nrf_drv_uart.o
    0x0002065c   0x00000070   Code   RO         1609    i.nrf_drv_uart_rx   nrf_drv_uart.o
    0x000206cc   0x0000001c   Code   RO         1612    i.nrf_drv_uart_rx_enable  nrf_drv_uart.o
    0x000206e8   0x000000c0   Code   RO         1613    i.nrf_drv_uart_rx_for_uart  nrf_drv_uart.o
    0x000207a8   0x00000028   Code   RO         1614    i.nrf_drv_uart_tx   nrf_drv_uart.o
    0x000207d0   0x00000098   Code   RO         1616    i.nrf_drv_uart_tx_for_uart  nrf_drv_uart.o
    0x00020868   0x00000014   Code   RO         1617    i.nrf_drv_uart_tx_in_progress  nrf_drv_uart.o
    0x0002087c   0x00000026   Code   RO         1394    i.nrf_gpio_cfg      nrf_drv_gpiote.o
    0x000208a2   0x00000026   Code   RO         1619    i.nrf_gpio_cfg      nrf_drv_uart.o
    0x000208c8   0x0000001a   Code   RO         1621    i.nrf_gpio_cfg_input  nrf_drv_uart.o
    0x000208e2   0x00000018   Code   RO         1622    i.nrf_gpio_cfg_output  nrf_drv_uart.o
    0x000208fa   0x00000046   Code   RO         1396    i.nrf_gpio_cfg_sense_set  nrf_drv_gpiote.o
    0x00020940   0x00000010   Code   RO         1623    i.nrf_gpio_pin_set  nrf_drv_uart.o
    0x00020950   0x0000000c   Code   RO         1399    i.nrf_gpiote_event_addr_get  nrf_drv_gpiote.o
    0x0002095c   0x00000010   Code   RO         1400    i.nrf_gpiote_event_clear  nrf_drv_gpiote.o
    0x0002096c   0x00000016   Code   RO         1401    i.nrf_gpiote_event_is_set  nrf_drv_gpiote.o
    0x00020982   0x00000002   PAD
    0x00020984   0x0000000c   Code   RO         1402    i.nrf_gpiote_int_enable  nrf_drv_gpiote.o
    0x00020990   0x00000014   Code   RO         1624    i.nrf_uart_errorsrc_get_and_clear  nrf_drv_uart.o
    0x000209a4   0x00000010   Code   RO         1625    i.nrf_uart_event_check  nrf_drv_uart.o
    0x000209b4   0x00000006   Code   RO         1626    i.nrf_uart_event_clear  nrf_drv_uart.o
    0x000209ba   0x00000012   Code   RO         1627    i.nrf_uart_hwfc_pins_set  nrf_drv_uart.o
    0x000209cc   0x0000000a   Code   RO         1628    i.nrf_uart_int_disable  nrf_drv_uart.o
    0x000209d6   0x0000000a   Code   RO         1629    i.nrf_uart_int_enable  nrf_drv_uart.o
    0x000209e0   0x00000018   Code   RO         1630    i.nrf_uart_int_enable_check  nrf_drv_uart.o
    0x000209f8   0x00000006   Code   RO         1631    i.nrf_uart_task_trigger  nrf_drv_uart.o
    0x000209fe   0x00000012   Code   RO         1632    i.nrf_uart_txrx_pins_set  nrf_drv_uart.o
    0x00020a10   0x0000004c   Code   RO           16    i.on_adv_evt        main.o
    0x00020a5c   0x00000078   Code   RO           17    i.on_ble_evt        main.o
    0x00020ad4   0x00000044   Code   RO           18    i.on_conn_params_evt  main.o
    0x00020b18   0x00000018   Code   RO          822    i.on_conn_params_update  ble_conn_params.o
    0x00020b30   0x0000003c   Code   RO          823    i.on_connect        ble_conn_params.o
    0x00020b6c   0x00000044   Code   RO          824    i.on_disconnect     ble_conn_params.o
    0x00020bb0   0x0000005c   Code   RO          825    i.on_write          ble_conn_params.o
    0x00020c0c   0x000001d4   Code   RO          348    i.our_char_add      our_service.o
    0x00020de0   0x00000088   Code   RO          349    i.our_service_init  our_service.o
    0x00020e68   0x00000044   Code   RO          350    i.our_termperature_characteristic_update  our_service.o
    0x00020eac   0x0000001a   Code   RO          725    i.peer_address_exists  ble_advertising.o
    0x00020ec6   0x00000002   PAD
    0x00020ec8   0x0000005c   Code   RO          995    i.peer_instance_init  device_manager_peripheral.o
    0x00020f24   0x0000001c   Code   RO         1404    i.pin_in_use_by_gpiote  nrf_drv_gpiote.o
    0x00020f40   0x00000018   Code   RO         1405    i.pin_in_use_by_port  nrf_drv_gpiote.o
    0x00020f58   0x00000020   Code   RO         1406    i.pin_in_use_by_te  nrf_drv_gpiote.o
    0x00020f78   0x00000010   Code   RO         1407    i.pin_in_use_clear  nrf_drv_gpiote.o
    0x00020f88   0x00000034   Code   RO           19    i.power_manage      main.o
    0x00020fbc   0x00000030   Code   RO         1847    i.pstorage_access_status_get  pstorage.o
    0x00020fec   0x000000a4   Code   RO         1848    i.pstorage_block_identifier_get  pstorage.o
    0x00021090   0x00000118   Code   RO         1849    i.pstorage_clear    pstorage.o
    0x000211a8   0x00000028   Code   RO         1850    i.pstorage_flash_page_end  pstorage.o
    0x000211d0   0x0000000a   Code   RO         1851    i.pstorage_flash_page_size  pstorage.o
    0x000211da   0x00000002   PAD
    0x000211dc   0x00000088   Code   RO         1852    i.pstorage_init     pstorage.o
    0x00021264   0x000000fc   Code   RO         1853    i.pstorage_load     pstorage.o
    0x00021360   0x00000120   Code   RO         1854    i.pstorage_register  pstorage.o
    0x00021480   0x000000e0   Code   RO         1855    i.pstorage_store    pstorage.o
    0x00021560   0x0000004c   Code   RO         1856    i.pstorage_sys_event_handler  pstorage.o
    0x000215ac   0x000000e0   Code   RO         1857    i.pstorage_update   pstorage.o
    0x0002168c   0x0000000c   Code   RO         2287    i.rtc1_compare0_set  app_timer.o
    0x00021698   0x0000000c   Code   RO         2288    i.rtc1_counter_get  app_timer.o
    0x000216a4   0x00000018   Code   RO         2289    i.rtc1_init         app_timer.o
    0x000216bc   0x0000003c   Code   RO         2290    i.rtc1_start        app_timer.o
    0x000216f8   0x00000058   Code   RO         2291    i.rtc1_stop         app_timer.o
    0x00021750   0x0000005c   Code   RO         1634    i.rx_byte           nrf_drv_uart.o
    0x000217ac   0x00000024   Code   RO         1635    i.rx_done_event     nrf_drv_uart.o
    0x000217d0   0x00000024   Code   RO         1636    i.rx_enable         nrf_drv_uart.o
    0x000217f4   0x0000001c   Code   RO         2990    i.sd_check_ram_start  softdevice_handler.o
    0x00021810   0x000000d0   Code   RO         2991    i.sd_nvic_EnableIRQ  softdevice_handler.o
    0x000218e0   0x00000036   Code   RO          606    i.sec_mgr_oob_flags_encode  ble_advdata.o
    0x00021916   0x00000096   Code   RO          607    i.service_data_encode  ble_advdata.o
    0x000219ac   0x00000010   Code   RO           20    i.services_init     main.o
    0x000219bc   0x00000074   Code   RO           21    i.sleep_mode_enter  main.o
    0x00021a30   0x00000014   Code   RO         1858    i.sm_state_change   pstorage.o
    0x00021a44   0x0000001c   Code   RO         2992    i.softdevice_ble_evt_handler_set  softdevice_handler.o
    0x00021a60   0x0000001c   Code   RO         2993    i.softdevice_enable  softdevice_handler.o
    0x00021a7c   0x0000002e   Code   RO         2994    i.softdevice_enable_get_default_config  softdevice_handler.o
    0x00021aaa   0x00000014   Code   RO         2995    i.softdevice_fault_handler  softdevice_handler.o
    0x00021abe   0x00000002   PAD
    0x00021ac0   0x0000006c   Code   RO         2996    i.softdevice_handler_init  softdevice_handler.o
    0x00021b2c   0x0000001c   Code   RO         2999    i.softdevice_sys_evt_handler_set  softdevice_handler.o
    0x00021b48   0x00000010   Code   RO          608    i.srdata_check      ble_advdata.o
    0x00021b58   0x00000054   Code   RO          548    i.startup_event_extract  bsp_btn_ble.o
    0x00021bac   0x00000010   Code   RO         1859    i.state_data_erase_entry_run  pstorage.o
    0x00021bbc   0x00000098   Code   RO         1860    i.state_data_erase_swap_entry_run  pstorage.o
    0x00021c54   0x0000003c   Code   RO         1861    i.state_entry_action_run  pstorage.o
    0x00021c90   0x00000010   Code   RO         1862    i.state_erase_data_page_entry_run  pstorage.o
    0x00021ca0   0x0000001c   Code   RO         1863    i.state_idle_entry_run  pstorage.o
    0x00021cbc   0x00000034   Code   RO         1864    i.state_restore_head_entry_run  pstorage.o
    0x00021cf0   0x00000054   Code   RO         1865    i.state_restore_tail_entry_run  pstorage.o
    0x00021d44   0x00000008   Code   RO         1866    i.state_store_entry_run  pstorage.o
    0x00021d4c   0x00000026   Code   RO         1867    i.state_swap_erase_entry_run  pstorage.o
    0x00021d72   0x00000002   PAD
    0x00021d74   0x00000034   Code   RO         1868    i.state_write_data_swap_entry_run  pstorage.o
    0x00021da8   0x00000008   Code   RO          996    i.storage_operation_dummy_handler  device_manager_peripheral.o
    0x00021db0   0x00000064   Code   RO         1869    i.store_cmd_flash_write_execute  pstorage.o
    0x00021e14   0x0000000a   Code   RO         1870    i.store_operation_execute  pstorage.o
    0x00021e1e   0x00000002   PAD
    0x00021e20   0x0000004c   Code   RO         1871    i.store_sub_state_sm_run  pstorage.o
    0x00021e6c   0x00000020   Code   RO         1872    i.swap_erase_state_run  pstorage.o
    0x00021e8c   0x00000008   Code   RO         1873    i.swap_sub_sm_exit_action_run  pstorage.o
    0x00021e94   0x00000018   Code   RO         1874    i.swap_sub_state_entry_action_run  pstorage.o
    0x00021eac   0x00000020   Code   RO         1875    i.swap_sub_state_err_busy_process  pstorage.o
    0x00021ecc   0x00000018   Code   RO         1876    i.swap_sub_state_sm_run  pstorage.o
    0x00021ee4   0x00000014   Code   RO         1877    i.swap_sub_state_state_change  pstorage.o
    0x00021ef8   0x00000012   Code   RO           22    i.sys_evt_dispatch  main.o
    0x00021f0a   0x00000002   PAD
    0x00021f0c   0x00000020   Code   RO         1878    i.tail_restore_state_run  pstorage.o
    0x00021f2c   0x00000058   Code   RO         1879    i.tail_word_size_calculate  pstorage.o
    0x00021f84   0x0000000a   Code   RO         2292    i.ticks_diff_get    app_timer.o
    0x00021f8e   0x00000002   PAD
    0x00021f90   0x0000007c   Code   RO         2293    i.timeout_handler_exec  app_timer.o
    0x0002200c   0x00000058   Code   RO         2294    i.timer_list_handler  app_timer.o
    0x00022064   0x0000000a   Code   RO         2295    i.timer_list_handler_sched  app_timer.o
    0x0002206e   0x00000002   PAD
    0x00022070   0x0000006c   Code   RO         2296    i.timer_list_insert  app_timer.o
    0x000220dc   0x00000070   Code   RO         2297    i.timer_list_remove  app_timer.o
    0x0002214c   0x00000058   Code   RO         2298    i.timer_start_op_schedule  app_timer.o
    0x000221a4   0x00000040   Code   RO         2300    i.timer_stop_op_schedule  app_timer.o
    0x000221e4   0x00000050   Code   RO           23    i.timer_timeout_handler  main.o
    0x00022234   0x00000094   Code   RO         2301    i.timer_timeouts_check  app_timer.o
    0x000222c8   0x0000000a   Code   RO         2302    i.timer_timeouts_check_sched  app_timer.o
    0x000222d2   0x00000002   PAD
    0x000222d4   0x00000054   Code   RO           24    i.timers_init       main.o
    0x00022328   0x00000046   Code   RO          609    i.tk_value_encode   ble_advdata.o
    0x0002236e   0x00000002   PAD
    0x00022370   0x00000038   Code   RO         1637    i.tx_byte           nrf_drv_uart.o
    0x000223a8   0x0000002c   Code   RO         1638    i.tx_done_event     nrf_drv_uart.o
    0x000223d4   0x00000036   Code   RO          610    i.tx_power_level_encode  ble_advdata.o
    0x0002240a   0x00000002   PAD
    0x0002240c   0x00000070   Code   RO           25    i.uart_config       main.o
    0x0002247c   0x00000078   Code   RO         1228    i.uart_event_handler  app_uart.o
    0x000224f4   0x0000004c   Code   RO           26    i.uart_events_handler  main.o
    0x00022540   0x00000174   Code   RO         1639    i.uart_irq_handler  nrf_drv_uart.o
    0x000226b4   0x00000012   Code   RO          611    i.uint16_encode     ble_advdata.o
    0x000226c6   0x00000008   Code   RO         1880    i.update_operation_execute  pstorage.o
    0x000226ce   0x00000002   PAD
    0x000226d0   0x00000014   Code   RO          997    i.update_status_bit_reset  device_manager_peripheral.o
    0x000226e4   0x0000009c   Code   RO          826    i.update_timeout_handler  ble_conn_params.o
    0x00022780   0x00000022   Code   RO         2303    i.user_id_get       app_timer.o
    0x000227a2   0x0000002e   Code   RO         2304    i.user_op_alloc     app_timer.o
    0x000227d0   0x00000004   Code   RO         2305    i.user_op_enque     app_timer.o
    0x000227d4   0x0000004c   Code   RO          612    i.uuid_list_encode  ble_advdata.o
    0x00022820   0x000000e0   Code   RO          613    i.uuid_list_sized_encode  ble_advdata.o
    0x00022900   0x00000016   Code   RO          726    i.whitelist_has_entries  ble_advertising.o
    0x00022916   0x00000002   PAD
    0x00022918   0x00000014   Data   RO           28    .constdata          main.o
    0x0002292c   0x00000020   Data   RO          351    .constdata          our_service.o
    0x0002294c   0x0000003c   Data   RO          440    .constdata          bsp.o
    0x00022988   0x00000004   Data   RO          828    .constdata          ble_conn_params.o
    0x0002298c   0x00000034   Data   RO          999    .constdata          device_manager_peripheral.o
    0x000229c0   0x00000020   Data   RO         1229    .constdata          app_uart.o
    0x000229e0   0x00000020   Data   RO         1641    .constdata          nrf_drv_uart.o
    0x00022a00   0x00000028   Data   RO         1882    .constdata          pstorage.o
    0x00022a28   0x00000008   Data   RO         2160    .constdata          app_button.o
    0x00022a30   0x0000004c   Data   RO         1000    .conststring        device_manager_peripheral.o
    0x00022a7c   0x00000057   Data   RO         3000    .conststring        softdevice_handler.o
    0x00022ad3   0x00000001   PAD
    0x00022ad4   0x00000020   Data   RO         3464    Region$$Table       anon$$obj.o


    Execution Region RW_IRAM1 (Base: 0x20002080, Size: 0x00001128, Max: 0x00005f80, ABSOLUTE)

    Base Addr    Size         Type   Attr      Idx    E Section Name        Object

    0x20002080   0x00000009   Data   RW           29    .data               main.o
    0x20002089   0x00000003   PAD
    0x2000208c   0x00000019   Data   RW          441    .data               bsp.o
    0x200020a5   0x00000003   PAD
    0x200020a8   0x00000008   Data   RW          549    .data               bsp_btn_ble.o
    0x200020b0   0x00000020   Data   RW          728    .data               ble_advertising.o
    0x200020d0   0x00000015   Data   RW          829    .data               ble_conn_params.o
    0x200020e5   0x00000003   PAD
    0x200020e8   0x00000014   Data   RW         1001    .data               device_manager_peripheral.o
    0x200020fc   0x00000008   Data   RW         1230    .data               app_uart.o
    0x20002104   0x00000028   Data   RW         1883    .data               pstorage.o
    0x2000212c   0x00000014   Data   RW         2161    .data               app_button.o
    0x20002140   0x00000022   Data   RW         2306    .data               app_timer.o
    0x20002162   0x00000002   PAD
    0x20002164   0x00000008   Data   RW         2775    .data               retarget.o
    0x2000216c   0x00000020   Data   RW         3001    .data               softdevice_handler.o
    0x2000218c   0x00000004   Data   RW         3105    .data               system_nrf51.o
    0x20002190   0x0000033c   Zero   RW           27    .bss                main.o
    0x200024cc   0x0000006c   Zero   RW          439    .bss                bsp.o
    0x20002538   0x00000103   Zero   RW          727    .bss                ble_advertising.o
    0x2000263b   0x00000001   PAD
    0x2000263c   0x0000003c   Zero   RW          827    .bss                ble_conn_params.o
    0x20002678   0x0000014f   Zero   RW          998    .bss                device_manager_peripheral.o
    0x200027c7   0x00000001   PAD
    0x200027c8   0x00000048   Zero   RW         1408    .bss                nrf_drv_gpiote.o
    0x20002810   0x0000001c   Zero   RW         1640    .bss                nrf_drv_uart.o
    0x2000282c   0x000000e4   Zero   RW         1881    .bss                pstorage.o
    0x20002910   0x00000020   Zero   RW         2159    .bss                app_button.o
    0x20002930   0x00000020   Zero   RW         2214    .bss                app_error.o
    0x20002950   0x00000058   Zero   RW         2575    .bss                fstorage.o
    0x200029a8   0x00000800   Zero   RW         3091    STACK               arm_startup_nrf51.o


==============================================================================

Image component sizes


      Code (inc. data)   RO Data    RW Data    ZI Data      Debug   Object Name

       484         78          8         20         32       9310   app_button.o
       172         12          0          0         32       4198   app_error.o
        26          0          0          0          0        782   app_error_weak.o
      2548        340          0         34          0      39203   app_timer.o
       316         40         32          8          0      10612   app_uart.o
        56         18        192          0       2048        752   arm_startup_nrf51.o
      2206          4          0          0          0      25228   ble_advdata.o
      1692        168          0         32        259      18789   ble_advertising.o
       766        126          4         21         60      19584   ble_conn_params.o
      2202        184         60         25        108      19789   bsp.o
       490         20          0          8          0       6721   bsp_btn_ble.o
      4170        308        128         20        335      34165   device_manager_peripheral.o
        24          4          0          0         88       3544   fstorage.o
      2260        512         20          9        828     108187   main.o
       176         18          0          0          0       9332   nrf_drv_common.o
      1526        114          0          0         72      26376   nrf_drv_gpiote.o
      1680        112         32          0         28      31258   nrf_drv_uart.o
       704        148         32          0          0      42425   our_service.o
      4308        438         40         40        228      49530   pstorage.o
        16          0          0          8          0       2974   retarget.o
       746         96         87         32          0      24549   softdevice_handler.o
       348         38          0          4          0       2867   system_nrf51.o

    ----------------------------------------------------------------------
     26968       2778        668        272       4120     490175   Object Totals
         0          0         32          0          0          0   (incl. Generated)
        52          0          1         11          2          0   (incl. Padding)

    ----------------------------------------------------------------------

      Code (inc. data)   RO Data    RW Data    ZI Data      Debug   Library Member Name

         0          0          0          0          0          0   entry.o
         0          0          0          0          0          0   entry10a.o
         0          0          0          0          0          0   entry11a.o
         8          4          0          0          0          0   entry2.o
         4          0          0          0          0          0   entry5.o
         0          0          0          0          0          0   entry7b.o
         0          0          0          0          0          0   entry8b.o
         8          4          0          0          0          0   entry9a.o
        30          0          0          0          0          0   handlers.o
        40          0          0          0          0         72   idiv.o
        36          8          0          0          0         68   init.o
         0          0          0          0          0          0   iusefp.o
        32          0          0          0          0         68   llshl.o
        38          0          0          0          0         68   llsshr.o
        34          0          0          0          0         68   llushr.o
        26          0          0          0          0         72   memcmp.o
        36          0          0          0          0         60   memcpya.o
        36          0          0          0          0        100   memseta.o
      2224         98          0          0          0        412   printfa.o
        44          0          0          0          0         72   uidiv.o
        96          0          0          0          0         84   uldiv.o
        40          2          0          0          0         68   cdrcmple.o
       356          4          0          0          0        140   dadd.o
       240          6          0          0          0         84   ddiv.o
       236          0          0          0          0        216   depilogue.o
        64         10          0          0          0         68   dfixul.o
       208          6          0          0          0         88   dmul.o

    ----------------------------------------------------------------------
      3840        142          0          0          0       1808   Library Totals
         4          0          0          0          0          0   (incl. Padding)

    ----------------------------------------------------------------------

      Code (inc. data)   RO Data    RW Data    ZI Data      Debug   Library Name

      2692        114          0          0          0       1144   mc_p.l
      1144         28          0          0          0        664   mf_p.l

    ----------------------------------------------------------------------
      3840        142          0          0          0       1808   Library Totals

    ----------------------------------------------------------------------

==============================================================================


      Code (inc. data)   RO Data    RW Data    ZI Data      Debug   

     30808       2920        668        272       4120     479183   Grand Totals
     30808       2920        668        272       4120     479183   ELF Image Totals
     30808       2920        668        272          0          0   ROM Totals

==============================================================================

    Total RO  Size (Code + RO Data)                31476 (  30.74kB)
    Total RW  Size (RW Data + ZI Data)              4392 (   4.29kB)
    Total ROM Size (Code + RO Data + RW Data)      31748 (  31.00kB)

==============================================================================

