<html>
<body>
<pre>
<h1>µVision Build Log</h1>
<h2>Tool Versions:</h2>
IDE-Version: µVision V5.18a
Copyright (C) 2016 ARM Ltd and ARM Germany GmbH. All rights reserved.
License Information: Thomas Mayo-Smith, Carnegie Institute of Technology, LIC=----
 
Tool Versions:
Toolchain:       MDK-Lite  Version: 5.18a
Toolchain Path:  C:\Keil_v5\ARM\ARMCC\Bin
C Compiler:      Armcc.exe V5.06 update 1 (build 61)
Assembler:       Armasm.exe V5.06 update 1 (build 61)
Linker/Locator:  ArmLink.exe V5.06 update 1 (build 61)
Library Manager: ArmAr.exe V5.06 update 1 (build 61)
Hex Converter:   FromElf.exe V5.06 update 1 (build 61)
CPU DLL:         
Dialog DLL:      
Target DLL:      Segger\JL2CM3.dll V2.99.19.0
Dialog DLL:      TARMCM1.DLL V1.9.0.0
 
<h2>Project:</h2>
C:\Users\admin\Desktop\Little-Brother\nRF5_SDK_11.0.0_89a8197\examples\ble_peripheral\FinalProject549\pca10028\s130\arm5_no_packs\nrf51-ble-tutorial-characteristic.uvprojx
Project File Date:  04/11/2016

<h2>Output:</h2>
*** Using Compiler 'V5.06 update 1 (build 61)', folder: 'C:\Keil_v5\ARM\ARMCC\Bin'
Rebuild target 'nrf51422_xxac_s130'
compiling our_service.c...
compiling device_info_service.c...
..\..\..\device_info_service.c(69): warning:  #513-D: a value of type "char *" cannot be assigned to an entity of type "uint8_t *"
      attr_name_value.p_value     = name_value;
..\..\..\device_info_service.c: 1 warning, 0 errors
compiling main.c...
..\..\..\main.c(108): warning:  #550-D: variable "previous_temperature" was set but never used
      static int32_t previous_temperature = 0;
..\..\..\main.c(544): warning:  #177-D: variable "m_adv_uuids" was declared but never referenced
  		ble_uuid_t m_adv_uuids[] = {BLE_UUID_OUR_SERVICE_UUID, BLE_UUID_TYPE_VENDOR_BEGIN};
..\..\..\main.c(560): warning:  #177-D: function "buttons_leds_init" was declared but never referenced
  static void buttons_leds_init(bool * p_erase_bonds)
..\..\..\main.c: 3 warnings, 0 errors
compiling temperature_Service.c...
..\..\..\temperature_Service.c(155): warning:  #513-D: a value of type "char *" cannot be assigned to an entity of type "uint8_t *"
      attr_name_value.p_value     = name_value;
..\..\..\temperature_Service.c(116): warning:  #550-D: variable "err_code" was set but never used
  		uint32_t   err_code = 0;
..\..\..\temperature_Service.c(167): warning:  #550-D: variable "err_code" was set but never used
  		uint32_t   err_code = 0;
..\..\..\temperature_Service.c(225): warning:  #550-D: variable "err_code" was set but never used
  		uint32_t   err_code;
..\..\..\temperature_Service.c(249): warning:  #550-D: variable "err_code" was set but never used
      uint32_t err_code;
..\..\..\temperature_Service.c(115): warning:  #177-D: function "name_char_add" was declared but never referenced
  static uint32_t name_char_add(ble_tss_t * p_our_service){
..\..\..\temperature_Service.c(166): warning:  #177-D: function "id_char_add" was declared but never referenced
  static uint32_t id_char_add(ble_tss_t * p_our_service){
..\..\..\temperature_Service.c: 7 warnings, 0 errors
compiling bsp.c...
compiling bsp_btn_ble.c...
compiling ble_advertising.c...
compiling ble_advdata.c...
compiling ble_conn_params.c...
compiling ble_srv_common.c...
compiling app_uart.c...
compiling device_manager_peripheral.c...
compiling nrf_delay.c...
compiling nrf_drv_common.c...
compiling nrf_drv_uart.c...
compiling nrf_drv_gpiote.c...
compiling pstorage.c...
compiling app_error.c...
compiling app_button.c...
compiling app_trace.c...
compiling app_error_weak.c...
compiling app_util_platform.c...
compiling fstorage.c...
compiling app_timer.c...
compiling sensorsim.c...
compiling nrf_assert.c...
compiling RTT_Syscalls_KEIL.c...
compiling nrf_log.c...
compiling retarget.c...
compiling SEGGER_RTT.c...
compiling SEGGER_RTT_printf.c...
..\..\..\..\..\..\external\segger_rtt\SEGGER_RTT_printf.c(300): warning:  #111-D: statement is unreachable
          default:  goto FilterFieldWidth;                   break;
..\..\..\..\..\..\external\segger_rtt\SEGGER_RTT_printf.c: 1 warning, 0 errors
assembling arm_startup_nrf51.s...
compiling system_nrf51.c...
compiling softdevice_handler.c...
linking...
Program Size: Code=30620 RO-data=756 RW-data=380 ZI-data=5172  
FromELF: creating hex file...
".\_build\nrf51422_xxac_s130.axf" - 0 Error(s), 12 Warning(s).

<h2>Software Packages used:</h2>

Package Vendor: ARM
                http://www.keil.com/pack/ARM.CMSIS.4.5.0.pack
                ARM::CMSIS:CORE:4.3.0
                CMSIS (Cortex Microcontroller Software Interface Standard)
   * Component: CORE Version: 4.3.0

Package Vendor: NordicSemiconductor
                http://developer.nordicsemi.com/nRF5_SDK/pieces/nRF_DeviceFamilyPack/NordicSemiconductor.nRF_DeviceFamilyPack.8.5.0.pack
                NordicSemiconductor::Device:Startup:8.5.0
                Nordic Semiconductor nRF ARM devices Device Family Pack.
   * Component: Startup Version: 8.5.0

<h2>Collection of Component include folders:</h2>
  C:\Users\admin\Desktop\Little-Brother\nRF5_SDK_11.0.0_89a8197\examples\ble_peripheral\FinalProject549\pca10028\s130\arm5_no_packs\RTE
  C:\Keil_v5\ARM\PACK\ARM\CMSIS\4.5.0\CMSIS\Include
  C:\Keil_v5\ARM\PACK\NordicSemiconductor\nRF_DeviceFamilyPack\8.5.0\Device\Include

<h2>Collection of Component Files used:</h2>

   * Component: ARM::CMSIS:CORE:4.3.0

   * Component: NordicSemiconductor::Device:Startup:8.5.0
      Source file:   Device\Source\arm\arm_startup_nrf51.s
      Source file:   Device\Source\system_nrf51.c
      Include file:  Device\Include\system_nrf51.h
Build Time Elapsed:  00:00:04
</pre>
</body>
</html>
